Component: ARM Compiler 5.06 update 5 (build 528) Tool: armlink [4d35e2]

==============================================================================

Section Cross References

    startup_stm32f10x_md.o(STACK) refers (Special) to heapauxi.o(.text) for __use_two_region_memory
    startup_stm32f10x_md.o(HEAP) refers (Special) to heapauxi.o(.text) for __use_two_region_memory
    startup_stm32f10x_md.o(RESET) refers (Special) to heapauxi.o(.text) for __use_two_region_memory
    startup_stm32f10x_md.o(RESET) refers to startup_stm32f10x_md.o(STACK) for __initial_sp
    startup_stm32f10x_md.o(RESET) refers to startup_stm32f10x_md.o(.text) for Reset_Handler
    startup_stm32f10x_md.o(RESET) refers to stm32f10x_it.o(i.NMI_Handler) for NMI_Handler
    startup_stm32f10x_md.o(RESET) refers to stm32f10x_it.o(i.HardFault_Handler) for HardFault_Handler
    startup_stm32f10x_md.o(RESET) refers to stm32f10x_it.o(i.MemManage_Handler) for MemManage_Handler
    startup_stm32f10x_md.o(RESET) refers to stm32f10x_it.o(i.BusFault_Handler) for BusFault_Handler
    startup_stm32f10x_md.o(RESET) refers to stm32f10x_it.o(i.UsageFault_Handler) for UsageFault_Handler
    startup_stm32f10x_md.o(RESET) refers to port.o(.emb_text) for SVC_Handler
    startup_stm32f10x_md.o(RESET) refers to stm32f10x_it.o(i.DebugMon_Handler) for DebugMon_Handler
    startup_stm32f10x_md.o(RESET) refers to port.o(i.SysTick_Handler) for SysTick_Handler
    startup_stm32f10x_md.o(RESET) refers to bluetooth.o(i.USART3_IRQHandler) for USART3_IRQHandler
    startup_stm32f10x_md.o(.text) refers (Special) to heapauxi.o(.text) for __use_two_region_memory
    startup_stm32f10x_md.o(.text) refers to system_stm32f10x.o(i.SystemInit) for SystemInit
    startup_stm32f10x_md.o(.text) refers to __main.o(!!!main) for __main
    startup_stm32f10x_md.o(.text) refers to startup_stm32f10x_md.o(HEAP) for Heap_Mem
    startup_stm32f10x_md.o(.text) refers to startup_stm32f10x_md.o(STACK) for Stack_Mem
    system_stm32f10x.o(i.SetSysClock) refers to system_stm32f10x.o(i.SetSysClockTo72) for SetSysClockTo72
    system_stm32f10x.o(i.SystemCoreClockUpdate) refers to system_stm32f10x.o(.data) for SystemCoreClock
    system_stm32f10x.o(i.SystemInit) refers to system_stm32f10x.o(i.SetSysClock) for SetSysClock
    event_groups.o(i.vEventGroupClearBitsCallback) refers to event_groups.o(i.xEventGroupClearBits) for xEventGroupClearBits
    event_groups.o(i.vEventGroupDelete) refers to tasks.o(i.vTaskSuspendAll) for vTaskSuspendAll
    event_groups.o(i.vEventGroupDelete) refers to tasks.o(i.vTaskRemoveFromUnorderedEventList) for vTaskRemoveFromUnorderedEventList
    event_groups.o(i.vEventGroupDelete) refers to heap_4.o(i.vPortFree) for vPortFree
    event_groups.o(i.vEventGroupDelete) refers to tasks.o(i.xTaskResumeAll) for xTaskResumeAll
    event_groups.o(i.vEventGroupSetBitsCallback) refers to event_groups.o(i.xEventGroupSetBits) for xEventGroupSetBits
    event_groups.o(i.xEventGroupClearBits) refers to port.o(i.vPortEnterCritical) for vPortEnterCritical
    event_groups.o(i.xEventGroupClearBits) refers to port.o(i.vPortExitCritical) for vPortExitCritical
    event_groups.o(i.xEventGroupCreate) refers to heap_4.o(i.pvPortMalloc) for pvPortMalloc
    event_groups.o(i.xEventGroupCreate) refers to list.o(i.vListInitialise) for vListInitialise
    event_groups.o(i.xEventGroupSetBits) refers to tasks.o(i.vTaskSuspendAll) for vTaskSuspendAll
    event_groups.o(i.xEventGroupSetBits) refers to tasks.o(i.vTaskRemoveFromUnorderedEventList) for vTaskRemoveFromUnorderedEventList
    event_groups.o(i.xEventGroupSetBits) refers to tasks.o(i.xTaskResumeAll) for xTaskResumeAll
    event_groups.o(i.xEventGroupSync) refers to tasks.o(i.vTaskSuspendAll) for vTaskSuspendAll
    event_groups.o(i.xEventGroupSync) refers to event_groups.o(i.xEventGroupSetBits) for xEventGroupSetBits
    event_groups.o(i.xEventGroupSync) refers to tasks.o(i.vTaskPlaceOnUnorderedEventList) for vTaskPlaceOnUnorderedEventList
    event_groups.o(i.xEventGroupSync) refers to tasks.o(i.xTaskResumeAll) for xTaskResumeAll
    event_groups.o(i.xEventGroupSync) refers to tasks.o(i.uxTaskResetEventItemValue) for uxTaskResetEventItemValue
    event_groups.o(i.xEventGroupSync) refers to port.o(i.vPortEnterCritical) for vPortEnterCritical
    event_groups.o(i.xEventGroupSync) refers to port.o(i.vPortExitCritical) for vPortExitCritical
    event_groups.o(i.xEventGroupWaitBits) refers to tasks.o(i.vTaskSuspendAll) for vTaskSuspendAll
    event_groups.o(i.xEventGroupWaitBits) refers to event_groups.o(i.prvTestWaitCondition) for prvTestWaitCondition
    event_groups.o(i.xEventGroupWaitBits) refers to tasks.o(i.vTaskPlaceOnUnorderedEventList) for vTaskPlaceOnUnorderedEventList
    event_groups.o(i.xEventGroupWaitBits) refers to tasks.o(i.xTaskResumeAll) for xTaskResumeAll
    event_groups.o(i.xEventGroupWaitBits) refers to tasks.o(i.uxTaskResetEventItemValue) for uxTaskResetEventItemValue
[...]
    gyro_orientation                         0x200000d4   Data           9  inv_mpu.o(.data)
    .data                                    0x200000e0   Section        4  stdio_streams.o(.data)
    .data                                    0x200000e4   Section        4  stdio_streams.o(.data)
    .data                                    0x200000e8   Section        4  stdio_streams.o(.data)
    .bss                                     0x200000ec   Section      200  tasks.o(.bss)
    pxReadyTasksLists                        0x200000ec   Data         100  tasks.o(.bss)
    xDelayedTaskList1                        0x20000150   Data          20  tasks.o(.bss)
    xDelayedTaskList2                        0x20000164   Data          20  tasks.o(.bss)
    xPendingReadyList                        0x20000178   Data          20  tasks.o(.bss)
    xTasksWaitingTermination                 0x2000018c   Data          20  tasks.o(.bss)
    xSuspendedTaskList                       0x200001a0   Data          20  tasks.o(.bss)
    .bss                                     0x200001b4   Section    17408  heap_4.o(.bss)
    ucHeap                                   0x200001b4   Data       17408  heap_4.o(.bss)
    .bss                                     0x200045b4   Section       16  inv_mpu_dmp_motion_driver.o(.bss)
    dmp                                      0x200045b4   Data          16  inv_mpu_dmp_motion_driver.o(.bss)
    .bss                                     0x200045c4   Section       84  stdio_streams.o(.bss)
    .bss                                     0x20004618   Section       84  stdio_streams.o(.bss)
    .bss                                     0x2000466c   Section       84  stdio_streams.o(.bss)
    .bss                                     0x200046c0   Section       96  libspace.o(.bss)
    HEAP                                     0x20004720   Section      512  startup_stm32f10x_md.o(HEAP)
    Heap_Mem                                 0x20004720   Data         512  startup_stm32f10x_md.o(HEAP)
    STACK                                    0x20004920   Section     1024  startup_stm32f10x_md.o(STACK)
    Stack_Mem                                0x20004920   Data        1024  startup_stm32f10x_md.o(STACK)
    __initial_sp                             0x20004d20   Data           0  startup_stm32f10x_md.o(STACK)

    Global Symbols

    Symbol Name                              Value     Ov Type        Size  Object(Section)

    BuildAttributes$$THM_ISAv4$P$D$K$B$S$PE$A:L22UL41UL21$X:L11$S22US41US21$IEEE1$IW$USESV6$~STKCKD$USESV7$~SHL$OTIME$ROPI$IEEEX$EBA8$UX$STANDARDLIB$REQ8$PRES8$EABIv2 0x00000000   Number         0  anon$$obj.o ABSOLUTE
    __ARM_use_no_argv                        0x00000000   Number         0  main.o ABSOLUTE
    _printf_flags                            0x00000000   Number         0  printf_stubs.o ABSOLUTE
    _printf_return_value                     0x00000000   Number         0  printf_stubs.o ABSOLUTE
    _printf_sizespec                         0x00000000   Number         0  printf_stubs.o ABSOLUTE
    _printf_widthprec                        0x00000000   Number         0  printf_stubs.o ABSOLUTE
    __ARM_exceptions_init                     - Undefined Weak Reference
    __alloca_initialize                       - Undefined Weak Reference
    __arm_preinit_                            - Undefined Weak Reference
    __cpp_initialize__aeabi_                  - Undefined Weak Reference
    __cxa_finalize                            - Undefined Weak Reference
    __rt_locale                               - Undefined Weak Reference
    __sigvec_lookup                           - Undefined Weak Reference
    __user_heap_extent                        - Undefined Weak Reference
    _atexit_init                              - Undefined Weak Reference
    _call_atexit_fns                          - Undefined Weak Reference
    _clock_init                               - Undefined Weak Reference
    _fp_trap_init                             - Undefined Weak Reference
    _fp_trap_shutdown                         - Undefined Weak Reference
    _get_lc_collate                           - Undefined Weak Reference
    _get_lc_ctype                             - Undefined Weak Reference
    _get_lc_monetary                          - Undefined Weak Reference
    _get_lc_numeric                           - Undefined Weak Reference
    _get_lc_time                              - Undefined Weak Reference
    _getenv_init                              - Undefined Weak Reference
    _handle_redirection                       - Undefined Weak Reference
    _mutex_acquire                            - Undefined Weak Reference
    _mutex_free                               - Undefined Weak Reference
    _mutex_release                            - Undefined Weak Reference
    _printf_truncate_signed                   - Undefined Weak Reference
    _printf_truncate_unsigned                 - Undefined Weak Reference
    _rand_init                                - Undefined Weak Reference
    _signal_finish                            - Undefined Weak Reference
    _signal_init                              - Undefined Weak Reference
    __Vectors_Size                           0x000000ec   Number         0  startup_stm32f10x_md.o ABSOLUTE
    __Vectors                                0x08000000   Data           4  startup_stm32f10x_md.o(RESET)
    __Vectors_End                            0x080000ec   Data           0  startup_stm32f10x_md.o(RESET)
    __main                                   0x080000ed   Thumb Code     8  __main.o(!!!main)
    __scatterload                            0x080000f5   Thumb Code     0  __scatter.o(!!!scatter)
    __scatterload_rt2                        0x080000f5   Thumb Code    44  __scatter.o(!!!scatter)
    __scatterload_rt2_thumb_only             0x080000f5   Thumb Code     0  __scatter.o(!!!scatter)
    __scatterload_null                       0x08000103   Thumb Code     0  __scatter.o(!!!scatter)
    __scatterload_copy                       0x08000129   Thumb Code    26  __scatter_copy.o(!!handler_copy)
    __scatterload_zeroinit                   0x08000145   Thumb Code    28  __scatter_zi.o(!!handler_zi)
    _printf_d                                0x08000161   Thumb Code     0  _printf_d.o(.ARM.Collect$$_printf_percent$$00000009)
    _printf_percent                          0x08000161   Thumb Code     0  _printf_percent.o(.ARM.Collect$$_printf_percent$$00000000)
    _printf_percent_end                      0x08000167   Thumb Code     0  _printf_percent_end.o(.ARM.Collect$$_printf_percent$$00000017)
    __rt_lib_init                            0x0800016b   Thumb Code     0  libinit.o(.ARM.Collect$$libinit$$00000000)
    __rt_lib_init_fp_1                       0x0800016d   Thumb Code     0  libinit2.o(.ARM.Collect$$libinit$$00000002)
    __rt_lib_init_heap_2                     0x0800016d   Thumb Code     0  libinit2.o(.ARM.Collect$$libinit$$00000005)
    __rt_lib_init_preinit_1                  0x0800016d   Thumb Code     0  libinit2.o(.ARM.Collect$$libinit$$00000004)
    __rt_lib_init_atexit_1                   0x08000175   Thumb Code     0  libinit2.o(.ARM.Collect$$libinit$$0000001B)
    __rt_lib_init_clock_1                    0x08000175   Thumb Code     0  libinit2.o(.ARM.Collect$$libinit$$00000021)
    __rt_lib_init_fp_trap_1                  0x08000175   Thumb Code     0  libinit2.o(.ARM.Collect$$libinit$$0000001F)
    __rt_lib_init_getenv_1                   0x08000175   Thumb Code     0  libinit2.o(.ARM.Collect$$libinit$$00000023)
    __rt_lib_init_heap_1                     0x08000175   Thumb Code     0  libinit2.o(.ARM.Collect$$libinit$$0000000A)
    __rt_lib_init_lc_collate_1               0x08000175   Thumb Code     0  libinit2.o(.ARM.Collect$$libinit$$00000011)
    __rt_lib_init_lc_ctype_1                 0x08000175   Thumb Code     0  libinit2.o(.ARM.Collect$$libinit$$00000013)
    __rt_lib_init_lc_monetary_1              0x08000175   Thumb Code     0  libinit2.o(.ARM.Collect$$libinit$$00000015)
    __rt_lib_init_lc_numeric_1               0x08000175   Thumb Code     0  libinit2.o(.ARM.Collect$$libinit$$00000017)
    __rt_lib_init_lc_time_1                  0x08000175   Thumb Code     0  libinit2.o(.ARM.Collect$$libinit$$00000019)
    __rt_lib_init_rand_1                     0x08000175   Thumb Code     0  libinit2.o(.ARM.Collect$$libinit$$0000000E)
    __rt_lib_init_signal_1                   0x08000175   Thumb Code     0  libinit2.o(.ARM.Collect$$libinit$$0000001D)
    __rt_lib_init_stdio_2                    0x08000175   Thumb Code     0  libinit2.o(.ARM.Collect$$libinit$$00000024)
    __rt_lib_init_user_alloc_1               0x08000175   Thumb Code     0  libinit2.o(.ARM.Collect$$libinit$$0000000C)
    __rt_lib_init_alloca_1                   0x08000179   Thumb Code     0  libinit2.o(.ARM.Collect$$libinit$$0000002E)
    __rt_lib_init_argv_1                     0x08000179   Thumb Code     0  libinit2.o(.ARM.Collect$$libinit$$0000002C)
    __rt_lib_init_cpp_1                      0x08000179   Thumb Code     0  libinit2.o(.ARM.Collect$$libinit$$00000032)
    __rt_lib_init_exceptions_1               0x08000179   Thumb Code     0  libinit2.o(.ARM.Collect$$libinit$$00000030)
    __rt_lib_init_return                     0x08000179   Thumb Code     0  libinit2.o(.ARM.Collect$$libinit$$00000033)
    __rt_lib_init_stdio_1                    0x08000179   Thumb Code     0  libinit2.o(.ARM.Collect$$libinit$$00000025)
    __rt_lib_shutdown                        0x0800017b   Thumb Code     0  libshutdown.o(.ARM.Collect$$libshutdown$$00000000)
    __rt_lib_shutdown_cpp_1                  0x0800017d   Thumb Code     0  libshutdown2.o(.ARM.Collect$$libshutdown$$00000002)
    __rt_lib_shutdown_stdio_2                0x0800017d   Thumb Code     0  libshutdown2.o(.ARM.Collect$$libshutdown$$00000003)
    __rt_lib_shutdown_fp_trap_1              0x08000181   Thumb Code     0  libshutdown2.o(.ARM.Collect$$libshutdown$$00000007)
    __rt_lib_shutdown_heap_1                 0x08000181   Thumb Code     0  libshutdown2.o(.ARM.Collect$$libshutdown$$0000000F)
    __rt_lib_shutdown_return                 0x08000181   Thumb Code     0  libshutdown2.o(.ARM.Collect$$libshutdown$$00000010)
    __rt_lib_shutdown_signal_1               0x08000181   Thumb Code     0  libshutdown2.o(.ARM.Collect$$libshutdown$$0000000A)
    __rt_lib_shutdown_stdio_1                0x08000181   Thumb Code     0  libshutdown2.o(.ARM.Collect$$libshutdown$$00000004)
    __rt_lib_shutdown_user_alloc_1           0x08000181   Thumb Code     0  libshutdown2.o(.ARM.Collect$$libshutdown$$0000000C)
    __rt_entry                               0x08000183   Thumb Code     0  __rtentry.o(.ARM.Collect$$rtentry$$00000000)
    __rt_entry_presh_1                       0x08000183   Thumb Code     0  __rtentry2.o(.ARM.Collect$$rtentry$$00000002)
    __rt_entry_sh                            0x08000183   Thumb Code     0  __rtentry4.o(.ARM.Collect$$rtentry$$00000004)
    __rt_entry_li                            0x08000189   Thumb Code     0  __rtentry2.o(.ARM.Collect$$rtentry$$0000000A)
    __rt_entry_postsh_1                      0x08000189   Thumb Code     0  __rtentry2.o(.ARM.Collect$$rtentry$$00000009)
    __rt_entry_main                          0x0800018d   Thumb Code     0  __rtentry2.o(.ARM.Collect$$rtentry$$0000000D)
    __rt_entry_postli_1                      0x0800018d   Thumb Code     0  __rtentry2.o(.ARM.Collect$$rtentry$$0000000C)
    __rt_exit                                0x08000195   Thumb Code     0  rtexit.o(.ARM.Collect$$rtexit$$00000000)
    __rt_exit_ls                             0x08000197   Thumb Code     0  rtexit2.o(.ARM.Collect$$rtexit$$00000003)
    __rt_exit_prels_1                        0x08000197   Thumb Code     0  rtexit2.o(.ARM.Collect$$rtexit$$00000002)
    __rt_exit_exit                           0x0800019b   Thumb Code     0  rtexit2.o(.ARM.Collect$$rtexit$$00000004)
    SVC_Handler                              0x080001a1   Thumb Code    32  port.o(.emb_text)
    __asm___6_port_c_39a90d8d__prvStartFirstTask 0x080001c5   Thumb Code    28  port.o(.emb_text)
    PendSV_Handler                           0x080001e5   Thumb Code    72  port.o(.emb_text)
    vPortGetIPSR                             0x08000231   Thumb Code     6  port.o(.emb_text)
    Reset_Handler                            0x08000239   Thumb Code     8  startup_stm32f10x_md.o(.text)
    _maybe_terminate_alloc                   0x08000239   Thumb Code     0  maybetermalloc1.o(.emb_text)
    ADC1_2_IRQHandler                        0x08000253   Thumb Code     0  startup_stm32f10x_md.o(.text)
    CAN1_RX1_IRQHandler                      0x08000253   Thumb Code     0  startup_stm32f10x_md.o(.text)
    CAN1_SCE_IRQHandler                      0x08000253   Thumb Code     0  startup_stm32f10x_md.o(.text)
    DMA1_Channel1_IRQHandler                 0x08000253   Thumb Code     0  startup_stm32f10x_md.o(.text)
    DMA1_Channel2_IRQHandler                 0x08000253   Thumb Code     0  startup_stm32f10x_md.o(.text)
    DMA1_Channel3_IRQHandler                 0x08000253   Thumb Code     0  startup_stm32f10x_md.o(.text)
    DMA1_Channel4_IRQHandler                 0x08000253   Thumb Code     0  startup_stm32f10x_md.o(.text)
    DMA1_Channel5_IRQHandler                 0x08000253   Thumb Code     0  startup_stm32f10x_md.o(.text)
    DMA1_Channel6_IRQHandler                 0x08000253   Thumb Code     0  startup_stm32f10x_md.o(.text)
    DMA1_Channel7_IRQHandler                 0x08000253   Thumb Code     0  startup_stm32f10x_md.o(.text)
    EXTI0_IRQHandler                         0x08000253   Thumb Code     0  startup_stm32f10x_md.o(.text)
    EXTI15_10_IRQHandler                     0x08000253   Thumb Code     0  startup_stm32f10x_md.o(.text)
    EXTI1_IRQHandler                         0x08000253   Thumb Code     0  startup_stm32f10x_md.o(.text)
    EXTI2_IRQHandler                         0x08000253   Thumb Code     0  startup_stm32f10x_md.o(.text)
    EXTI3_IRQHandler                         0x08000253   Thumb Code     0  startup_stm32f10x_md.o(.text)
    EXTI4_IRQHandler                         0x08000253   Thumb Code     0  startup_stm32f10x_md.o(.text)
    EXTI9_5_IRQHandler                       0x08000253   Thumb Code     0  startup_stm32f10x_md.o(.text)
    FLASH_IRQHandler                         0x08000253   Thumb Code     0  startup_stm32f10x_md.o(.text)
    I2C1_ER_IRQHandler                       0x08000253   Thumb Code     0  startup_stm32f10x_md.o(.text)
    I2C1_EV_IRQHandler                       0x08000253   Thumb Code     0  startup_stm32f10x_md.o(.text)
    I2C2_ER_IRQHandler                       0x08000253   Thumb Code     0  startup_stm32f10x_md.o(.text)
    I2C2_EV_IRQHandler                       0x08000253   Thumb Code     0  startup_stm32f10x_md.o(.text)
    PVD_IRQHandler                           0x08000253   Thumb Code     0  startup_stm32f10x_md.o(.text)
    RCC_IRQHandler                           0x08000253   Thumb Code     0  startup_stm32f10x_md.o(.text)
    RTCAlarm_IRQHandler                      0x08000253   Thumb Code     0  startup_stm32f10x_md.o(.text)
    RTC_IRQHandler                           0x08000253   Thumb Code     0  startup_stm32f10x_md.o(.text)
    SPI1_IRQHandler                          0x08000253   Thumb Code     0  startup_stm32f10x_md.o(.text)
    SPI2_IRQHandler                          0x08000253   Thumb Code     0  startup_stm32f10x_md.o(.text)
    TAMPER_IRQHandler                        0x08000253   Thumb Code     0  startup_stm32f10x_md.o(.text)
    TIM1_BRK_IRQHandler                      0x08000253   Thumb Code     0  startup_stm32f10x_md.o(.text)
    TIM1_CC_IRQHandler                       0x08000253   Thumb Code     0  startup_stm32f10x_md.o(.text)
    TIM1_TRG_COM_IRQHandler                  0x08000253   Thumb Code     0  startup_stm32f10x_md.o(.text)
    TIM1_UP_IRQHandler                       0x08000253   Thumb Code     0  startup_stm32f10x_md.o(.text)
    TIM2_IRQHandler                          0x08000253   Thumb Code     0  startup_stm32f10x_md.o(.text)
    TIM3_IRQHandler                          0x08000253   Thumb Code     0  startup_stm32f10x_md.o(.text)
    TIM4_IRQHandler                          0x08000253   Thumb Code     0  startup_stm32f10x_md.o(.text)
    USART1_IRQHandler                        0x08000253   Thumb Code     0  startup_stm32f10x_md.o(.text)
    USART2_IRQHandler                        0x08000253   Thumb Code     0  startup_stm32f10x_md.o(.text)
    USBWakeUp_IRQHandler                     0x08000253   Thumb Code     0  startup_stm32f10x_md.o(.text)
    USB_HP_CAN1_TX_IRQHandler                0x08000253   Thumb Code     0  startup_stm32f10x_md.o(.text)
    USB_LP_CAN1_RX0_IRQHandler               0x08000253   Thumb Code     0  startup_stm32f10x_md.o(.text)
    WWDG_IRQHandler                          0x08000253   Thumb Code     0  startup_stm32f10x_md.o(.text)
    __user_initial_stackheap                 0x08000255   Thumb Code     0  startup_stm32f10x_md.o(.text)
    __aeabi_ldivmod                          0x08000279   Thumb Code     0  llsdiv.o(.text)
    _ll_sdiv                                 0x08000279   Thumb Code    72  llsdiv.o(.text)
    __2printf                                0x080002c1   Thumb Code    20  noretval__2printf.o(.text)
    _printf_int_dec                          0x080002d9   Thumb Code   104  _printf_dec.o(.text)
    __printf                                 0x08000351   Thumb Code   308  __printf_flags_wp.o(.text)
    memcmp                                   0x08000489   Thumb Code    88  memcmp.o(.text)
    __aeabi_memset                           0x080004e1   Thumb Code    16  aeabi_memset.o(.text)
    __aeabi_memclr4                          0x080004f1   Thumb Code     0  rt_memclr_w.o(.text)
    __aeabi_memclr8                          0x080004f1   Thumb Code     0  rt_memclr_w.o(.text)
    __rt_memclr_w                            0x080004f1   Thumb Code    78  rt_memclr_w.o(.text)
    _memset_w                                0x080004f5   Thumb Code     0  rt_memclr_w.o(.text)
    __use_two_region_memory                  0x0800053f   Thumb Code     2  heapauxi.o(.text)
    __rt_heap_escrow                         0x08000541   Thumb Code     2  heapauxi.o(.text)
    __rt_heap_expand                         0x08000543   Thumb Code     2  heapauxi.o(.text)
    __aeabi_uldivmod                         0x08000545   Thumb Code     0  lludivv7m.o(.text)
    _ll_udiv                                 0x08000545   Thumb Code   238  lludivv7m.o(.text)
    _printf_int_common                       0x08000633   Thumb Code   178  _printf_intcommon.o(.text)
    _printf_char_file                        0x080006e5   Thumb Code    32  _printf_char_file.o(.text)
    __aeabi_memclr                           0x08000709   Thumb Code     0  rt_memclr.o(.text)
    __rt_memclr                              0x08000709   Thumb Code    68  rt_memclr.o(.text)
    _memset                                  0x0800070d   Thumb Code     0  rt_memclr.o(.text)
    __aeabi_errno_addr                       0x0800074d   Thumb Code     8  rt_errno_addr_intlibspace.o(.text)
    __errno$intlibspace                      0x0800074d   Thumb Code     0  rt_errno_addr_intlibspace.o(.text)
    __rt_errno_addr$intlibspace              0x0800074d   Thumb Code     0  rt_errno_addr_intlibspace.o(.text)
    _printf_char_common                      0x0800075f   Thumb Code    32  _printf_char_common.o(.text)
    ferror                                   0x08000785   Thumb Code     8  ferror.o(.text)
    _initio                                  0x0800078d   Thumb Code   210  initio.o(.text)
    _terminateio                             0x0800085f   Thumb Code    56  initio.o(.text)
    _sys_open                                0x080008c5   Thumb Code    20  sys_io.o(.text)
    _sys_close                               0x080008d9   Thumb Code    12  sys_io.o(.text)
    _sys_write                               0x080008e5   Thumb Code    16  sys_io.o(.text)
    _sys_read                                0x080008f5   Thumb Code    14  sys_io.o(.text)
    _sys_istty                               0x08000903   Thumb Code    12  sys_io.o(.text)
    _sys_seek                                0x0800090f   Thumb Code    14  sys_io.o(.text)
    _sys_ensure                              0x0800091d   Thumb Code     2  sys_io.o(.text)
    _sys_flen                                0x0800091f   Thumb Code    12  sys_io.o(.text)
    __user_libspace                          0x0800092d   Thumb Code     8  libspace.o(.text)
    __user_perproc_libspace                  0x0800092d   Thumb Code     0  libspace.o(.text)
    __user_perthread_libspace                0x0800092d   Thumb Code     0  libspace.o(.text)
    __user_setup_stackheap                   0x08000935   Thumb Code    74  sys_stackheap_outer.o(.text)
    free                                     0x0800097f   Thumb Code    78  h1_free.o(.text)
    __flsbuf                                 0x080009cd   Thumb Code   470  flsbuf.o(.text)
    __flsbuf_byte                            0x080009cd   Thumb Code     0  flsbuf.o(.text)
    __flsbuf_wide                            0x080009cd   Thumb Code     0  flsbuf.o(.text)
    setvbuf                                  0x08000ba3   Thumb Code    70  setvbuf.o(.text)
    freopen                                  0x08000be9   Thumb Code   158  fopen.o(.text)
    fopen                                    0x08000c87   Thumb Code    74  fopen.o(.text)
    _fclose_internal                         0x08000cd5   Thumb Code    76  fclose.o(.text)
    fclose                                   0x08000cd5   Thumb Code     0  fclose.o(.text)
    exit                                     0x08000d21   Thumb Code    18  exit.o(.text)
    __rt_SIGRTRED                            0x08000d33   Thumb Code    14  defsig_rtred_outer.o(.text)
    __I$use$semihosting                      0x08000d41   Thumb Code     0  use_no_semi.o(.text)
    __use_no_semihosting_swi                 0x08000d41   Thumb Code     2  use_no_semi.o(.text)
    __semihosting_library_function           0x08000d43   Thumb Code     0  indicate_semi.o(.text)
    __rt_heap_descriptor                     0x08000d45   Thumb Code     8  rt_heap_descriptor_intlibspace.o(.text)
    __use_no_heap                            0x08000d4d   Thumb Code     2  hguard.o(.text)
    __heap$guard                             0x08000d4f   Thumb Code     2  hguard.o(.text)
    _terminate_user_alloc                    0x08000d51   Thumb Code     2  init_alloc.o(.text)
    _init_user_alloc                         0x08000d53   Thumb Code     2  init_alloc.o(.text)
    __Heap_Full                              0x08000d55   Thumb Code    34  init_alloc.o(.text)
    __Heap_Broken                            0x08000d77   Thumb Code     6  init_alloc.o(.text)
    _init_alloc                              0x08000d7d   Thumb Code    94  init_alloc.o(.text)
    malloc                                   0x08000ddb   Thumb Code    94  h1_alloc.o(.text)
    _fseek                                   0x08000e39   Thumb Code   242  fseek.o(.text)
    fseek                                    0x08000e39   Thumb Code     0  fseek.o(.text)
    _seterr                                  0x08000f31   Thumb Code    20  stdio.o(.text)
    _writebuf                                0x08000f45   Thumb Code    84  stdio.o(.text)
    _fflush                                  0x08000f99   Thumb Code    70  stdio.o(.text)
    _deferredlazyseek                        0x08000fdf   Thumb Code    60  stdio.o(.text)
    __sig_exit                               0x08001021   Thumb Code    10  defsig_exit.o(.text)
    __rt_SIGRTRED_inner                      0x0800102d   Thumb Code    14  defsig_rtred_inner.o(.text)
    strlen                                   0x08001061   Thumb Code    62  strlen.o(.text)
    _sys_exit                                0x080010a1   Thumb Code     8  sys_exit.o(.text)
    __Heap_Initialize                        0x080010ad   Thumb Code    10  h1_init.o(.text)
    __Heap_DescSize                          0x080010b7   Thumb Code     4  h1_init.o(.text)
    __Heap_ProvideMemory                     0x080010bb   Thumb Code    52  h1_extend.o(.text)
    _ftell_internal                          0x080010ef   Thumb Code    66  ftell.o(.text)
    ftell                                    0x080010ef   Thumb Code     0  ftell.o(.text)
    __default_signal_display                 0x08001131   Thumb Code    50  defsig_general.o(.text)
    __rt_SIGRTMEM                            0x08001163   Thumb Code    14  defsig_rtmem_outer.o(.text)
    _ttywrch                                 0x08001171   Thumb Code    14  sys_wrch.o(.text)
    __rt_SIGRTMEM_inner                      0x08001181   Thumb Code    22  defsig_rtmem_inner.o(.text)
    Back                                     0x080011d1   Thumb Code    50  motor.o(i.Back)
    Bluttooth_Init                           0x0800120d   Thumb Code   168  bluetooth.o(i.Bluttooth_Init)
    BusFault_Handler                         0x080012bd   Thumb Code     4  stm32f10x_it.o(i.BusFault_Handler)
    DebugMon_Handler                         0x080012c1   Thumb Code     2  stm32f10x_it.o(i.DebugMon_Handler)
    Encoder_Init                             0x080012c5   Thumb Code   242  encoder.o(i.Encoder_Init)
    Forward                                  0x080013c5   Thumb Code    50  motor.o(i.Forward)
    GPIO_Init                                0x08001401   Thumb Code   278  stm32f10x_gpio.o(i.GPIO_Init)
    GPIO_ResetBits                           0x08001517   Thumb Code     4  stm32f10x_gpio.o(i.GPIO_ResetBits)
    GPIO_SetBits                             0x0800151b   Thumb Code     4  stm32f10x_gpio.o(i.GPIO_SetBits)
    GPIO_WriteBit                            0x0800151f   Thumb Code    10  stm32f10x_gpio.o(i.GPIO_WriteBit)
    GetBuleToothData                         0x08001529   Thumb Code     8  bluetooth.o(i.GetBuleToothData)
    Get_EncoderLeft                          0x08001535   Thumb Code    16  encoder.o(i.Get_EncoderLeft)
    Get_EncoderRight                         0x08001545   Thumb Code    12  encoder.o(i.Get_EncoderRight)
    HardFault_Handler                        0x08001555   Thumb Code     4  stm32f10x_it.o(i.HardFault_Handler)
    HardWareInit                             0x08001559   Thumb Code    36  main.o(i.HardWareInit)
    Left                                     0x0800157d   Thumb Code     2  motor.o(i.Left)
    MOTOR_Init                               0x08001581   Thumb Code    62  motor.o(i.MOTOR_Init)
    MPU_IIC_Ack                              0x080015c9   Thumb Code    62  mpuiic.o(i.MPU_IIC_Ack)
    MPU_IIC_Delay                            0x08001615   Thumb Code    10  mpuiic.o(i.MPU_IIC_Delay)
    MPU_IIC_Init                             0x0800161f   Thumb Code     2  mpuiic.o(i.MPU_IIC_Init)
    MPU_IIC_NAck                             0x08001621   Thumb Code    62  mpuiic.o(i.MPU_IIC_NAck)
    MPU_IIC_Read_Byte                        0x0800166d   Thumb Code    94  mpuiic.o(i.MPU_IIC_Read_Byte)
    MPU_IIC_Send_Byte                        0x080016d9   Thumb Code    80  mpuiic.o(i.MPU_IIC_Send_Byte)
    MPU_IIC_Start                            0x08001735   Thumb Code    60  mpuiic.o(i.MPU_IIC_Start)
    MPU_IIC_Stop                             0x0800177d   Thumb Code    58  mpuiic.o(i.MPU_IIC_Stop)
    MPU_IIC_Wait_Ack                         0x080017c5   Thumb Code    86  mpuiic.o(i.MPU_IIC_Wait_Ack)
    MPU_Init                                 0x08001829   Thumb Code   122  mpu6050_1.o(i.MPU_Init)
    MPU_Read_Byte                            0x080018a3   Thumb Code    58  mpu6050_1.o(i.MPU_Read_Byte)
    MPU_Read_Len                             0x080018dd   Thumb Code   116  mpu6050_1.o(i.MPU_Read_Len)
    MPU_Set_Accel_Fsr                        0x08001951   Thumb Code    16  mpu6050_1.o(i.MPU_Set_Accel_Fsr)
    MPU_Set_Gyro_Fsr                         0x08001961   Thumb Code    16  mpu6050_1.o(i.MPU_Set_Gyro_Fsr)
    MPU_Set_LPF                              0x08001971   Thumb Code    58  mpu6050_1.o(i.MPU_Set_LPF)
    MPU_Set_Rate                             0x080019ab   Thumb Code    58  mpu6050_1.o(i.MPU_Set_Rate)
    MPU_Write_Byte                           0x080019e5   Thumb Code    68  mpu6050_1.o(i.MPU_Write_Byte)
    MPU_Write_Len                            0x08001a29   Thumb Code    96  mpu6050_1.o(i.MPU_Write_Len)
    MemManage_Handler                        0x08001a89   Thumb Code     4  stm32f10x_it.o(i.MemManage_Handler)
    NMI_Handler                              0x08001a8d   Thumb Code     2  stm32f10x_it.o(i.NMI_Handler)
    NVIC_Init                                0x08001a91   Thumb Code   100  misc.o(i.NVIC_Init)
    OLED_Clear                               0x08001b01   Thumb Code    42  oled.o(i.OLED_Clear)
    OLED_I2C_Init                            0x08001b2d   Thumb Code    76  oled.o(i.OLED_I2C_Init)
    OLED_I2C_SendByte                        0x08001b7d   Thumb Code    80  oled.o(i.OLED_I2C_SendByte)
    OLED_I2C_Start                           0x08001bd1   Thumb Code    48  oled.o(i.OLED_I2C_Start)
    OLED_I2C_Stop                            0x08001c05   Thumb Code    36  oled.o(i.OLED_I2C_Stop)
    OLED_Init                                0x08001c2d   Thumb Code   174  oled.o(i.OLED_Init)
    OLED_Pow                                 0x08001cdb   Thumb Code    20  oled.o(i.OLED_Pow)
    OLED_SetCursor                           0x08001cef   Thumb Code    34  oled.o(i.OLED_SetCursor)
    OLED_ShowChar                            0x08001d11   Thumb Code   110  oled.o(i.OLED_ShowChar)
    OLED_ShowSignedNum                       0x08001d85   Thumb Code   102  oled.o(i.OLED_ShowSignedNum)
    OLED_ShowString                          0x08001deb   Thumb Code    40  oled.o(i.OLED_ShowString)
    OLED_WriteCommand                        0x08001e13   Thumb Code    32  oled.o(i.OLED_WriteCommand)
    OLED_WriteData                           0x08001e33   Thumb Code    32  oled.o(i.OLED_WriteData)
    PWM_Init                                 0x08001e55   Thumb Code   144  pwm.o(i.PWM_Init)
    PWM_SetCompare1                          0x08001eed   Thumb Code    14  pwm.o(i.PWM_SetCompare1)
    PWM_SetCompare2                          0x08001f01   Thumb Code    14  pwm.o(i.PWM_SetCompare2)
    RCC_APB1PeriphClockCmd                   0x08001f15   Thumb Code    26  stm32f10x_rcc.o(i.RCC_APB1PeriphClockCmd)
    RCC_APB2PeriphClockCmd                   0x08001f35   Thumb Code    26  stm32f10x_rcc.o(i.RCC_APB2PeriphClockCmd)
    RCC_GetClocksFreq                        0x08001f55   Thumb Code   192  stm32f10x_rcc.o(i.RCC_GetClocksFreq)
    Right                                    0x08002029   Thumb Code     2  motor.o(i.Right)
    Stop                                     0x08002115   Thumb Code    36  motor.o(i.Stop)
    SysTick_CLKSourceConfig                  0x08002141   Thumb Code    40  misc.o(i.SysTick_CLKSourceConfig)
    SysTick_Handler                          0x08002169   Thumb Code    46  port.o(i.SysTick_Handler)
    SystemInit                               0x0800219d   Thumb Code    78  system_stm32f10x.o(i.SystemInit)
    TIM_Cmd                                  0x080021fd   Thumb Code    24  stm32f10x_tim.o(i.TIM_Cmd)
    TIM_EncoderInterfaceConfig               0x08002215   Thumb Code    66  stm32f10x_tim.o(i.TIM_EncoderInterfaceConfig)
    TIM_ICStructInit                         0x08002257   Thumb Code    18  stm32f10x_tim.o(i.TIM_ICStructInit)
    TIM_InternalClockConfig                  0x08002269   Thumb Code    12  stm32f10x_tim.o(i.TIM_InternalClockConfig)
    TIM_OC1Init                              0x08002275   Thumb Code   132  stm32f10x_tim.o(i.TIM_OC1Init)
    TIM_OC2Init                              0x0800230d   Thumb Code   154  stm32f10x_tim.o(i.TIM_OC2Init)
    TIM_OCStructInit                         0x080023b1   Thumb Code    20  stm32f10x_tim.o(i.TIM_OCStructInit)
    TIM_SetCompare1                          0x080023c5   Thumb Code     4  stm32f10x_tim.o(i.TIM_SetCompare1)
    TIM_SetCompare2                          0x080023c9   Thumb Code     4  stm32f10x_tim.o(i.TIM_SetCompare2)
    TIM_SetCounter                           0x080023cd   Thumb Code     4  stm32f10x_tim.o(i.TIM_SetCounter)
    TIM_TimeBaseInit                         0x080023d1   Thumb Code   122  stm32f10x_tim.o(i.TIM_TimeBaseInit)
    USART3_IRQHandler                        0x08002475   Thumb Code    28  bluetooth.o(i.USART3_IRQHandler)
    USART_Cmd                                0x08002499   Thumb Code    24  stm32f10x_usart.o(i.USART_Cmd)
    USART_GetFlagStatus                      0x080024b1   Thumb Code    26  stm32f10x_usart.o(i.USART_GetFlagStatus)
    USART_ITConfig                           0x080024cb   Thumb Code    74  stm32f10x_usart.o(i.USART_ITConfig)
    USART_Init                               0x08002515   Thumb Code   210  stm32f10x_usart.o(i.USART_Init)
    USART_ReceiveData                        0x080025ed   Thumb Code    10  stm32f10x_usart.o(i.USART_ReceiveData)
    UsageFault_Handler                       0x080025f7   Thumb Code     4  stm32f10x_it.o(i.UsageFault_Handler)
    _is_digit                                0x080025fb   Thumb Code    14  __printf_wp.o(i._is_digit)
    delay_init                               0x080026b1   Thumb Code    50  delay.o(i.delay_init)
    delay_ms                                 0x080026f5   Thumb Code    72  delay.o(i.delay_ms)
    delay_us                                 0x08002741   Thumb Code    72  delay.o(i.delay_us)
    dmp_enable_6x_lp_quat                    0x0800278d   Thumb Code    60  inv_mpu_dmp_motion_driver.o(i.dmp_enable_6x_lp_quat)
    dmp_enable_feature                       0x080027c9   Thumb Code   530  inv_mpu_dmp_motion_driver.o(i.dmp_enable_feature)
    dmp_enable_gyro_cal                      0x080029e5   Thumb Code    62  inv_mpu_dmp_motion_driver.o(i.dmp_enable_gyro_cal)
    dmp_enable_lp_quat                       0x08002a3d   Thumb Code    60  inv_mpu_dmp_motion_driver.o(i.dmp_enable_lp_quat)
    dmp_load_motion_driver_firmware          0x08002a79   Thumb Code    20  inv_mpu_dmp_motion_driver.o(i.dmp_load_motion_driver_firmware)
    dmp_set_accel_bias                       0x08002a91   Thumb Code   300  inv_mpu_dmp_motion_driver.o(i.dmp_set_accel_bias)
    dmp_set_fifo_rate                        0x08002bc1   Thumb Code    96  inv_mpu_dmp_motion_driver.o(i.dmp_set_fifo_rate)
    dmp_set_gyro_bias                        0x08002c31   Thumb Code   294  inv_mpu_dmp_motion_driver.o(i.dmp_set_gyro_bias)
    dmp_set_orientation                      0x08002d61   Thumb Code   290  inv_mpu_dmp_motion_driver.o(i.dmp_set_orientation)
    dmp_set_shake_reject_thresh              0x08002e99   Thumb Code    56  inv_mpu_dmp_motion_driver.o(i.dmp_set_shake_reject_thresh)
    dmp_set_shake_reject_time                0x08002ed1   Thumb Code    38  inv_mpu_dmp_motion_driver.o(i.dmp_set_shake_reject_time)
    dmp_set_shake_reject_timeout             0x08002ef7   Thumb Code    38  inv_mpu_dmp_motion_driver.o(i.dmp_set_shake_reject_timeout)
    dmp_set_tap_axes                         0x08002f1d   Thumb Code    70  inv_mpu_dmp_motion_driver.o(i.dmp_set_tap_axes)
    dmp_set_tap_count                        0x08002f63   Thumb Code    38  inv_mpu_dmp_motion_driver.o(i.dmp_set_tap_count)
    dmp_set_tap_thresh                       0x08002f89   Thumb Code   396  inv_mpu_dmp_motion_driver.o(i.dmp_set_tap_thresh)
    dmp_set_tap_time                         0x08003129   Thumb Code    38  inv_mpu_dmp_motion_driver.o(i.dmp_set_tap_time)
    dmp_set_tap_time_multi                   0x0800314f   Thumb Code    38  inv_mpu_dmp_motion_driver.o(i.dmp_set_tap_time_multi)
    fputc                                    0x08003175   Thumb Code    26  fputc.o(i.fputc)
    inv_orientation_matrix_to_scalar         0x080037c5   Thumb Code    40  inv_mpu.o(i.inv_orientation_matrix_to_scalar)
    inv_row_2_scale                          0x080037ed   Thumb Code    78  inv_mpu.o(i.inv_row_2_scale)
    main                                     0x0800383b   Thumb Code    18  main.o(i.main)
    mpu_configure_fifo                       0x0800384d   Thumb Code   106  inv_mpu.o(i.mpu_configure_fifo)
    mpu_dmp_init                             0x080038bd   Thumb Code   154  inv_mpu.o(i.mpu_dmp_init)
    mpu_get_accel_fsr                        0x0800395d   Thumb Code    72  inv_mpu.o(i.mpu_get_accel_fsr)
    mpu_get_accel_sens                       0x080039a9   Thumb Code    78  inv_mpu.o(i.mpu_get_accel_sens)
    mpu_get_fifo_config                      0x080039fd   Thumb Code    12  inv_mpu.o(i.mpu_get_fifo_config)
    mpu_get_gyro_fsr                         0x08003a0d   Thumb Code    64  inv_mpu.o(i.mpu_get_gyro_fsr)
    mpu_get_gyro_sens                        0x08003a51   Thumb Code    58  inv_mpu.o(i.mpu_get_gyro_sens)
    mpu_get_lpf                              0x08003aa1   Thumb Code    74  inv_mpu.o(i.mpu_get_lpf)
    mpu_get_sample_rate                      0x08003af1   Thumb Code    26  inv_mpu.o(i.mpu_get_sample_rate)
    mpu_init                                 0x08003b11   Thumb Code   416  inv_mpu.o(i.mpu_init)
    mpu_load_firmware                        0x08003d01   Thumb Code   180  inv_mpu.o(i.mpu_load_firmware)
    mpu_lp_accel_mode                        0x08003db9   Thumb Code   218  inv_mpu.o(i.mpu_lp_accel_mode)
    mpu_read_mem                             0x08003e99   Thumb Code   122  inv_mpu.o(i.mpu_read_mem)
    mpu_reset_fifo                           0x08003f19   Thumb Code   450  inv_mpu.o(i.mpu_reset_fifo)
    mpu_run_self_test                        0x080040e1   Thumb Code   278  inv_mpu.o(i.mpu_run_self_test)
    mpu_set_accel_fsr                        0x080041fd   Thumb Code   126  inv_mpu.o(i.mpu_set_accel_fsr)
    mpu_set_bypass                           0x08004281   Thumb Code   328  inv_mpu.o(i.mpu_set_bypass)
    mpu_set_dmp_state                        0x080043cd   Thumb Code   138  inv_mpu.o(i.mpu_set_dmp_state)
    mpu_set_gyro_fsr                         0x0800445d   Thumb Code   132  inv_mpu.o(i.mpu_set_gyro_fsr)
    mpu_set_int_latched                      0x080044e5   Thumb Code   102  inv_mpu.o(i.mpu_set_int_latched)
    mpu_set_lpf                              0x08004551   Thumb Code   126  inv_mpu.o(i.mpu_set_lpf)
    mpu_set_sample_rate                      0x080045d5   Thumb Code   152  inv_mpu.o(i.mpu_set_sample_rate)
    mpu_set_sensors                          0x08004671   Thumb Code   202  inv_mpu.o(i.mpu_set_sensors)
    mpu_write_mem                            0x08004741   Thumb Code   122  inv_mpu.o(i.mpu_write_mem)
    pvPortMalloc                             0x08004c09   Thumb Code   228  heap_4.o(i.pvPortMalloc)
    pxPortInitialiseStack                    0x08004d05   Thumb Code    30  port.o(i.pxPortInitialiseStack)
    run_self_test                            0x08004d29   Thumb Code   148  inv_mpu.o(i.run_self_test)
    uxListRemove                             0x08004e4d   Thumb Code    40  list.o(i.uxListRemove)
    vBluetooth                               0x08004e75   Thumb Code    18  taskmanage.o(i.vBluetooth)
    vListInitialise                          0x08004e8d   Thumb Code    26  list.o(i.vListInitialise)
    vListInitialiseItem                      0x08004ea7   Thumb Code     6  list.o(i.vListInitialiseItem)
    vListInsert                              0x08004ead   Thumb Code    52  list.o(i.vListInsert)
    vListInsertEnd                           0x08004ee1   Thumb Code    24  list.o(i.vListInsertEnd)
    vOLED                                    0x08004ef9   Thumb Code    46  taskmanage.o(i.vOLED)
    vPID                                     0x08004f29   Thumb Code   182  taskmanage.o(i.vPID)
    vPortEnterCritical                       0x08004fe9   Thumb Code    30  port.o(i.vPortEnterCritical)
    vPortExitCritical                        0x0800500d   Thumb Code    28  port.o(i.vPortExitCritical)
    vPortFree                                0x0800502d   Thumb Code    74  heap_4.o(i.vPortFree)
    vPortSetupTimerInterrupt                 0x08005085   Thumb Code    20  port.o(i.vPortSetupTimerInterrupt)
    vStart                                   0x0800509d   Thumb Code   128  taskmanage.o(i.vStart)
    vTaskDelay                               0x0800516d   Thumb Code    46  tasks.o(i.vTaskDelay)
    vTaskDelete                              0x080051a1   Thumb Code   166  tasks.o(i.vTaskDelete)
    vTaskFunction                            0x0800526d   Thumb Code    24  taskmanage.o(i.vTaskFunction)
    vTaskStartScheduler                      0x08005291   Thumb Code    76  tasks.o(i.vTaskStartScheduler)
    vTaskSuspendAll                          0x080052fd   Thumb Code    12  tasks.o(i.vTaskSuspendAll)
    vTaskSwitchContext                       0x0800530d   Thumb Code    76  tasks.o(i.vTaskSwitchContext)
    xPortStartScheduler                      0x0800536d   Thumb Code    42  port.o(i.xPortStartScheduler)
    xTaskCreate                              0x080053a1   Thumb Code    96  tasks.o(i.xTaskCreate)
    xTaskIncrementTick                       0x08005401   Thumb Code   356  tasks.o(i.xTaskIncrementTick)
    xTaskResumeAll                           0x08005591   Thumb Code   310  tasks.o(i.xTaskResumeAll)
    __aeabi_fadd                             0x080056ed   Thumb Code     0  faddsub_clz.o(x$fpl$fadd)
    _fadd                                    0x080056ed   Thumb Code   196  faddsub_clz.o(x$fpl$fadd)
    __fpl_fcmp_Inf                           0x080057b1   Thumb Code    24  fcmpi.o(x$fpl$fcmpinf)
    __aeabi_fdiv                             0x080057c9   Thumb Code     0  fdiv.o(x$fpl$fdiv)
    _fdiv                                    0x080057c9   Thumb Code   384  fdiv.o(x$fpl$fdiv)
    __aeabi_cfcmpeq                          0x0800594d   Thumb Code     0  feqf.o(x$fpl$feqf)
    _fcmpeq                                  0x0800594d   Thumb Code   104  feqf.o(x$fpl$feqf)
    __aeabi_f2iz                             0x080059b5   Thumb Code     0  ffix.o(x$fpl$ffix)
    _ffix                                    0x080059b5   Thumb Code    54  ffix.o(x$fpl$ffix)
    __aeabi_f2uiz                            0x080059ed   Thumb Code     0  ffixu.o(x$fpl$ffixu)
    _ffixu                                   0x080059ed   Thumb Code    62  ffixu.o(x$fpl$ffixu)
    __aeabi_i2f                              0x08005a2d   Thumb Code     0  fflt_clz.o(x$fpl$fflt)
    _fflt                                    0x08005a2d   Thumb Code    48  fflt_clz.o(x$fpl$fflt)
    __aeabi_ui2f                             0x08005a5d   Thumb Code     0  fflt_clz.o(x$fpl$ffltu)
    _ffltu                                   0x08005a5d   Thumb Code    38  fflt_clz.o(x$fpl$ffltu)
    __aeabi_cfcmple                          0x08005a85   Thumb Code     0  fleqf.o(x$fpl$fleqf)
    _fcmple                                  0x08005a85   Thumb Code   104  fleqf.o(x$fpl$fleqf)
    __fpl_fcmple_InfNaN                      0x08005ad7   Thumb Code     0  fleqf.o(x$fpl$fleqf)
    __aeabi_fmul                             0x08005aed   Thumb Code     0  fmul.o(x$fpl$fmul)
    _fmul                                    0x08005aed   Thumb Code   258  fmul.o(x$fpl$fmul)
    __fpl_fnaninf                            0x08005bef   Thumb Code   140  fnaninf.o(x$fpl$fnaninf)
    __fpl_fretinf                            0x08005c7b   Thumb Code    10  fretinf.o(x$fpl$fretinf)
    __aeabi_cfrcmple                         0x08005c85   Thumb Code     0  frleqf.o(x$fpl$frleqf)
    _frcmple                                 0x08005c85   Thumb Code    98  frleqf.o(x$fpl$frleqf)
    __aeabi_fsub                             0x08005ce9   Thumb Code     0  faddsub_clz.o(x$fpl$fsub)
    _fsub                                    0x08005ce9   Thumb Code   234  faddsub_clz.o(x$fpl$fsub)
    OLED_F8x16                               0x08005dd2   Data        1520  oled.o(.constdata)
    __I$use$fp                               0x08005dd2   Number         0  usenofp.o(x$fpl$usenofp)
    reg                                      0x080063c4   Data          27  inv_mpu.o(.constdata)
    hw                                       0x080063e0   Data          12  inv_mpu.o(.constdata)
    test                                     0x080063ec   Data          40  inv_mpu.o(.constdata)
    __stdin_name                             0x0800701b   Data           4  sys_io.o(.constdata)
    __stdout_name                            0x0800701f   Data           4  sys_io.o(.constdata)
    __stderr_name                            0x08007023   Data           4  sys_io.o(.constdata)
    Region$$Table$$Base                      0x08007078   Number         0  anon$$obj.o(Region$$Table)
    Region$$Table$$Limit                     0x08007098   Number         0  anon$$obj.o(Region$$Table)
    SystemCoreClock                          0x20000000   Data           4  system_stm32f10x.o(.data)
    AHBPrescTable                            0x20000004   Data          16  system_stm32f10x.o(.data)
    pxCurrentTCB                             0x20000014   Data           4  tasks.o(.data)
    uxTopUsedPriority                        0x2000004c   Data           4  tasks.o(.data)
    AX                                       0x20000090   Data           2  taskmanage.o(.data)
    AY                                       0x20000092   Data           2  taskmanage.o(.data)
    AZ                                       0x20000094   Data           2  taskmanage.o(.data)
    GX                                       0x20000096   Data           2  taskmanage.o(.data)
    GY                                       0x20000098   Data           2  taskmanage.o(.data)
    GZ                                       0x2000009a   Data           2  taskmanage.o(.data)
    RData                                    0x2000009c   Data           2  taskmanage.o(.data)
    PWMSpeed                                 0x200000a0   Data           4  taskmanage.o(.data)
    data                                     0x200000a4   Data           1  bluetooth.o(.data)
    __aeabi_stdin                            0x200000e0   Data           4  stdio_streams.o(.data)
    __aeabi_stdout                           0x200000e4   Data           4  stdio_streams.o(.data)
    __aeabi_stderr                           0x200000e8   Data           4  stdio_streams.o(.data)
    __stdin                                  0x200045c4   Data          84  stdio_streams.o(.bss)
    __stdout                                 0x20004618   Data          84  stdio_streams.o(.bss)
    __stderr                                 0x2000466c   Data          84  stdio_streams.o(.bss)
    __libspace_start                         0x200046c0   Data          96  libspace.o(.bss)
    __temporary_stack_top$libspace           0x20004720   Data           0  libspace.o(.bss)



==============================================================================

Memory Map of the image

  Image Entry point : 0x080000ed

  Load Region LR_IROM1 (Base: 0x08000000, Size: 0x00007184, Max: 0x00010000, ABSOLUTE)

    Execution Region ER_IROM1 (Exec base: 0x08000000, Load base: 0x08000000, Size: 0x00007098, Max: 0x00010000, ABSOLUTE)

    Exec Addr    Load Addr    Size         Type   Attr      Idx    E Section Name        Object

    0x08000000   0x08000000   0x000000ec   Data   RO           19    RESET               startup_stm32f10x_md.o
    0x080000ec   0x080000ec   0x00000008   Code   RO         5795  * !!!main             c_w.l(__main.o)
    0x080000f4   0x080000f4   0x00000034   Code   RO         6292    !!!scatter          c_w.l(__scatter.o)
    0x08000128   0x08000128   0x0000001a   Code   RO         6294    !!handler_copy      c_w.l(__scatter_copy.o)
    0x08000142   0x08000142   0x00000002   PAD
    0x08000144   0x08000144   0x0000001c   Code   RO         6296    !!handler_zi        c_w.l(__scatter_zi.o)
    0x08000160   0x08000160   0x00000000   Code   RO         5784    .ARM.Collect$$_printf_percent$$00000000  c_w.l(_printf_percent.o)
    0x08000160   0x08000160   0x00000006   Code   RO         5783    .ARM.Collect$$_printf_percent$$00000009  c_w.l(_printf_d.o)
    0x08000166   0x08000166   0x00000004   Code   RO         5878    .ARM.Collect$$_printf_percent$$00000017  c_w.l(_printf_percent_end.o)
    0x0800016a   0x0800016a   0x00000002   Code   RO         6081    .ARM.Collect$$libinit$$00000000  c_w.l(libinit.o)
    0x0800016c   0x0800016c   0x00000000   Code   RO         6083    .ARM.Collect$$libinit$$00000002  c_w.l(libinit2.o)
    0x0800016c   0x0800016c   0x00000000   Code   RO         6085    .ARM.Collect$$libinit$$00000004  c_w.l(libinit2.o)
    0x0800016c   0x0800016c   0x00000008   Code   RO         6086    .ARM.Collect$$libinit$$00000005  c_w.l(libinit2.o)
    0x08000174   0x08000174   0x00000000   Code   RO         6088    .ARM.Collect$$libinit$$0000000A  c_w.l(libinit2.o)
    0x08000174   0x08000174   0x00000000   Code   RO         6090    .ARM.Collect$$libinit$$0000000C  c_w.l(libinit2.o)
    0x08000174   0x08000174   0x00000000   Code   RO         6092    .ARM.Collect$$libinit$$0000000E  c_w.l(libinit2.o)
    0x08000174   0x08000174   0x00000000   Code   RO         6095    .ARM.Collect$$libinit$$00000011  c_w.l(libinit2.o)
    0x08000174   0x08000174   0x00000000   Code   RO         6097    .ARM.Collect$$libinit$$00000013  c_w.l(libinit2.o)
    0x08000174   0x08000174   0x00000000   Code   RO         6099    .ARM.Collect$$libinit$$00000015  c_w.l(libinit2.o)
    0x08000174   0x08000174   0x00000000   Code   RO         6101    .ARM.Collect$$libinit$$00000017  c_w.l(libinit2.o)
    0x08000174   0x08000174   0x00000000   Code   RO         6103    .ARM.Collect$$libinit$$00000019  c_w.l(libinit2.o)
    0x08000174   0x08000174   0x00000000   Code   RO         6105    .ARM.Collect$$libinit$$0000001B  c_w.l(libinit2.o)
    0x08000174   0x08000174   0x00000000   Code   RO         6107    .ARM.Collect$$libinit$$0000001D  c_w.l(libinit2.o)
    0x08000174   0x08000174   0x00000000   Code   RO         6109    .ARM.Collect$$libinit$$0000001F  c_w.l(libinit2.o)
    0x08000174   0x08000174   0x00000000   Code   RO         6111    .ARM.Collect$$libinit$$00000021  c_w.l(libinit2.o)
    0x08000174   0x08000174   0x00000000   Code   RO         6113    .ARM.Collect$$libinit$$00000023  c_w.l(libinit2.o)
    0x08000174   0x08000174   0x00000004   Code   RO         6114    .ARM.Collect$$libinit$$00000024  c_w.l(libinit2.o)
    0x08000178   0x08000178   0x00000000   Code   RO         6115    .ARM.Collect$$libinit$$00000025  c_w.l(libinit2.o)
    0x08000178   0x08000178   0x00000000   Code   RO         6119    .ARM.Collect$$libinit$$0000002C  c_w.l(libinit2.o)
    0x08000178   0x08000178   0x00000000   Code   RO         6121    .ARM.Collect$$libinit$$0000002E  c_w.l(libinit2.o)
    0x08000178   0x08000178   0x00000000   Code   RO         6123    .ARM.Collect$$libinit$$00000030  c_w.l(libinit2.o)
    0x08000178   0x08000178   0x00000000   Code   RO         6125    .ARM.Collect$$libinit$$00000032  c_w.l(libinit2.o)
    0x08000178   0x08000178   0x00000002   Code   RO         6126    .ARM.Collect$$libinit$$00000033  c_w.l(libinit2.o)
    0x0800017a   0x0800017a   0x00000002   Code   RO         6273    .ARM.Collect$$libshutdown$$00000000  c_w.l(libshutdown.o)
    0x0800017c   0x0800017c   0x00000000   Code   RO         6128    .ARM.Collect$$libshutdown$$00000002  c_w.l(libshutdown2.o)
    0x0800017c   0x0800017c   0x00000004   Code   RO         6129    .ARM.Collect$$libshutdown$$00000003  c_w.l(libshutdown2.o)
    0x08000180   0x08000180   0x00000000   Code   RO         6130    .ARM.Collect$$libshutdown$$00000004  c_w.l(libshutdown2.o)
    0x08000180   0x08000180   0x00000000   Code   RO         6133    .ARM.Collect$$libshutdown$$00000007  c_w.l(libshutdown2.o)
    0x08000180   0x08000180   0x00000000   Code   RO         6136    .ARM.Collect$$libshutdown$$0000000A  c_w.l(libshutdown2.o)
    0x08000180   0x08000180   0x00000000   Code   RO         6138    .ARM.Collect$$libshutdown$$0000000C  c_w.l(libshutdown2.o)
    0x08000180   0x08000180   0x00000000   Code   RO         6141    .ARM.Collect$$libshutdown$$0000000F  c_w.l(libshutdown2.o)
    0x08000180   0x08000180   0x00000002   Code   RO         6142    .ARM.Collect$$libshutdown$$00000010  c_w.l(libshutdown2.o)
    0x08000182   0x08000182   0x00000000   Code   RO         5869    .ARM.Collect$$rtentry$$00000000  c_w.l(__rtentry.o)
    0x08000182   0x08000182   0x00000000   Code   RO         5940    .ARM.Collect$$rtentry$$00000002  c_w.l(__rtentry2.o)
    0x08000182   0x08000182   0x00000006   Code   RO         5952    .ARM.Collect$$rtentry$$00000004  c_w.l(__rtentry4.o)
    0x08000188   0x08000188   0x00000000   Code   RO         5942    .ARM.Collect$$rtentry$$00000009  c_w.l(__rtentry2.o)
    0x08000188   0x08000188   0x00000004   Code   RO         5943    .ARM.Collect$$rtentry$$0000000A  c_w.l(__rtentry2.o)
    0x0800018c   0x0800018c   0x00000000   Code   RO         5945    .ARM.Collect$$rtentry$$0000000C  c_w.l(__rtentry2.o)
    0x0800018c   0x0800018c   0x00000008   Code   RO         5946    .ARM.Collect$$rtentry$$0000000D  c_w.l(__rtentry2.o)
    0x08000194   0x08000194   0x00000002   Code   RO         6152    .ARM.Collect$$rtexit$$00000000  c_w.l(rtexit.o)
    0x08000196   0x08000196   0x00000000   Code   RO         6214    .ARM.Collect$$rtexit$$00000002  c_w.l(rtexit2.o)
    0x08000196   0x08000196   0x00000004   Code   RO         6215    .ARM.Collect$$rtexit$$00000003  c_w.l(rtexit2.o)
    0x0800019a   0x0800019a   0x00000006   Code   RO         6216    .ARM.Collect$$rtexit$$00000004  c_w.l(rtexit2.o)
    0x080001a0   0x080001a0   0x00000096   Code   RO          932    .emb_text           port.o
    0x08000236   0x08000236   0x00000002   PAD
    0x08000238   0x08000238   0x00000000   Code   RO         6220    .emb_text           c_w.l(maybetermalloc1.o)
    0x08000238   0x08000238   0x00000040   Code   RO           20    .text               startup_stm32f10x_md.o
    0x08000278   0x08000278   0x00000048   Code   RO         5729    .text               c_w.l(llsdiv.o)
    0x080002c0   0x080002c0   0x00000018   Code   RO         5733    .text               c_w.l(noretval__2printf.o)
    0x080002d8   0x080002d8   0x00000078   Code   RO         5739    .text               c_w.l(_printf_dec.o)
    0x08000350   0x08000350   0x00000138   Code   RO         5774    .text               c_w.l(__printf_flags_wp.o)
    0x08000488   0x08000488   0x00000058   Code   RO         5785    .text               c_w.l(memcmp.o)
    0x080004e0   0x080004e0   0x00000010   Code   RO         5789    .text               c_w.l(aeabi_memset.o)
    0x080004f0   0x080004f0   0x0000004e   Code   RO         5791    .text               c_w.l(rt_memclr_w.o)
    0x0800053e   0x0800053e   0x00000006   Code   RO         5793    .text               c_w.l(heapauxi.o)
    0x08000544   0x08000544   0x000000ee   Code   RO         5870    .text               c_w.l(lludivv7m.o)
    0x08000632   0x08000632   0x000000b2   Code   RO         5874    .text               c_w.l(_printf_intcommon.o)
    0x080006e4   0x080006e4   0x00000024   Code   RO         5876    .text               c_w.l(_printf_char_file.o)
    0x08000708   0x08000708   0x00000044   Code   RO         5887    .text               c_w.l(rt_memclr.o)
    0x0800074c   0x0800074c   0x00000008   Code   RO         5961    .text               c_w.l(rt_errno_addr_intlibspace.o)
    0x08000754   0x08000754   0x00000030   Code   RO         5963    .text               c_w.l(_printf_char_common.o)
    0x08000784   0x08000784   0x00000008   Code   RO         5965    .text               c_w.l(ferror.o)
    0x0800078c   0x0800078c   0x00000138   Code   RO         5971    .text               c_w.l(initio.o)
    0x080008c4   0x080008c4   0x00000066   Code   RO         5985    .text               c_w.l(sys_io.o)
    0x0800092a   0x0800092a   0x00000002   PAD
    0x0800092c   0x0800092c   0x00000008   Code   RO         5990    .text               c_w.l(libspace.o)
    0x08000934   0x08000934   0x0000004a   Code   RO         5995    .text               c_w.l(sys_stackheap_outer.o)
    0x0800097e   0x0800097e   0x0000004e   Code   RO         6001    .text               c_w.l(h1_free.o)
    0x080009cc   0x080009cc   0x000001d6   Code   RO         6057    .text               c_w.l(flsbuf.o)
    0x08000ba2   0x08000ba2   0x00000046   Code   RO         6059    .text               c_w.l(setvbuf.o)
    0x08000be8   0x08000be8   0x000000ec   Code   RO         6062    .text               c_w.l(fopen.o)
    0x08000cd4   0x08000cd4   0x0000004c   Code   RO         6064    .text               c_w.l(fclose.o)
    0x08000d20   0x08000d20   0x00000012   Code   RO         6070    .text               c_w.l(exit.o)
    0x08000d32   0x08000d32   0x0000000e   Code   RO         6072    .text               c_w.l(defsig_rtred_outer.o)
    0x08000d40   0x08000d40   0x00000002   Code   RO         6149    .text               c_w.l(use_no_semi.o)
    0x08000d42   0x08000d42   0x00000000   Code   RO         6151    .text               c_w.l(indicate_semi.o)
    0x08000d42   0x08000d42   0x00000002   PAD
    0x08000d44   0x08000d44   0x00000008   Code   RO         6159    .text               c_w.l(rt_heap_descriptor_intlibspace.o)
    0x08000d4c   0x08000d4c   0x00000004   Code   RO         6161    .text               c_w.l(hguard.o)
    0x08000d50   0x08000d50   0x0000008a   Code   RO         6163    .text               c_w.l(init_alloc.o)
    0x08000dda   0x08000dda   0x0000005e   Code   RO         6169    .text               c_w.l(h1_alloc.o)
    0x08000e38   0x08000e38   0x000000f8   Code   RO         6185    .text               c_w.l(fseek.o)
    0x08000f30   0x08000f30   0x000000f0   Code   RO         6187    .text               c_w.l(stdio.o)
    0x08001020   0x08001020   0x0000000a   Code   RO         6193    .text               c_w.l(defsig_exit.o)
    0x0800102a   0x0800102a   0x00000002   PAD
    0x0800102c   0x0800102c   0x00000034   Code   RO         6199    .text               c_w.l(defsig_rtred_inner.o)
    0x08001060   0x08001060   0x0000003e   Code   RO         6203    .text               c_w.l(strlen.o)
    0x0800109e   0x0800109e   0x00000002   PAD
    0x080010a0   0x080010a0   0x0000000c   Code   RO         6211    .text               c_w.l(sys_exit.o)
    0x080010ac   0x080010ac   0x0000000e   Code   RO         6222    .text               c_w.l(h1_init.o)
    0x080010ba   0x080010ba   0x00000034   Code   RO         6224    .text               c_w.l(h1_extend.o)
    0x080010ee   0x080010ee   0x00000042   Code   RO         6234    .text               c_w.l(ftell.o)
    0x08001130   0x08001130   0x00000032   Code   RO         6242    .text               c_w.l(defsig_general.o)
    0x08001162   0x08001162   0x0000000e   Code   RO         6246    .text               c_w.l(defsig_rtmem_outer.o)
    0x08001170   0x08001170   0x0000000e   Code   RO         6259    .text               c_w.l(sys_wrch.o)
    0x0800117e   0x0800117e   0x00000002   PAD
    0x08001180   0x08001180   0x00000050   Code   RO         6267    .text               c_w.l(defsig_rtmem_inner.o)
    0x080011d0   0x080011d0   0x0000003c   Code   RO         4955    i.Back              motor.o
    0x0800120c   0x0800120c   0x000000b0   Code   RO         4898    i.Bluttooth_Init    bluetooth.o
    0x080012bc   0x080012bc   0x00000004   Code   RO         4553    i.BusFault_Handler  stm32f10x_it.o
    0x080012c0   0x080012c0   0x00000002   Code   RO         4554    i.DebugMon_Handler  stm32f10x_it.o
    0x080012c2   0x080012c2   0x00000002   PAD
    0x080012c4   0x080012c4   0x00000100   Code   RO         4862    i.Encoder_Init      encoder.o
    0x080013c4   0x080013c4   0x0000003c   Code   RO         4956    i.Forward           motor.o
    0x08001400   0x08001400   0x00000116   Code   RO         2424    i.GPIO_Init         stm32f10x_gpio.o
    0x08001516   0x08001516   0x00000004   Code   RO         2431    i.GPIO_ResetBits    stm32f10x_gpio.o
    0x0800151a   0x0800151a   0x00000004   Code   RO         2432    i.GPIO_SetBits      stm32f10x_gpio.o
    0x0800151e   0x0800151e   0x0000000a   Code   RO         2435    i.GPIO_WriteBit     stm32f10x_gpio.o
    0x08001528   0x08001528   0x0000000c   Code   RO         4899    i.GetBuleToothData  bluetooth.o
    0x08001534   0x08001534   0x00000010   Code   RO         4863    i.Get_EncoderLeft   encoder.o
    0x08001544   0x08001544   0x00000010   Code   RO         4864    i.Get_EncoderRight  encoder.o
    0x08001554   0x08001554   0x00000004   Code   RO         4555    i.HardFault_Handler  stm32f10x_it.o
    0x08001558   0x08001558   0x00000024   Code   RO         4514    i.HardWareInit      main.o
    0x0800157c   0x0800157c   0x00000002   Code   RO         4957    i.Left              motor.o
    0x0800157e   0x0800157e   0x00000002   PAD
    0x08001580   0x08001580   0x00000048   Code   RO         4958    i.MOTOR_Init        motor.o
    0x080015c8   0x080015c8   0x0000004c   Code   RO         5105    i.MPU_IIC_Ack       mpuiic.o
    0x08001614   0x08001614   0x0000000a   Code   RO         5106    i.MPU_IIC_Delay     mpuiic.o
    0x0800161e   0x0800161e   0x00000002   Code   RO         5107    i.MPU_IIC_Init      mpuiic.o
    0x08001620   0x08001620   0x0000004c   Code   RO         5108    i.MPU_IIC_NAck      mpuiic.o
    0x0800166c   0x0800166c   0x0000006c   Code   RO         5109    i.MPU_IIC_Read_Byte  mpuiic.o
    0x080016d8   0x080016d8   0x0000005c   Code   RO         5110    i.MPU_IIC_Send_Byte  mpuiic.o
    0x08001734   0x08001734   0x00000048   Code   RO         5111    i.MPU_IIC_Start     mpuiic.o
    0x0800177c   0x0800177c   0x00000048   Code   RO         5112    i.MPU_IIC_Stop      mpuiic.o
    0x080017c4   0x080017c4   0x00000064   Code   RO         5113    i.MPU_IIC_Wait_Ack  mpuiic.o
    0x08001828   0x08001828   0x0000007a   Code   RO         5012    i.MPU_Init          mpu6050_1.o
    0x080018a2   0x080018a2   0x0000003a   Code   RO         5013    i.MPU_Read_Byte     mpu6050_1.o
    0x080018dc   0x080018dc   0x00000074   Code   RO         5014    i.MPU_Read_Len      mpu6050_1.o
    0x08001950   0x08001950   0x00000010   Code   RO         5015    i.MPU_Set_Accel_Fsr  mpu6050_1.o
    0x08001960   0x08001960   0x00000010   Code   RO         5016    i.MPU_Set_Gyro_Fsr  mpu6050_1.o
    0x08001970   0x08001970   0x0000003a   Code   RO         5017    i.MPU_Set_LPF       mpu6050_1.o
    0x080019aa   0x080019aa   0x0000003a   Code   RO         5018    i.MPU_Set_Rate      mpu6050_1.o
    0x080019e4   0x080019e4   0x00000044   Code   RO         5019    i.MPU_Write_Byte    mpu6050_1.o
    0x08001a28   0x08001a28   0x00000060   Code   RO         5020    i.MPU_Write_Len     mpu6050_1.o
    0x08001a88   0x08001a88   0x00000004   Code   RO         4556    i.MemManage_Handler  stm32f10x_it.o
    0x08001a8c   0x08001a8c   0x00000002   Code   RO         4557    i.NMI_Handler       stm32f10x_it.o
    0x08001a8e   0x08001a8e   0x00000002   PAD
    0x08001a90   0x08001a90   0x00000070   Code   RO         1061    i.NVIC_Init         misc.o
    0x08001b00   0x08001b00   0x0000002a   Code   RO         4703    i.OLED_Clear        oled.o
    0x08001b2a   0x08001b2a   0x00000002   PAD
    0x08001b2c   0x08001b2c   0x00000050   Code   RO         4704    i.OLED_I2C_Init     oled.o
    0x08001b7c   0x08001b7c   0x00000054   Code   RO         4705    i.OLED_I2C_SendByte  oled.o
    0x08001bd0   0x08001bd0   0x00000034   Code   RO         4706    i.OLED_I2C_Start    oled.o
    0x08001c04   0x08001c04   0x00000028   Code   RO         4707    i.OLED_I2C_Stop     oled.o
    0x08001c2c   0x08001c2c   0x000000ae   Code   RO         4708    i.OLED_Init         oled.o
    0x08001cda   0x08001cda   0x00000014   Code   RO         4709    i.OLED_Pow          oled.o
    0x08001cee   0x08001cee   0x00000022   Code   RO         4710    i.OLED_SetCursor    oled.o
    0x08001d10   0x08001d10   0x00000074   Code   RO         4712    i.OLED_ShowChar     oled.o
    0x08001d84   0x08001d84   0x00000066   Code   RO         4715    i.OLED_ShowSignedNum  oled.o
    0x08001dea   0x08001dea   0x00000028   Code   RO         4716    i.OLED_ShowString   oled.o
    0x08001e12   0x08001e12   0x00000020   Code   RO         4717    i.OLED_WriteCommand  oled.o
    0x08001e32   0x08001e32   0x00000020   Code   RO         4718    i.OLED_WriteData    oled.o
    0x08001e52   0x08001e52   0x00000002   PAD
    0x08001e54   0x08001e54   0x00000098   Code   RO         4823    i.PWM_Init          pwm.o
    0x08001eec   0x08001eec   0x00000014   Code   RO         4824    i.PWM_SetCompare1   pwm.o
    0x08001f00   0x08001f00   0x00000014   Code   RO         4825    i.PWM_SetCompare2   pwm.o
    0x08001f14   0x08001f14   0x00000020   Code   RO         2900    i.RCC_APB1PeriphClockCmd  stm32f10x_rcc.o
    0x08001f34   0x08001f34   0x00000020   Code   RO         2902    i.RCC_APB2PeriphClockCmd  stm32f10x_rcc.o
    0x08001f54   0x08001f54   0x000000d4   Code   RO         2910    i.RCC_GetClocksFreq  stm32f10x_rcc.o
    0x08002028   0x08002028   0x00000002   Code   RO         4959    i.Right             motor.o
    0x0800202a   0x0800202a   0x00000008   Code   RO           27    i.SetSysClock       system_stm32f10x.o
    0x08002032   0x08002032   0x00000002   PAD
    0x08002034   0x08002034   0x000000e0   Code   RO           28    i.SetSysClockTo72   system_stm32f10x.o
    0x08002114   0x08002114   0x0000002c   Code   RO         4960    i.Stop              motor.o
    0x08002140   0x08002140   0x00000028   Code   RO         1065    i.SysTick_CLKSourceConfig  misc.o
    0x08002168   0x08002168   0x00000034   Code   RO          933    i.SysTick_Handler   port.o
    0x0800219c   0x0800219c   0x00000060   Code   RO           30    i.SystemInit        system_stm32f10x.o
    0x080021fc   0x080021fc   0x00000018   Code   RO         3594    i.TIM_Cmd           stm32f10x_tim.o
    0x08002214   0x08002214   0x00000042   Code   RO         3603    i.TIM_EncoderInterfaceConfig  stm32f10x_tim.o
    0x08002256   0x08002256   0x00000012   Code   RO         3618    i.TIM_ICStructInit  stm32f10x_tim.o
    0x08002268   0x08002268   0x0000000c   Code   RO         3621    i.TIM_InternalClockConfig  stm32f10x_tim.o
    0x08002274   0x08002274   0x00000098   Code   RO         3623    i.TIM_OC1Init       stm32f10x_tim.o
    0x0800230c   0x0800230c   0x000000a4   Code   RO         3628    i.TIM_OC2Init       stm32f10x_tim.o
    0x080023b0   0x080023b0   0x00000014   Code   RO         3641    i.TIM_OCStructInit  stm32f10x_tim.o
    0x080023c4   0x080023c4   0x00000004   Code   RO         3655    i.TIM_SetCompare1   stm32f10x_tim.o
    0x080023c8   0x080023c8   0x00000004   Code   RO         3656    i.TIM_SetCompare2   stm32f10x_tim.o
    0x080023cc   0x080023cc   0x00000004   Code   RO         3659    i.TIM_SetCounter    stm32f10x_tim.o
    0x080023d0   0x080023d0   0x000000a4   Code   RO         3665    i.TIM_TimeBaseInit  stm32f10x_tim.o
    0x08002474   0x08002474   0x00000024   Code   RO         4903    i.USART3_IRQHandler  bluetooth.o
    0x08002498   0x08002498   0x00000018   Code   RO         4145    i.USART_Cmd         stm32f10x_usart.o
    0x080024b0   0x080024b0   0x0000001a   Code   RO         4148    i.USART_GetFlagStatus  stm32f10x_usart.o
    0x080024ca   0x080024ca   0x0000004a   Code   RO         4151    i.USART_ITConfig    stm32f10x_usart.o
    0x08002514   0x08002514   0x000000d8   Code   RO         4152    i.USART_Init        stm32f10x_usart.o
    0x080025ec   0x080025ec   0x0000000a   Code   RO         4159    i.USART_ReceiveData  stm32f10x_usart.o
    0x080025f6   0x080025f6   0x00000004   Code   RO         4558    i.UsageFault_Handler  stm32f10x_it.o
    0x080025fa   0x080025fa   0x0000000e   Code   RO         5772    i._is_digit         c_w.l(__printf_wp.o)
    0x08002608   0x08002608   0x000000a8   Code   RO         5177    i.accel_self_test   inv_mpu.o
    0x080026b0   0x080026b0   0x00000044   Code   RO         4476    i.delay_init        delay.o
    0x080026f4   0x080026f4   0x0000004c   Code   RO         4477    i.delay_ms          delay.o
    0x08002740   0x08002740   0x0000004c   Code   RO         4478    i.delay_us          delay.o
    0x0800278c   0x0800278c   0x0000003c   Code   RO         5518    i.dmp_enable_6x_lp_quat  inv_mpu_dmp_motion_driver.o
    0x080027c8   0x080027c8   0x0000021c   Code   RO         5519    i.dmp_enable_feature  inv_mpu_dmp_motion_driver.o
    0x080029e4   0x080029e4   0x00000058   Code   RO         5520    i.dmp_enable_gyro_cal  inv_mpu_dmp_motion_driver.o
    0x08002a3c   0x08002a3c   0x0000003c   Code   RO         5521    i.dmp_enable_lp_quat  inv_mpu_dmp_motion_driver.o
    0x08002a78   0x08002a78   0x00000018   Code   RO         5526    i.dmp_load_motion_driver_firmware  inv_mpu_dmp_motion_driver.o
    0x08002a90   0x08002a90   0x00000130   Code   RO         5530    i.dmp_set_accel_bias  inv_mpu_dmp_motion_driver.o
    0x08002bc0   0x08002bc0   0x00000070   Code   RO         5531    i.dmp_set_fifo_rate  inv_mpu_dmp_motion_driver.o
    0x08002c30   0x08002c30   0x00000130   Code   RO         5532    i.dmp_set_gyro_bias  inv_mpu_dmp_motion_driver.o
    0x08002d60   0x08002d60   0x00000138   Code   RO         5534    i.dmp_set_orientation  inv_mpu_dmp_motion_driver.o
    0x08002e98   0x08002e98   0x00000038   Code   RO         5537    i.dmp_set_shake_reject_thresh  inv_mpu_dmp_motion_driver.o
    0x08002ed0   0x08002ed0   0x00000026   Code   RO         5538    i.dmp_set_shake_reject_time  inv_mpu_dmp_motion_driver.o
    0x08002ef6   0x08002ef6   0x00000026   Code   RO         5539    i.dmp_set_shake_reject_timeout  inv_mpu_dmp_motion_driver.o
    0x08002f1c   0x08002f1c   0x00000046   Code   RO         5540    i.dmp_set_tap_axes  inv_mpu_dmp_motion_driver.o
    0x08002f62   0x08002f62   0x00000026   Code   RO         5541    i.dmp_set_tap_count  inv_mpu_dmp_motion_driver.o
    0x08002f88   0x08002f88   0x000001a0   Code   RO         5542    i.dmp_set_tap_thresh  inv_mpu_dmp_motion_driver.o
    0x08003128   0x08003128   0x00000026   Code   RO         5543    i.dmp_set_tap_time  inv_mpu_dmp_motion_driver.o
    0x0800314e   0x0800314e   0x00000026   Code   RO         5544    i.dmp_set_tap_time_multi  inv_mpu_dmp_motion_driver.o
    0x08003174   0x08003174   0x0000001a   Code   RO         5968    i.fputc             c_w.l(fputc.o)
    0x0800318e   0x0800318e   0x00000002   PAD
    0x08003190   0x08003190   0x000000b4   Code   RO         5178    i.get_accel_prod_shift  inv_mpu.o
    0x08003244   0x08003244   0x00000470   Code   RO         5179    i.get_st_biases     inv_mpu.o
    0x080036b4   0x080036b4   0x00000110   Code   RO         5180    i.gyro_self_test    inv_mpu.o
    0x080037c4   0x080037c4   0x00000028   Code   RO         5181    i.inv_orientation_matrix_to_scalar  inv_mpu.o
    0x080037ec   0x080037ec   0x0000004e   Code   RO         5182    i.inv_row_2_scale   inv_mpu.o
    0x0800383a   0x0800383a   0x00000012   Code   RO         4515    i.main              main.o
    0x0800384c   0x0800384c   0x00000070   Code   RO         5184    i.mpu_configure_fifo  inv_mpu.o
    0x080038bc   0x080038bc   0x000000a0   Code   RO         5186    i.mpu_dmp_init      inv_mpu.o
    0x0800395c   0x0800395c   0x0000004c   Code   RO         5187    i.mpu_get_accel_fsr  inv_mpu.o
    0x080039a8   0x080039a8   0x00000054   Code   RO         5189    i.mpu_get_accel_sens  inv_mpu.o
    0x080039fc   0x080039fc   0x00000010   Code   RO         5194    i.mpu_get_fifo_config  inv_mpu.o
    0x08003a0c   0x08003a0c   0x00000044   Code   RO         5195    i.mpu_get_gyro_fsr  inv_mpu.o
    0x08003a50   0x08003a50   0x00000050   Code   RO         5197    i.mpu_get_gyro_sens  inv_mpu.o
    0x08003aa0   0x08003aa0   0x00000050   Code   RO         5199    i.mpu_get_lpf       inv_mpu.o
    0x08003af0   0x08003af0   0x00000020   Code   RO         5201    i.mpu_get_sample_rate  inv_mpu.o
    0x08003b10   0x08003b10   0x000001f0   Code   RO         5203    i.mpu_init          inv_mpu.o
    0x08003d00   0x08003d00   0x000000b8   Code   RO         5204    i.mpu_load_firmware  inv_mpu.o
    0x08003db8   0x08003db8   0x000000e0   Code   RO         5205    i.mpu_lp_accel_mode  inv_mpu.o
    0x08003e98   0x08003e98   0x00000080   Code   RO         5209    i.mpu_read_mem      inv_mpu.o
    0x08003f18   0x08003f18   0x000001c8   Code   RO         5212    i.mpu_reset_fifo    inv_mpu.o
    0x080040e0   0x080040e0   0x0000011c   Code   RO         5213    i.mpu_run_self_test  inv_mpu.o
    0x080041fc   0x080041fc   0x00000084   Code   RO         5215    i.mpu_set_accel_fsr  inv_mpu.o
    0x08004280   0x08004280   0x0000014c   Code   RO         5216    i.mpu_set_bypass    inv_mpu.o
    0x080043cc   0x080043cc   0x00000090   Code   RO         5218    i.mpu_set_dmp_state  inv_mpu.o
    0x0800445c   0x0800445c   0x00000088   Code   RO         5219    i.mpu_set_gyro_fsr  inv_mpu.o
    0x080044e4   0x080044e4   0x0000006c   Code   RO         5220    i.mpu_set_int_latched  inv_mpu.o
    0x08004550   0x08004550   0x00000084   Code   RO         5222    i.mpu_set_lpf       inv_mpu.o
    0x080045d4   0x080045d4   0x0000009c   Code   RO         5223    i.mpu_set_sample_rate  inv_mpu.o
    0x08004670   0x08004670   0x000000d0   Code   RO         5224    i.mpu_set_sensors   inv_mpu.o
    0x08004740   0x08004740   0x00000080   Code   RO         5225    i.mpu_write_mem     inv_mpu.o
    0x080047c0   0x080047c0   0x000000c0   Code   RO          629    i.prvAddCurrentTaskToDelayedList  tasks.o
    0x08004880   0x08004880   0x000000e4   Code   RO          630    i.prvAddNewTaskToReadyList  tasks.o
    0x08004964   0x08004964   0x00000048   Code   RO          631    i.prvCheckTasksWaitingTermination  tasks.o
    0x080049ac   0x080049ac   0x00000012   Code   RO          632    i.prvDeleteTCB      tasks.o
    0x080049be   0x080049be   0x00000002   PAD
    0x080049c0   0x080049c0   0x0000007c   Code   RO         1003    i.prvHeapInit       heap_4.o
    0x08004a3c   0x08004a3c   0x00000028   Code   RO          633    i.prvIdleTask       tasks.o
    0x08004a64   0x08004a64   0x0000008a   Code   RO          634    i.prvInitialiseNewTask  tasks.o
    0x08004aee   0x08004aee   0x00000002   PAD
    0x08004af0   0x08004af0   0x00000068   Code   RO          635    i.prvInitialiseTaskLists  tasks.o
    0x08004b58   0x08004b58   0x00000068   Code   RO         1004    i.prvInsertBlockIntoFreeList  heap_4.o
    0x08004bc0   0x08004bc0   0x00000030   Code   RO          636    i.prvResetNextTaskUnblockTime  tasks.o
    0x08004bf0   0x08004bf0   0x00000016   Code   RO          934    i.prvTaskExitError  port.o
    0x08004c06   0x08004c06   0x00000002   PAD
    0x08004c08   0x08004c08   0x000000fc   Code   RO         1005    i.pvPortMalloc      heap_4.o
    0x08004d04   0x08004d04   0x00000024   Code   RO          935    i.pxPortInitialiseStack  port.o
    0x08004d28   0x08004d28   0x00000094   Code   RO         5226    i.run_self_test     inv_mpu.o
    0x08004dbc   0x08004dbc   0x00000090   Code   RO         5227    i.set_int_enable    inv_mpu.o
    0x08004e4c   0x08004e4c   0x00000028   Code   RO          310    i.uxListRemove      list.o
    0x08004e74   0x08004e74   0x00000018   Code   RO         4652    i.vBluetooth        taskmanage.o
    0x08004e8c   0x08004e8c   0x0000001a   Code   RO          311    i.vListInitialise   list.o
    0x08004ea6   0x08004ea6   0x00000006   Code   RO          312    i.vListInitialiseItem  list.o
    0x08004eac   0x08004eac   0x00000034   Code   RO          313    i.vListInsert       list.o
    0x08004ee0   0x08004ee0   0x00000018   Code   RO          314    i.vListInsertEnd    list.o
    0x08004ef8   0x08004ef8   0x0000002e   Code   RO         4653    i.vOLED             taskmanage.o
    0x08004f26   0x08004f26   0x00000002   PAD
    0x08004f28   0x08004f28   0x000000c0   Code   RO         4654    i.vPID              taskmanage.o
    0x08004fe8   0x08004fe8   0x00000024   Code   RO          937    i.vPortEnterCritical  port.o
    0x0800500c   0x0800500c   0x00000020   Code   RO          938    i.vPortExitCritical  port.o
    0x0800502c   0x0800502c   0x00000058   Code   RO         1006    i.vPortFree         heap_4.o
    0x08005084   0x08005084   0x00000018   Code   RO          939    i.vPortSetupTimerInterrupt  port.o
    0x0800509c   0x0800509c   0x000000d0   Code   RO         4655    i.vStart            taskmanage.o
    0x0800516c   0x0800516c   0x00000034   Code   RO          644    i.vTaskDelay        tasks.o
    0x080051a0   0x080051a0   0x000000cc   Code   RO          645    i.vTaskDelete       tasks.o
    0x0800526c   0x0800526c   0x00000024   Code   RO         4656    i.vTaskFunction     taskmanage.o
    0x08005290   0x08005290   0x0000006c   Code   RO          656    i.vTaskStartScheduler  tasks.o
    0x080052fc   0x080052fc   0x00000010   Code   RO          658    i.vTaskSuspendAll   tasks.o
    0x0800530c   0x0800530c   0x00000060   Code   RO          659    i.vTaskSwitchContext  tasks.o
    0x0800536c   0x0800536c   0x00000034   Code   RO          940    i.xPortStartScheduler  port.o
    0x080053a0   0x080053a0   0x00000060   Code   RO          662    i.xTaskCreate       tasks.o
    0x08005400   0x08005400   0x00000190   Code   RO          671    i.xTaskIncrementTick  tasks.o
    0x08005590   0x08005590   0x0000015c   Code   RO          673    i.xTaskResumeAll    tasks.o
    0x080056ec   0x080056ec   0x000000c4   Code   RO         5819    x$fpl$fadd          fz_ws.l(faddsub_clz.o)
    0x080057b0   0x080057b0   0x00000018   Code   RO         5893    x$fpl$fcmpinf       fz_ws.l(fcmpi.o)
    0x080057c8   0x080057c8   0x00000184   Code   RO         5826    x$fpl$fdiv          fz_ws.l(fdiv.o)
    0x0800594c   0x0800594c   0x00000068   Code   RO         5829    x$fpl$feqf          fz_ws.l(feqf.o)
    0x080059b4   0x080059b4   0x00000036   Code   RO         5831    x$fpl$ffix          fz_ws.l(ffix.o)
    0x080059ea   0x080059ea   0x00000002   PAD
    0x080059ec   0x080059ec   0x0000003e   Code   RO         5835    x$fpl$ffixu         fz_ws.l(ffixu.o)
    0x08005a2a   0x08005a2a   0x00000002   PAD
    0x08005a2c   0x08005a2c   0x00000030   Code   RO         5840    x$fpl$fflt          fz_ws.l(fflt_clz.o)
    0x08005a5c   0x08005a5c   0x00000026   Code   RO         5839    x$fpl$ffltu         fz_ws.l(fflt_clz.o)
    0x08005a82   0x08005a82   0x00000002   PAD
    0x08005a84   0x08005a84   0x00000068   Code   RO         5845    x$fpl$fleqf         fz_ws.l(fleqf.o)
    0x08005aec   0x08005aec   0x00000102   Code   RO         5847    x$fpl$fmul          fz_ws.l(fmul.o)
    0x08005bee   0x08005bee   0x0000008c   Code   RO         5895    x$fpl$fnaninf       fz_ws.l(fnaninf.o)
    0x08005c7a   0x08005c7a   0x0000000a   Code   RO         5897    x$fpl$fretinf       fz_ws.l(fretinf.o)
    0x08005c84   0x08005c84   0x00000062   Code   RO         5849    x$fpl$frleqf        fz_ws.l(frleqf.o)
    0x08005ce6   0x08005ce6   0x00000002   PAD
    0x08005ce8   0x08005ce8   0x000000ea   Code   RO         5821    x$fpl$fsub          fz_ws.l(faddsub_clz.o)
    0x08005dd2   0x08005dd2   0x00000000   Code   RO         5901    x$fpl$usenofp       fz_ws.l(usenofp.o)
    0x08005dd2   0x08005dd2   0x000005f0   Data   RO         4719    .constdata          oled.o
    0x080063c2   0x080063c2   0x00000002   PAD
    0x080063c4   0x080063c4   0x00000050   Data   RO         5229    .constdata          inv_mpu.o
    0x08006414   0x08006414   0x00000bf6   Data   RO         5546    .constdata          inv_mpu_dmp_motion_driver.o
    0x0800700a   0x0800700a   0x00000011   Data   RO         5775    .constdata          c_w.l(__printf_flags_wp.o)
    0x0800701b   0x0800701b   0x00000004   Data   RO         5986    .constdata          c_w.l(sys_io.o)
    0x0800701f   0x0800701f   0x00000004   Data   RO         5987    .constdata          c_w.l(sys_io.o)
    0x08007023   0x08007023   0x00000004   Data   RO         5988    .constdata          c_w.l(sys_io.o)
    0x08007027   0x08007027   0x00000001   PAD
    0x08007028   0x08007028   0x0000004d   Data   RO         5230    .conststring        inv_mpu.o
    0x08007075   0x08007075   0x00000003   PAD
    0x08007078   0x08007078   0x00000020   Data   RO         6290    Region$$Table       anon$$obj.o


    Execution Region RW_IRAM1 (Exec base: 0x20000000, Load base: 0x08007098, Size: 0x00004d20, Max: 0x00005000, ABSOLUTE)

    Exec Addr    Load Addr    Size         Type   Attr      Idx    E Section Name        Object

    0x20000000   0x08007098   0x00000014   Data   RW           31    .data               system_stm32f10x.o
    0x20000014   0x080070ac   0x00000040   Data   RW          676    .data               tasks.o
    0x20000054   0x080070ec   0x00000004   Data   RW          941    .data               port.o
    0x20000058   0x080070f0   0x00000020   Data   RW         1012    .data               heap_4.o
    0x20000078   0x08007110   0x00000014   Data   RW         2930    .data               stm32f10x_rcc.o
    0x2000008c   0x08007124   0x00000004   Data   RW         4479    .data               delay.o
    0x20000090   0x08007128   0x00000014   Data   RW         4657    .data               taskmanage.o
    0x200000a4   0x0800713c   0x00000001   Data   RW         4904    .data               bluetooth.o
    0x200000a5   0x0800713d   0x00000003   PAD
    0x200000a8   0x08007140   0x00000035   Data   RW         5231    .data               inv_mpu.o
    0x200000dd   0x08007175   0x00000003   PAD
    0x200000e0   0x08007178   0x00000004   Data   RW         5882    .data               c_w.l(stdio_streams.o)
    0x200000e4   0x0800717c   0x00000004   Data   RW         5883    .data               c_w.l(stdio_streams.o)
    0x200000e8   0x08007180   0x00000004   Data   RW         5884    .data               c_w.l(stdio_streams.o)
    0x200000ec        -       0x000000c8   Zero   RW          675    .bss                tasks.o
    0x200001b4        -       0x00004400   Zero   RW         1011    .bss                heap_4.o
    0x200045b4        -       0x00000010   Zero   RW         5545    .bss                inv_mpu_dmp_motion_driver.o
    0x200045c4        -       0x00000054   Zero   RW         5879    .bss                c_w.l(stdio_streams.o)
    0x20004618        -       0x00000054   Zero   RW         5880    .bss                c_w.l(stdio_streams.o)
    0x2000466c        -       0x00000054   Zero   RW         5881    .bss                c_w.l(stdio_streams.o)
    0x200046c0        -       0x00000060   Zero   RW         5991    .bss                c_w.l(libspace.o)
    0x20004720        -       0x00000200   Zero   RW           18    HEAP                startup_stm32f10x_md.o
    0x20004920        -       0x00000400   Zero   RW           17    STACK               startup_stm32f10x_md.o


==============================================================================

Image component sizes


      Code (inc. data)   RO Data    RW Data    ZI Data      Debug   Object Name

       224         20          0          1          0       1663   bluetooth.o
         0          0          0          0          0       4540   core_cm3.o
       220         26          0          4          0       1535   delay.o
       288         18          0          0          0       1548   encoder.o
         0          0          0          0          0       2480   event_groups.o
       568         72          0         32      17408       3691   heap_4.o
      6122        280        157         53          0      27320   inv_mpu.o
      2536        112       3062          0         16      18026   inv_mpu_dmp_motion_driver.o
       148          0          0          0          0       2890   list.o
        54          0          0          0          0        834   main.o
       152         12          0          0          0     204626   misc.o
       240         38          0          0          0       2588   motor.o
       608          0          0          0          0       5747   mpu6050_1.o
       608         94          0          0          0       4406   mpuiic.o
       848         22       1520          0          0       7215   oled.o
       404         48          0          4          0       8744   port.o
       192         20          0          0          0       1519   pwm.o
        64         26        236          0       1536        768   startup_stm32f10x_md.o
         0          0          0          0          0       1632   stm32f10x_adc.o
       296          0          0          0          0      11588   stm32f10x_gpio.o
        20          0          0          0          0       2353   stm32f10x_it.o
       276         32          0         20          0      12806   stm32f10x_rcc.o
       632         72          0          0          0      26707   stm32f10x_tim.o
       350          6          0          0          0      10468   stm32f10x_usart.o
       328         28          0         20          0      53281   system_stm32f10x.o
       506        108          0         20          0       2844   taskmanage.o
      2160        300          0         64        200      25661   tasks.o

    ----------------------------------------------------------------------
     17866       1334       5012        224      19160     447480   Object Totals
         0          0         32          0          0          0   (incl. Generated)
        22          0          5          6          0          0   (incl. Padding)

    ----------------------------------------------------------------------

      Code (inc. data)   RO Data    RW Data    ZI Data      Debug   Library Member Name

         8          0          0          0          0         68   __main.o
       312          4         17          0          0         92   __printf_flags_wp.o
        14          0          0          0          0         68   __printf_wp.o
         0          0          0          0          0          0   __rtentry.o
        12          0          0          0          0          0   __rtentry2.o
         6          0          0          0          0          0   __rtentry4.o
        52          8          0          0          0          0   __scatter.o
        26          0          0          0          0          0   __scatter_copy.o
        28          0          0          0          0          0   __scatter_zi.o
        48          6          0          0          0         96   _printf_char_common.o
        36          4          0          0          0         80   _printf_char_file.o
         6          0          0          0          0          0   _printf_d.o
       120         16          0          0          0         92   _printf_dec.o
       178          0          0          0          0         88   _printf_intcommon.o
         0          0          0          0          0          0   _printf_percent.o
         4          0          0          0          0          0   _printf_percent_end.o
        16          0          0          0          0         68   aeabi_memset.o
        10          0          0          0          0         68   defsig_exit.o
        50          0          0          0          0         88   defsig_general.o
        80         58          0          0          0         76   defsig_rtmem_inner.o
        14          0          0          0          0         80   defsig_rtmem_outer.o
        52         38          0          0          0         76   defsig_rtred_inner.o
        14          0          0          0          0         80   defsig_rtred_outer.o
        18          0          0          0          0         80   exit.o
        76          0          0          0          0         88   fclose.o
         8          0          0          0          0         68   ferror.o
       470          0          0          0          0         88   flsbuf.o
       236          4          0          0          0        128   fopen.o
        26          0          0          0          0         68   fputc.o
       248          6          0          0          0         84   fseek.o
        66          0          0          0          0         76   ftell.o
        94          0          0          0          0         80   h1_alloc.o
        52          0          0          0          0         68   h1_extend.o
        78          0          0          0          0         80   h1_free.o
        14          0          0          0          0         84   h1_init.o
         6          0          0          0          0        152   heapauxi.o
         4          0          0          0          0        136   hguard.o
         0          0          0          0          0          0   indicate_semi.o
       138          0          0          0          0        168   init_alloc.o
       312         46          0          0          0        112   initio.o
         2          0          0          0          0          0   libinit.o
        14          0          0          0          0          0   libinit2.o
         2          0          0          0          0          0   libshutdown.o
         6          0          0          0          0          0   libshutdown2.o
         8          4          0          0         96         68   libspace.o
        72          0          0          0          0         76   llsdiv.o
       238          0          0          0          0        100   lludivv7m.o
         0          0          0          0          0          0   maybetermalloc1.o
        88          0          0          0          0         76   memcmp.o
        24          4          0          0          0         84   noretval__2printf.o
         8          4          0          0          0         68   rt_errno_addr_intlibspace.o
         8          4          0          0          0         68   rt_heap_descriptor_intlibspace.o
        68          0          0          0          0         68   rt_memclr.o
        78          0          0          0          0         80   rt_memclr_w.o
         2          0          0          0          0          0   rtexit.o
        10          0          0          0          0          0   rtexit2.o
        70          0          0          0          0         80   setvbuf.o
       240          6          0          0          0        156   stdio.o
         0          0          0         12        252          0   stdio_streams.o
        62          0          0          0          0         76   strlen.o
        12          4          0          0          0         68   sys_exit.o
       102          0         12          0          0        240   sys_io.o
        74          0          0          0          0         80   sys_stackheap_outer.o
        14          0          0          0          0         76   sys_wrch.o
         2          0          0          0          0         68   use_no_semi.o
       430          8          0          0          0        168   faddsub_clz.o
        24          0          0          0          0         68   fcmpi.o
       388         76          0          0          0         96   fdiv.o
       104          4          0          0          0         84   feqf.o
        54          4          0          0          0         84   ffix.o
        62          4          0          0          0         84   ffixu.o
        86          0          0          0          0        136   fflt_clz.o
       104          4          0          0          0         84   fleqf.o
       258          4          0          0          0         84   fmul.o
       140          4          0          0          0         84   fnaninf.o
        10          0          0          0          0         68   fretinf.o
        98          0          0          0          0         68   frleqf.o
         0          0          0          0          0          0   usenofp.o

    ----------------------------------------------------------------------
      5916        324         30         12        348       5320   Library Totals
        22          0          1          0          0          0   (incl. Padding)

    ----------------------------------------------------------------------

      Code (inc. data)   RO Data    RW Data    ZI Data      Debug   Library Name

      4136        216         29         12        348       4212   c_w.l
      1758        108          0          0          0       1108   fz_ws.l

    ----------------------------------------------------------------------
      5916        324         30         12        348       5320   Library Totals

    ----------------------------------------------------------------------

==============================================================================


      Code (inc. data)   RO Data    RW Data    ZI Data      Debug   

     23782       1658       5042        236      19508     441096   Grand Totals
     23782       1658       5042        236      19508     441096   ELF Image Totals
     23782       1658       5042        236          0          0   ROM Totals

==============================================================================

    Total RO  Size (Code + RO Data)                28824 (  28.15kB)
    Total RW  Size (RW Data + ZI Data)             19744 (  19.28kB)
    Total ROM Size (Code + RO Data + RW Data)      29060 (  28.38kB)

==============================================================================

