Component: ARM Compiler 5.06 update 5 (build 528) Tool: armlink [4d35e2]

==============================================================================

Section Cross References

    stm32f10x_gpio.o(i.GPIO_AFIODeInit) refers to stm32f10x_rcc.o(i.RCC_APB2PeriphResetCmd) for RCC_APB2PeriphResetCmd
    stm32f10x_gpio.o(i.GPIO_DeInit) refers to stm32f10x_rcc.o(i.RCC_APB2PeriphResetCmd) for RCC_APB2PeriphResetCmd
    stm32f10x_rcc.o(i.RCC_GetClocksFreq) refers to stm32f10x_rcc.o(.data) for APBAHBPrescTable
    stm32f10x_rcc.o(i.RCC_WaitForHSEStartUp) refers to stm32f10x_rcc.o(i.RCC_GetFlagStatus) for RCC_GetFlagStatus
    stm32f10x_usart.o(i.USART_DeInit) refers to stm32f10x_rcc.o(i.RCC_APB2PeriphResetCmd) for RCC_APB2PeriphResetCmd
    stm32f10x_usart.o(i.USART_DeInit) refers to stm32f10x_rcc.o(i.RCC_APB1PeriphResetCmd) for RCC_APB1PeriphResetCmd
    stm32f10x_usart.o(i.USART_Init) refers to stm32f10x_rcc.o(i.RCC_GetClocksFreq) for RCC_GetClocksFreq
    stm32f10x_tim.o(i.TIM_DeInit) refers to stm32f10x_rcc.o(i.RCC_APB2PeriphResetCmd) for RCC_APB2PeriphResetCmd
    stm32f10x_tim.o(i.TIM_DeInit) refers to stm32f10x_rcc.o(i.RCC_APB1PeriphResetCmd) for RCC_APB1PeriphResetCmd
    stm32f10x_tim.o(i.TIM_ETRClockMode1Config) refers to stm32f10x_tim.o(i.TIM_ETRConfig) for TIM_ETRConfig
    stm32f10x_tim.o(i.TIM_ETRClockMode2Config) refers to stm32f10x_tim.o(i.TIM_ETRConfig) for TIM_ETRConfig
    stm32f10x_tim.o(i.TIM_ICInit) refers to stm32f10x_tim.o(i.TI1_Config) for TI1_Config
    stm32f10x_tim.o(i.TIM_ICInit) refers to stm32f10x_tim.o(i.TIM_SetIC1Prescaler) for TIM_SetIC1Prescaler
    stm32f10x_tim.o(i.TIM_ICInit) refers to stm32f10x_tim.o(i.TI2_Config) for TI2_Config
    stm32f10x_tim.o(i.TIM_ICInit) refers to stm32f10x_tim.o(i.TIM_SetIC2Prescaler) for TIM_SetIC2Prescaler
    stm32f10x_tim.o(i.TIM_ICInit) refers to stm32f10x_tim.o(i.TI3_Config) for TI3_Config
    stm32f10x_tim.o(i.TIM_ICInit) refers to stm32f10x_tim.o(i.TIM_SetIC3Prescaler) for TIM_SetIC3Prescaler
    stm32f10x_tim.o(i.TIM_ICInit) refers to stm32f10x_tim.o(i.TI4_Config) for TI4_Config
    stm32f10x_tim.o(i.TIM_ICInit) refers to stm32f10x_tim.o(i.TIM_SetIC4Prescaler) for TIM_SetIC4Prescaler
    stm32f10x_tim.o(i.TIM_ITRxExternalClockConfig) refers to stm32f10x_tim.o(i.TIM_SelectInputTrigger) for TIM_SelectInputTrigger
    stm32f10x_tim.o(i.TIM_PWMIConfig) refers to stm32f10x_tim.o(i.TI1_Config) for TI1_Config
    stm32f10x_tim.o(i.TIM_PWMIConfig) refers to stm32f10x_tim.o(i.TIM_SetIC1Prescaler) for TIM_SetIC1Prescaler
    stm32f10x_tim.o(i.TIM_PWMIConfig) refers to stm32f10x_tim.o(i.TI2_Config) for TI2_Config
    stm32f10x_tim.o(i.TIM_PWMIConfig) refers to stm32f10x_tim.o(i.TIM_SetIC2Prescaler) for TIM_SetIC2Prescaler
    stm32f10x_tim.o(i.TIM_TIxExternalClockConfig) refers to stm32f10x_tim.o(i.TI2_Config) for TI2_Config
    stm32f10x_tim.o(i.TIM_TIxExternalClockConfig) refers to stm32f10x_tim.o(i.TI1_Config) for TI1_Config
    stm32f10x_tim.o(i.TIM_TIxExternalClockConfig) refers to stm32f10x_tim.o(i.TIM_SelectInputTrigger) for TIM_SelectInputTrigger
    startup_stm32f10x_md.o(RESET) refers to startup_stm32f10x_md.o(STACK) for __initial_sp
    startup_stm32f10x_md.o(RESET) refers to startup_stm32f10x_md.o(.text) for Reset_Handler
    startup_stm32f10x_md.o(RESET) refers to stm32f10x_it.o(i.NMI_Handler) for NMI_Handler
    startup_stm32f10x_md.o(RESET) refers to stm32f10x_it.o(i.HardFault_Handler) for HardFault_Handler
    startup_stm32f10x_md.o(RESET) refers to stm32f10x_it.o(i.MemManage_Handler) for MemManage_Handler
    startup_stm32f10x_md.o(RESET) refers to stm32f10x_it.o(i.BusFault_Handler) for BusFault_Handler
    startup_stm32f10x_md.o(RESET) refers to stm32f10x_it.o(i.UsageFault_Handler) for UsageFault_Handler
    startup_stm32f10x_md.o(RESET) refers to port.o(.emb_text) for SVC_Handler
    startup_stm32f10x_md.o(RESET) refers to stm32f10x_it.o(i.DebugMon_Handler) for DebugMon_Handler
    startup_stm32f10x_md.o(RESET) refers to stm32f10x_it.o(i.SysTick_Handler) for SysTick_Handler
    startup_stm32f10x_md.o(RESET) refers to taskmanage.o(i.EXTI9_5_IRQHandler) for EXTI9_5_IRQHandler
    startup_stm32f10x_md.o(RESET) refers to encoder.o(i.TIM2_IRQHandler) for TIM2_IRQHandler
    startup_stm32f10x_md.o(RESET) refers to encoder.o(i.TIM4_IRQHandler) for TIM4_IRQHandler
    startup_stm32f10x_md.o(RESET) refers to usart.o(i.USART3_IRQHandler) for USART3_IRQHandler
    startup_stm32f10x_md.o(.text) refers to system_stm32f10x.o(i.SystemInit) for SystemInit
    startup_stm32f10x_md.o(.text) refers to entry.o(.ARM.Collect$$$$00000000) for __main
    event_groups.o(i.vEventGroupClearBitsCallback) refers to event_groups.o(i.xEventGroupClearBits) for xEventGroupClearBits
    event_groups.o(i.vEventGroupDelete) refers to tasks.o(i.vTaskSuspendAll) for vTaskSuspendAll
    event_groups.o(i.vEventGroupDelete) refers to tasks.o(i.vTaskRemoveFromUnorderedEventList) for vTaskRemoveFromUnorderedEventList
[...]
    i.TIM2_IRQHandler                        0x08001a68   Section        0  encoder.o(i.TIM2_IRQHandler)
    i.TIM4_IRQHandler                        0x08001a80   Section        0  encoder.o(i.TIM4_IRQHandler)
    i.TIM_ClearITPendingBit                  0x08001a9c   Section        0  stm32f10x_tim.o(i.TIM_ClearITPendingBit)
    i.TIM_GetITStatus                        0x08001aa2   Section        0  stm32f10x_tim.o(i.TIM_GetITStatus)
    i.USART3_IRQHandler                      0x08001ac4   Section        0  usart.o(i.USART3_IRQHandler)
    i.USART_GetITStatus                      0x08001b4c   Section        0  stm32f10x_usart.o(i.USART_GetITStatus)
    i.USART_ReceiveData                      0x08001ba0   Section        0  stm32f10x_usart.o(i.USART_ReceiveData)
    i.UsageFault_Handler                     0x08001baa   Section        0  stm32f10x_it.o(i.UsageFault_Handler)
    i.__0printf                              0x08001bb0   Section        0  printfa.o(i.__0printf)
    i.__ARM_fpclassify                       0x08001bd0   Section        0  fpclassify.o(i.__ARM_fpclassify)
    i.__kernel_poly                          0x08001bf8   Section        0  poly.o(i.__kernel_poly)
    i.__mathlib_dbl_infnan                   0x08001ca2   Section        0  dunder.o(i.__mathlib_dbl_infnan)
    i.__mathlib_dbl_infnan2                  0x08001ca8   Section        0  dunder.o(i.__mathlib_dbl_infnan2)
    i.__mathlib_dbl_invalid                  0x08001cac   Section        0  dunder.o(i.__mathlib_dbl_invalid)
    i.__mathlib_dbl_underflow                0x08001cb8   Section        0  dunder.o(i.__mathlib_dbl_underflow)
    i.__scatterload_copy                     0x08001cc8   Section       14  handlers.o(i.__scatterload_copy)
    i.__scatterload_null                     0x08001cd6   Section        2  handlers.o(i.__scatterload_null)
    i.__scatterload_zeroinit                 0x08001cd8   Section       14  handlers.o(i.__scatterload_zeroinit)
    i.__set_errno                            0x08001ce8   Section        0  errno.o(i.__set_errno)
    i._fp_digits                             0x08001cf4   Section        0  printfa.o(i._fp_digits)
    _fp_digits                               0x08001cf5   Thumb Code   366  printfa.o(i._fp_digits)
    i._printf_core                           0x08001e78   Section        0  printfa.o(i._printf_core)
    _printf_core                             0x08001e79   Thumb Code  1744  printfa.o(i._printf_core)
    i._printf_post_padding                   0x08002554   Section        0  printfa.o(i._printf_post_padding)
    _printf_post_padding                     0x08002555   Thumb Code    36  printfa.o(i._printf_post_padding)
    i._printf_pre_padding                    0x08002578   Section        0  printfa.o(i._printf_pre_padding)
    _printf_pre_padding                      0x08002579   Thumb Code    46  printfa.o(i._printf_pre_padding)
    i.accel_self_test                        0x080025a8   Section        0  inv_mpu.o(i.accel_self_test)
    accel_self_test                          0x080025a9   Thumb Code   164  inv_mpu.o(i.accel_self_test)
    i.asin                                   0x08002650   Section        0  asin.o(i.asin)
    i.atan                                   0x080028c0   Section        0  atan.o(i.atan)
    i.atan2                                  0x08002ae0   Section        0  atan2.o(i.atan2)
    i.decode_gesture                         0x08002c60   Section        0  inv_mpu_dmp_motion_driver.o(i.decode_gesture)
    decode_gesture                           0x08002c61   Thumb Code    94  inv_mpu_dmp_motion_driver.o(i.decode_gesture)
    i.delay_init                             0x08002cc4   Section        0  delay.o(i.delay_init)
    i.delay_ms                               0x08002d08   Section        0  delay.o(i.delay_ms)
    i.delay_us                               0x08002d54   Section        0  delay.o(i.delay_us)
    i.dmp_enable_6x_lp_quat                  0x08002da0   Section        0  inv_mpu_dmp_motion_driver.o(i.dmp_enable_6x_lp_quat)
    i.dmp_enable_feature                     0x08002ddc   Section        0  inv_mpu_dmp_motion_driver.o(i.dmp_enable_feature)
    i.dmp_enable_gyro_cal                    0x08002ff8   Section        0  inv_mpu_dmp_motion_driver.o(i.dmp_enable_gyro_cal)
    i.dmp_enable_lp_quat                     0x08003050   Section        0  inv_mpu_dmp_motion_driver.o(i.dmp_enable_lp_quat)
    i.dmp_load_motion_driver_firmware        0x0800308c   Section        0  inv_mpu_dmp_motion_driver.o(i.dmp_load_motion_driver_firmware)
    i.dmp_read_fifo                          0x080030a4   Section        0  inv_mpu_dmp_motion_driver.o(i.dmp_read_fifo)
    i.dmp_set_accel_bias                     0x08003270   Section        0  inv_mpu_dmp_motion_driver.o(i.dmp_set_accel_bias)
    i.dmp_set_fifo_rate                      0x080033a0   Section        0  inv_mpu_dmp_motion_driver.o(i.dmp_set_fifo_rate)
    i.dmp_set_gyro_bias                      0x08003410   Section        0  inv_mpu_dmp_motion_driver.o(i.dmp_set_gyro_bias)
    i.dmp_set_orientation                    0x08003540   Section        0  inv_mpu_dmp_motion_driver.o(i.dmp_set_orientation)
    i.dmp_set_shake_reject_thresh            0x08003678   Section        0  inv_mpu_dmp_motion_driver.o(i.dmp_set_shake_reject_thresh)
    i.dmp_set_shake_reject_time              0x080036b0   Section        0  inv_mpu_dmp_motion_driver.o(i.dmp_set_shake_reject_time)
    i.dmp_set_shake_reject_timeout           0x080036d6   Section        0  inv_mpu_dmp_motion_driver.o(i.dmp_set_shake_reject_timeout)
    i.dmp_set_tap_axes                       0x080036fc   Section        0  inv_mpu_dmp_motion_driver.o(i.dmp_set_tap_axes)
    i.dmp_set_tap_count                      0x08003742   Section        0  inv_mpu_dmp_motion_driver.o(i.dmp_set_tap_count)
    i.dmp_set_tap_thresh                     0x08003768   Section        0  inv_mpu_dmp_motion_driver.o(i.dmp_set_tap_thresh)
    i.dmp_set_tap_time                       0x08003908   Section        0  inv_mpu_dmp_motion_driver.o(i.dmp_set_tap_time)
    i.dmp_set_tap_time_multi                 0x0800392e   Section        0  inv_mpu_dmp_motion_driver.o(i.dmp_set_tap_time_multi)
    i.fputc                                  0x08003954   Section        0  usart.o(i.fputc)
    i.get_accel_prod_shift                   0x08003970   Section        0  inv_mpu.o(i.get_accel_prod_shift)
    get_accel_prod_shift                     0x08003971   Thumb Code   168  inv_mpu.o(i.get_accel_prod_shift)
    i.get_st_biases                          0x08003a24   Section        0  inv_mpu.o(i.get_st_biases)
    get_st_biases                            0x08003a25   Thumb Code  1132  inv_mpu.o(i.get_st_biases)
    i.gyro_self_test                         0x08003e94   Section        0  inv_mpu.o(i.gyro_self_test)
    gyro_self_test                           0x08003e95   Thumb Code   256  inv_mpu.o(i.gyro_self_test)
    i.inv_orientation_matrix_to_scalar       0x08003fa4   Section        0  inv_mpu.o(i.inv_orientation_matrix_to_scalar)
    i.inv_row_2_scale                        0x08003fcc   Section        0  inv_mpu.o(i.inv_row_2_scale)
    i.main                                   0x0800401a   Section        0  main.o(i.main)
    i.mget_ms                                0x08004032   Section        0  inv_mpu.o(i.mget_ms)
    i.mpu_configure_fifo                     0x08004034   Section        0  inv_mpu.o(i.mpu_configure_fifo)
    i.mpu_dmp_get_data                       0x080040a4   Section        0  inv_mpu.o(i.mpu_dmp_get_data)
    i.mpu_dmp_init                           0x080042c8   Section        0  inv_mpu.o(i.mpu_dmp_init)
    i.mpu_get_accel_fsr                      0x08004360   Section        0  inv_mpu.o(i.mpu_get_accel_fsr)
    i.mpu_get_accel_sens                     0x080043ac   Section        0  inv_mpu.o(i.mpu_get_accel_sens)
    i.mpu_get_fifo_config                    0x08004400   Section        0  inv_mpu.o(i.mpu_get_fifo_config)
    i.mpu_get_gyro_fsr                       0x08004410   Section        0  inv_mpu.o(i.mpu_get_gyro_fsr)
    i.mpu_get_gyro_sens                      0x08004454   Section        0  inv_mpu.o(i.mpu_get_gyro_sens)
    i.mpu_get_lpf                            0x080044a4   Section        0  inv_mpu.o(i.mpu_get_lpf)
    i.mpu_get_sample_rate                    0x080044f4   Section        0  inv_mpu.o(i.mpu_get_sample_rate)
    i.mpu_init                               0x08004514   Section        0  inv_mpu.o(i.mpu_init)
    i.mpu_load_firmware                      0x08004704   Section        0  inv_mpu.o(i.mpu_load_firmware)
    i.mpu_lp_accel_mode                      0x080047bc   Section        0  inv_mpu.o(i.mpu_lp_accel_mode)
    i.mpu_read_fifo_stream                   0x0800489c   Section        0  inv_mpu.o(i.mpu_read_fifo_stream)
    i.mpu_read_mem                           0x0800495c   Section        0  inv_mpu.o(i.mpu_read_mem)
    i.mpu_reset_fifo                         0x080049dc   Section        0  inv_mpu.o(i.mpu_reset_fifo)
    i.mpu_run_self_test                      0x08004ba4   Section        0  inv_mpu.o(i.mpu_run_self_test)
    i.mpu_set_accel_fsr                      0x08004cc0   Section        0  inv_mpu.o(i.mpu_set_accel_fsr)
    i.mpu_set_bypass                         0x08004d44   Section        0  inv_mpu.o(i.mpu_set_bypass)
    i.mpu_set_dmp_state                      0x08004e90   Section        0  inv_mpu.o(i.mpu_set_dmp_state)
    i.mpu_set_gyro_fsr                       0x08004f20   Section        0  inv_mpu.o(i.mpu_set_gyro_fsr)
    i.mpu_set_int_latched                    0x08004fa8   Section        0  inv_mpu.o(i.mpu_set_int_latched)
    i.mpu_set_lpf                            0x08005014   Section        0  inv_mpu.o(i.mpu_set_lpf)
    i.mpu_set_sample_rate                    0x08005098   Section        0  inv_mpu.o(i.mpu_set_sample_rate)
    i.mpu_set_sensors                        0x08005134   Section        0  inv_mpu.o(i.mpu_set_sensors)
    i.mpu_write_mem                          0x08005204   Section        0  inv_mpu.o(i.mpu_write_mem)
    i.prvAddCurrentTaskToDelayedList         0x08005284   Section        0  tasks.o(i.prvAddCurrentTaskToDelayedList)
    prvAddCurrentTaskToDelayedList           0x08005285   Thumb Code   164  tasks.o(i.prvAddCurrentTaskToDelayedList)
    i.prvAddNewTaskToReadyList               0x08005344   Section        0  tasks.o(i.prvAddNewTaskToReadyList)
    prvAddNewTaskToReadyList                 0x08005345   Thumb Code   200  tasks.o(i.prvAddNewTaskToReadyList)
    i.prvCheckTasksWaitingTermination        0x08005428   Section        0  tasks.o(i.prvCheckTasksWaitingTermination)
    prvCheckTasksWaitingTermination          0x08005429   Thumb Code    60  tasks.o(i.prvCheckTasksWaitingTermination)
    i.prvDeleteTCB                           0x08005470   Section        0  tasks.o(i.prvDeleteTCB)
    prvDeleteTCB                             0x08005471   Thumb Code    18  tasks.o(i.prvDeleteTCB)
    i.prvHeapInit                            0x08005484   Section        0  heap_4.o(i.prvHeapInit)
    prvHeapInit                              0x08005485   Thumb Code    98  heap_4.o(i.prvHeapInit)
    i.prvIdleTask                            0x08005500   Section        0  tasks.o(i.prvIdleTask)
    prvIdleTask                              0x08005501   Thumb Code    32  tasks.o(i.prvIdleTask)
    i.prvInitialiseNewTask                   0x08005528   Section        0  tasks.o(i.prvInitialiseNewTask)
    prvInitialiseNewTask                     0x08005529   Thumb Code   138  tasks.o(i.prvInitialiseNewTask)
    i.prvInitialiseTaskLists                 0x080055b4   Section        0  tasks.o(i.prvInitialiseTaskLists)
    prvInitialiseTaskLists                   0x080055b5   Thumb Code    70  tasks.o(i.prvInitialiseTaskLists)
    i.prvInsertBlockIntoFreeList             0x0800561c   Section        0  heap_4.o(i.prvInsertBlockIntoFreeList)
    prvInsertBlockIntoFreeList               0x0800561d   Thumb Code    96  heap_4.o(i.prvInsertBlockIntoFreeList)
    i.prvResetNextTaskUnblockTime            0x08005684   Section        0  tasks.o(i.prvResetNextTaskUnblockTime)
    prvResetNextTaskUnblockTime              0x08005685   Thumb Code    40  tasks.o(i.prvResetNextTaskUnblockTime)
    i.prvTaskExitError                       0x080056b4   Section        0  port.o(i.prvTaskExitError)
    prvTaskExitError                         0x080056b5   Thumb Code    22  port.o(i.prvTaskExitError)
    i.pvPortMalloc                           0x080056cc   Section        0  heap_4.o(i.pvPortMalloc)
    i.pxPortInitialiseStack                  0x080057c8   Section        0  port.o(i.pxPortInitialiseStack)
    i.run_self_test                          0x080057ec   Section        0  inv_mpu.o(i.run_self_test)
    i.set_int_enable                         0x08005884   Section        0  inv_mpu.o(i.set_int_enable)
    set_int_enable                           0x08005885   Thumb Code   138  inv_mpu.o(i.set_int_enable)
    i.sqrt                                   0x08005914   Section        0  sqrt.o(i.sqrt)
    i.uxListRemove                           0x08005960   Section        0  list.o(i.uxListRemove)
    i.vBluetooth                             0x08005988   Section        0  taskmanage.o(i.vBluetooth)
    i.vListInitialise                        0x0800598a   Section        0  list.o(i.vListInitialise)
    i.vListInitialiseItem                    0x080059a4   Section        0  list.o(i.vListInitialiseItem)
    i.vListInsert                            0x080059aa   Section        0  list.o(i.vListInsert)
    i.vListInsertEnd                         0x080059de   Section        0  list.o(i.vListInsertEnd)
    i.vOLED                                  0x080059f6   Section        0  taskmanage.o(i.vOLED)
    i.vPID                                   0x08005a00   Section        0  taskmanage.o(i.vPID)
    i.vPortEnterCritical                     0x08005a94   Section        0  port.o(i.vPortEnterCritical)
    i.vPortExitCritical                      0x08005ab8   Section        0  port.o(i.vPortExitCritical)
    i.vPortFree                              0x08005ad8   Section        0  heap_4.o(i.vPortFree)
    i.vPortSetupTimerInterrupt               0x08005b30   Section        0  port.o(i.vPortSetupTimerInterrupt)
    i.vStart                                 0x08005b48   Section        0  taskmanage.o(i.vStart)
    i.vTaskDelay                             0x08005c18   Section        0  tasks.o(i.vTaskDelay)
    i.vTaskDelete                            0x08005c4c   Section        0  tasks.o(i.vTaskDelete)
    i.vTaskFunction                          0x08005d18   Section        0  taskmanage.o(i.vTaskFunction)
    i.vTaskStartScheduler                    0x08005d3c   Section        0  tasks.o(i.vTaskStartScheduler)
    i.vTaskSuspendAll                        0x08005da8   Section        0  tasks.o(i.vTaskSuspendAll)
    i.vTaskSwitchContext                     0x08005db8   Section        0  tasks.o(i.vTaskSwitchContext)
    i.xPortStartScheduler                    0x08005e18   Section        0  port.o(i.xPortStartScheduler)
    i.xPortSysTickHandler                    0x08005e4c   Section        0  port.o(i.xPortSysTickHandler)
    i.xTaskCreate                            0x08005e80   Section        0  tasks.o(i.xTaskCreate)
    i.xTaskGetSchedulerState                 0x08005ee0   Section        0  tasks.o(i.xTaskGetSchedulerState)
    i.xTaskIncrementTick                     0x08005f00   Section        0  tasks.o(i.xTaskIncrementTick)
    i.xTaskResumeAll                         0x08006090   Section        0  tasks.o(i.xTaskResumeAll)
    .constdata                               0x080061ec   Section       80  inv_mpu.o(.constdata)
    .constdata                               0x0800623c   Section     3062  inv_mpu_dmp_motion_driver.o(.constdata)
    dmp_memory                               0x0800623c   Data        3062  inv_mpu_dmp_motion_driver.o(.constdata)
    .constdata                               0x08006e32   Section     1520  oled.o(.constdata)
    .constdata                               0x08007428   Section       80  asin.o(.constdata)
    pS                                       0x08007428   Data          48  asin.o(.constdata)
    qS                                       0x08007458   Data          32  asin.o(.constdata)
    .constdata                               0x08007478   Section      152  atan.o(.constdata)
    atanhi                                   0x08007478   Data          32  atan.o(.constdata)
    atanlo                                   0x08007498   Data          32  atan.o(.constdata)
    aTodd                                    0x080074b8   Data          40  atan.o(.constdata)
    aTeven                                   0x080074e0   Data          48  atan.o(.constdata)
    .constdata                               0x08007510   Section        8  qnan.o(.constdata)
    .conststring                             0x08007518   Section       77  inv_mpu.o(.conststring)
    .data                                    0x20000000   Section       64  tasks.o(.data)
    pxDelayedTaskList                        0x20000004   Data           4  tasks.o(.data)
    pxOverflowDelayedTaskList                0x20000008   Data           4  tasks.o(.data)
    uxDeletedTasksWaitingCleanUp             0x2000000c   Data           4  tasks.o(.data)
    uxCurrentNumberOfTasks                   0x20000010   Data           4  tasks.o(.data)
    xTickCount                               0x20000014   Data           4  tasks.o(.data)
    uxTopReadyPriority                       0x20000018   Data           4  tasks.o(.data)
    xSchedulerRunning                        0x2000001c   Data           4  tasks.o(.data)
    xPendedTicks                             0x20000020   Data           4  tasks.o(.data)
    xYieldPending                            0x20000024   Data           4  tasks.o(.data)
    xNumOfOverflows                          0x20000028   Data           4  tasks.o(.data)
    uxTaskNumber                             0x2000002c   Data           4  tasks.o(.data)
    xNextTaskUnblockTime                     0x20000030   Data           4  tasks.o(.data)
    xIdleTaskHandle                          0x20000034   Data           4  tasks.o(.data)
    uxSchedulerSuspended                     0x2000003c   Data           4  tasks.o(.data)
    .data                                    0x20000040   Section       32  heap_4.o(.data)
    xStart                                   0x20000040   Data           8  heap_4.o(.data)
    pxEnd                                    0x20000048   Data           4  heap_4.o(.data)
    xFreeBytesRemaining                      0x2000004c   Data           4  heap_4.o(.data)
    xMinimumEverFreeBytesRemaining           0x20000050   Data           4  heap_4.o(.data)
    xNumberOfSuccessfulAllocations           0x20000054   Data           4  heap_4.o(.data)
    xNumberOfSuccessfulFrees                 0x20000058   Data           4  heap_4.o(.data)
    xBlockAllocatedBit                       0x2000005c   Data           4  heap_4.o(.data)
    .data                                    0x20000060   Section        4  port.o(.data)
    uxCriticalNesting                        0x20000060   Data           4  port.o(.data)
    .data                                    0x20000064   Section        4  delay.o(.data)
    fac_us                                   0x20000064   Data           1  delay.o(.data)
    fac_ms                                   0x20000066   Data           2  delay.o(.data)
    .data                                    0x20000068   Section        6  usart.o(.data)
    .data                                    0x2000006e   Section        4  systick.o(.data)
    fac_us                                   0x2000006e   Data           1  systick.o(.data)
    fac_ms                                   0x20000070   Data           2  systick.o(.data)
    .data                                    0x20000074   Section       20  system_stm32f10x.o(.data)
    .data                                    0x20000088   Section       53  inv_mpu.o(.data)
    st                                       0x20000088   Data          44  inv_mpu.o(.data)
    gyro_orientation                         0x200000b4   Data           9  inv_mpu.o(.data)
    .data                                    0x200000c0   Section       70  taskmanage.o(.data)
    .data                                    0x20000108   Section        4  errno.o(.data)
    _errno                                   0x20000108   Data           4  errno.o(.data)
    .bss                                     0x2000010c   Section      200  tasks.o(.bss)
    pxReadyTasksLists                        0x2000010c   Data         100  tasks.o(.bss)
    xDelayedTaskList1                        0x20000170   Data          20  tasks.o(.bss)
    xDelayedTaskList2                        0x20000184   Data          20  tasks.o(.bss)
    xPendingReadyList                        0x20000198   Data          20  tasks.o(.bss)
    xTasksWaitingTermination                 0x200001ac   Data          20  tasks.o(.bss)
    xSuspendedTaskList                       0x200001c0   Data          20  tasks.o(.bss)
    .bss                                     0x200001d4   Section    17408  heap_4.o(.bss)
    ucHeap                                   0x200001d4   Data       17408  heap_4.o(.bss)
    .bss                                     0x200045d4   Section      200  usart.o(.bss)
    .bss                                     0x2000469c   Section       16  inv_mpu_dmp_motion_driver.o(.bss)
    dmp                                      0x2000469c   Data          16  inv_mpu_dmp_motion_driver.o(.bss)
    STACK                                    0x200046b0   Section     1024  startup_stm32f10x_md.o(STACK)

    Global Symbols

    Symbol Name                              Value     Ov Type        Size  Object(Section)

    BuildAttributes$$THM_ISAv4$P$D$K$B$S$PE$A:L22UL41UL21$X:L11$S22US41US21$IEEE1$IW$USESV6$~STKCKD$USESV7$~SHL$OTIME$ROPI$IEEEX$EBA8$MICROLIB$REQ8$PRES8$EABIv2 0x00000000   Number         0  anon$$obj.o ABSOLUTE
    __ARM_use_no_argv                        0x00000000   Number         0  main.o ABSOLUTE
    __use_no_errno                           0x00000000   Number         0  useno.o ABSOLUTE
    __use_no_exception_handling              0x00000000   Number         0  useno.o ABSOLUTE
    __use_no_fp                              0x00000000   Number         0  useno.o ABSOLUTE
    __use_no_heap                            0x00000000   Number         0  useno.o ABSOLUTE
    __use_no_heap_region                     0x00000000   Number         0  useno.o ABSOLUTE
    __use_no_semihosting                     0x00000000   Number         0  useno.o ABSOLUTE
    __use_no_semihosting_swi                 0x00000000   Number         0  useno.o ABSOLUTE
    __use_no_signal_handling                 0x00000000   Number         0  useno.o ABSOLUTE
    _printf_a                                0x00000000   Number         0  stubs.o ABSOLUTE
    _printf_c                                0x00000000   Number         0  stubs.o ABSOLUTE
    _printf_charcount                        0x00000000   Number         0  stubs.o ABSOLUTE
    _printf_d                                0x00000000   Number         0  stubs.o ABSOLUTE
    _printf_e                                0x00000000   Number         0  stubs.o ABSOLUTE
    _printf_f                                0x00000000   Number         0  stubs.o ABSOLUTE
    _printf_flags                            0x00000000   Number         0  stubs.o ABSOLUTE
    _printf_fp_dec                           0x00000000   Number         0  stubs.o ABSOLUTE
    _printf_fp_hex                           0x00000000   Number         0  stubs.o ABSOLUTE
    _printf_g                                0x00000000   Number         0  stubs.o ABSOLUTE
    _printf_i                                0x00000000   Number         0  stubs.o ABSOLUTE
    _printf_int_dec                          0x00000000   Number         0  stubs.o ABSOLUTE
    _printf_l                                0x00000000   Number         0  stubs.o ABSOLUTE
    _printf_lc                               0x00000000   Number         0  stubs.o ABSOLUTE
    _printf_ll                               0x00000000   Number         0  stubs.o ABSOLUTE
    _printf_lld                              0x00000000   Number         0  stubs.o ABSOLUTE
    _printf_lli                              0x00000000   Number         0  stubs.o ABSOLUTE
    _printf_llo                              0x00000000   Number         0  stubs.o ABSOLUTE
    _printf_llu                              0x00000000   Number         0  stubs.o ABSOLUTE
    _printf_llx                              0x00000000   Number         0  stubs.o ABSOLUTE
    _printf_longlong_dec                     0x00000000   Number         0  stubs.o ABSOLUTE
    _printf_longlong_hex                     0x00000000   Number         0  stubs.o ABSOLUTE
    _printf_longlong_oct                     0x00000000   Number         0  stubs.o ABSOLUTE
    _printf_ls                               0x00000000   Number         0  stubs.o ABSOLUTE
    _printf_mbtowc                           0x00000000   Number         0  stubs.o ABSOLUTE
    _printf_n                                0x00000000   Number         0  stubs.o ABSOLUTE
    _printf_o                                0x00000000   Number         0  stubs.o ABSOLUTE
    _printf_p                                0x00000000   Number         0  stubs.o ABSOLUTE
    _printf_percent                          0x00000000   Number         0  stubs.o ABSOLUTE
    _printf_pre_padding                      0x00000000   Number         0  stubs.o ABSOLUTE
    _printf_return_value                     0x00000000   Number         0  stubs.o ABSOLUTE
    _printf_s                                0x00000000   Number         0  stubs.o ABSOLUTE
    _printf_sizespec                         0x00000000   Number         0  stubs.o ABSOLUTE
    _printf_str                              0x00000000   Number         0  stubs.o ABSOLUTE
    _printf_truncate_signed                  0x00000000   Number         0  stubs.o ABSOLUTE
    _printf_truncate_unsigned                0x00000000   Number         0  stubs.o ABSOLUTE
    _printf_u                                0x00000000   Number         0  stubs.o ABSOLUTE
    _printf_wc                               0x00000000   Number         0  stubs.o ABSOLUTE
    _printf_wctomb                           0x00000000   Number         0  stubs.o ABSOLUTE
    _printf_widthprec                        0x00000000   Number         0  stubs.o ABSOLUTE
    _printf_x                                0x00000000   Number         0  stubs.o ABSOLUTE
    __cpp_initialize__aeabi_                  - Undefined Weak Reference
    __cxa_finalize                            - Undefined Weak Reference
    __decompress                              - Undefined Weak Reference
    _clock_init                               - Undefined Weak Reference
    _microlib_exit                            - Undefined Weak Reference
    __Vectors_Size                           0x000000ec   Number         0  startup_stm32f10x_md.o ABSOLUTE
    __Vectors                                0x08000000   Data           4  startup_stm32f10x_md.o(RESET)
    __Vectors_End                            0x080000ec   Data           0  startup_stm32f10x_md.o(RESET)
    __main                                   0x080000ed   Thumb Code     0  entry.o(.ARM.Collect$$$$00000000)
    _main_stk                                0x080000ed   Thumb Code     0  entry2.o(.ARM.Collect$$$$00000001)
    _main_scatterload                        0x080000f1   Thumb Code     0  entry5.o(.ARM.Collect$$$$00000004)
    __main_after_scatterload                 0x080000f5   Thumb Code     0  entry5.o(.ARM.Collect$$$$00000004)
    _main_clock                              0x080000f5   Thumb Code     0  entry7b.o(.ARM.Collect$$$$00000008)
    _main_cpp_init                           0x080000f5   Thumb Code     0  entry8b.o(.ARM.Collect$$$$0000000A)
    _main_init                               0x080000f5   Thumb Code     0  entry9a.o(.ARM.Collect$$$$0000000B)
    __rt_final_cpp                           0x080000fd   Thumb Code     0  entry10a.o(.ARM.Collect$$$$0000000D)
    __rt_final_exit                          0x080000fd   Thumb Code     0  entry11a.o(.ARM.Collect$$$$0000000F)
    SVC_Handler                              0x08000101   Thumb Code    32  port.o(.emb_text)
    __asm___6_port_c_39a90d8d__prvStartFirstTask 0x08000125   Thumb Code    28  port.o(.emb_text)
    PendSV_Handler                           0x08000145   Thumb Code    72  port.o(.emb_text)
    vPortGetIPSR                             0x08000191   Thumb Code     6  port.o(.emb_text)
    Reset_Handler                            0x08000199   Thumb Code     8  startup_stm32f10x_md.o(.text)
    ADC1_2_IRQHandler                        0x080001b3   Thumb Code     0  startup_stm32f10x_md.o(.text)
    CAN1_RX1_IRQHandler                      0x080001b3   Thumb Code     0  startup_stm32f10x_md.o(.text)
    CAN1_SCE_IRQHandler                      0x080001b3   Thumb Code     0  startup_stm32f10x_md.o(.text)
    DMA1_Channel1_IRQHandler                 0x080001b3   Thumb Code     0  startup_stm32f10x_md.o(.text)
    DMA1_Channel2_IRQHandler                 0x080001b3   Thumb Code     0  startup_stm32f10x_md.o(.text)
    DMA1_Channel3_IRQHandler                 0x080001b3   Thumb Code     0  startup_stm32f10x_md.o(.text)
    DMA1_Channel4_IRQHandler                 0x080001b3   Thumb Code     0  startup_stm32f10x_md.o(.text)
    DMA1_Channel5_IRQHandler                 0x080001b3   Thumb Code     0  startup_stm32f10x_md.o(.text)
    DMA1_Channel6_IRQHandler                 0x080001b3   Thumb Code     0  startup_stm32f10x_md.o(.text)
    DMA1_Channel7_IRQHandler                 0x080001b3   Thumb Code     0  startup_stm32f10x_md.o(.text)
    EXTI0_IRQHandler                         0x080001b3   Thumb Code     0  startup_stm32f10x_md.o(.text)
    EXTI15_10_IRQHandler                     0x080001b3   Thumb Code     0  startup_stm32f10x_md.o(.text)
    EXTI1_IRQHandler                         0x080001b3   Thumb Code     0  startup_stm32f10x_md.o(.text)
    EXTI2_IRQHandler                         0x080001b3   Thumb Code     0  startup_stm32f10x_md.o(.text)
    EXTI3_IRQHandler                         0x080001b3   Thumb Code     0  startup_stm32f10x_md.o(.text)
    EXTI4_IRQHandler                         0x080001b3   Thumb Code     0  startup_stm32f10x_md.o(.text)
    FLASH_IRQHandler                         0x080001b3   Thumb Code     0  startup_stm32f10x_md.o(.text)
    I2C1_ER_IRQHandler                       0x080001b3   Thumb Code     0  startup_stm32f10x_md.o(.text)
    I2C1_EV_IRQHandler                       0x080001b3   Thumb Code     0  startup_stm32f10x_md.o(.text)
    I2C2_ER_IRQHandler                       0x080001b3   Thumb Code     0  startup_stm32f10x_md.o(.text)
    I2C2_EV_IRQHandler                       0x080001b3   Thumb Code     0  startup_stm32f10x_md.o(.text)
    PVD_IRQHandler                           0x080001b3   Thumb Code     0  startup_stm32f10x_md.o(.text)
    RCC_IRQHandler                           0x080001b3   Thumb Code     0  startup_stm32f10x_md.o(.text)
    RTCAlarm_IRQHandler                      0x080001b3   Thumb Code     0  startup_stm32f10x_md.o(.text)
    RTC_IRQHandler                           0x080001b3   Thumb Code     0  startup_stm32f10x_md.o(.text)
    SPI1_IRQHandler                          0x080001b3   Thumb Code     0  startup_stm32f10x_md.o(.text)
    SPI2_IRQHandler                          0x080001b3   Thumb Code     0  startup_stm32f10x_md.o(.text)
    TAMPER_IRQHandler                        0x080001b3   Thumb Code     0  startup_stm32f10x_md.o(.text)
    TIM1_BRK_IRQHandler                      0x080001b3   Thumb Code     0  startup_stm32f10x_md.o(.text)
    TIM1_CC_IRQHandler                       0x080001b3   Thumb Code     0  startup_stm32f10x_md.o(.text)
    TIM1_TRG_COM_IRQHandler                  0x080001b3   Thumb Code     0  startup_stm32f10x_md.o(.text)
    TIM1_UP_IRQHandler                       0x080001b3   Thumb Code     0  startup_stm32f10x_md.o(.text)
    TIM3_IRQHandler                          0x080001b3   Thumb Code     0  startup_stm32f10x_md.o(.text)
    USART1_IRQHandler                        0x080001b3   Thumb Code     0  startup_stm32f10x_md.o(.text)
    USART2_IRQHandler                        0x080001b3   Thumb Code     0  startup_stm32f10x_md.o(.text)
    USBWakeUp_IRQHandler                     0x080001b3   Thumb Code     0  startup_stm32f10x_md.o(.text)
    USB_HP_CAN1_TX_IRQHandler                0x080001b3   Thumb Code     0  startup_stm32f10x_md.o(.text)
    USB_LP_CAN1_RX0_IRQHandler               0x080001b3   Thumb Code     0  startup_stm32f10x_md.o(.text)
    WWDG_IRQHandler                          0x080001b3   Thumb Code     0  startup_stm32f10x_md.o(.text)
    __aeabi_ldivmod                          0x080001bd   Thumb Code    98  ldiv.o(.text)
    __aeabi_memset                           0x0800021f   Thumb Code    14  memseta.o(.text)
    __aeabi_memset4                          0x0800021f   Thumb Code     0  memseta.o(.text)
    __aeabi_memset8                          0x0800021f   Thumb Code     0  memseta.o(.text)
    __aeabi_memclr                           0x0800022d   Thumb Code     4  memseta.o(.text)
    __aeabi_memclr4                          0x0800022d   Thumb Code     0  memseta.o(.text)
    __aeabi_memclr8                          0x0800022d   Thumb Code     0  memseta.o(.text)
    _memset$wrapper                          0x08000231   Thumb Code    18  memseta.o(.text)
    memcmp                                   0x08000243   Thumb Code    26  memcmp.o(.text)
    __aeabi_fadd                             0x0800025d   Thumb Code   164  fadd.o(.text)
    __aeabi_fsub                             0x08000301   Thumb Code     6  fadd.o(.text)
    __aeabi_frsub                            0x08000307   Thumb Code     6  fadd.o(.text)
    __aeabi_fmul                             0x0800030d   Thumb Code   100  fmul.o(.text)
    __aeabi_fdiv                             0x08000371   Thumb Code   124  fdiv.o(.text)
    __aeabi_dadd                             0x080003ed   Thumb Code   322  dadd.o(.text)
    __aeabi_dsub                             0x0800052f   Thumb Code     6  dadd.o(.text)
    __aeabi_drsub                            0x08000535   Thumb Code     6  dadd.o(.text)
    __aeabi_dmul                             0x0800053b   Thumb Code   228  dmul.o(.text)
    __aeabi_ddiv                             0x0800061f   Thumb Code   222  ddiv.o(.text)
    __aeabi_i2f                              0x080006fd   Thumb Code    18  fflti.o(.text)
    __aeabi_ui2f                             0x0800070f   Thumb Code    10  ffltui.o(.text)
    __aeabi_f2iz                             0x08000719   Thumb Code    50  ffixi.o(.text)
    __aeabi_f2uiz                            0x0800074b   Thumb Code    40  ffixui.o(.text)
    __aeabi_f2d                              0x08000773   Thumb Code    38  f2d.o(.text)
    __aeabi_d2f                              0x08000799   Thumb Code    56  d2f.o(.text)
    __aeabi_cfcmpeq                          0x080007d1   Thumb Code     0  cfcmple.o(.text)
    __aeabi_cfcmple                          0x080007d1   Thumb Code    20  cfcmple.o(.text)
    __aeabi_cfrcmple                         0x080007e5   Thumb Code    20  cfrcmple.o(.text)
    __aeabi_uidiv                            0x080007f9   Thumb Code     0  uidiv.o(.text)
    __aeabi_uidivmod                         0x080007f9   Thumb Code    44  uidiv.o(.text)
    __aeabi_uldivmod                         0x08000825   Thumb Code    98  uldiv.o(.text)
    __aeabi_llsl                             0x08000887   Thumb Code    30  llshl.o(.text)
    _ll_shift_l                              0x08000887   Thumb Code     0  llshl.o(.text)
    __aeabi_llsr                             0x080008a5   Thumb Code    32  llushr.o(.text)
    _ll_ushift_r                             0x080008a5   Thumb Code     0  llushr.o(.text)
    __aeabi_lasr                             0x080008c5   Thumb Code    36  llsshr.o(.text)
    _ll_sshift_r                             0x080008c5   Thumb Code     0  llsshr.o(.text)
    __I$use$fp                               0x080008e9   Thumb Code     0  iusefp.o(.text)
    _float_round                             0x080008e9   Thumb Code    18  fepilogue.o(.text)
    _float_epilogue                          0x080008fb   Thumb Code    92  fepilogue.o(.text)
    _double_round                            0x08000957   Thumb Code    30  depilogue.o(.text)
    _double_epilogue                         0x08000975   Thumb Code   156  depilogue.o(.text)
    __ARM_scalbn                             0x08000a11   Thumb Code    46  dscalb.o(.text)
    scalbn                                   0x08000a11   Thumb Code     0  dscalb.o(.text)
    __aeabi_d2ulz                            0x08000a3f   Thumb Code    48  dfixul.o(.text)
    __aeabi_cdrcmple                         0x08000a71   Thumb Code    48  cdrcmple.o(.text)
    __scatterload                            0x08000aa1   Thumb Code    28  init.o(.text)
    __scatterload_rt2                        0x08000aa1   Thumb Code     0  init.o(.text)
    _dsqrt                                   0x08000ac5   Thumb Code   162  dsqrt.o(.text)
    BusFault_Handler                         0x08000b67   Thumb Code     4  stm32f10x_it.o(i.BusFault_Handler)
    DebugMon_Handler                         0x08000b6b   Thumb Code     2  stm32f10x_it.o(i.DebugMon_Handler)
    EXTI9_5_IRQHandler                       0x08000b6d   Thumb Code    42  taskmanage.o(i.EXTI9_5_IRQHandler)
    EXTI_Init                                0x08000bb9   Thumb Code   142  stm32f10x_exti.o(i.EXTI_Init)
    GPIO_EXTILineConfig                      0x08000c4d   Thumb Code    60  stm32f10x_gpio.o(i.GPIO_EXTILineConfig)
    GPIO_Init                                0x08000c8d   Thumb Code   278  stm32f10x_gpio.o(i.GPIO_Init)
    GPIO_PinRemapConfig                      0x08000da5   Thumb Code   138  stm32f10x_gpio.o(i.GPIO_PinRemapConfig)
    GPIO_ReadInputDataBit                    0x08000e35   Thumb Code    18  stm32f10x_gpio.o(i.GPIO_ReadInputDataBit)
    GPIO_SetBits                             0x08000e47   Thumb Code     4  stm32f10x_gpio.o(i.GPIO_SetBits)
    GPIO_WriteBit                            0x08000e4b   Thumb Code    10  stm32f10x_gpio.o(i.GPIO_WriteBit)
    HardFault_Handler                        0x08000e55   Thumb Code     4  stm32f10x_it.o(i.HardFault_Handler)
    MPU6050_EXTI_Init                        0x08000e59   Thumb Code   114  mpu_exti.o(i.MPU6050_EXTI_Init)
    MPU_Get_Gyroscope                        0x08000ed1   Thumb Code    80  mpu6050.o(i.MPU_Get_Gyroscope)
    MPU_IIC_Ack                              0x08000f21   Thumb Code    62  mpuiic.o(i.MPU_IIC_Ack)
    MPU_IIC_Delay                            0x08000f6d   Thumb Code    10  mpuiic.o(i.MPU_IIC_Delay)
    MPU_IIC_Init                             0x08000f79   Thumb Code    62  mpuiic.o(i.MPU_IIC_Init)
    MPU_IIC_NAck                             0x08000fc1   Thumb Code    62  mpuiic.o(i.MPU_IIC_NAck)
    MPU_IIC_Read_Byte                        0x0800100d   Thumb Code    94  mpuiic.o(i.MPU_IIC_Read_Byte)
    MPU_IIC_Send_Byte                        0x08001079   Thumb Code    80  mpuiic.o(i.MPU_IIC_Send_Byte)
    MPU_IIC_Start                            0x080010d5   Thumb Code    60  mpuiic.o(i.MPU_IIC_Start)
    MPU_IIC_Stop                             0x0800111d   Thumb Code    58  mpuiic.o(i.MPU_IIC_Stop)
    MPU_IIC_Wait_Ack                         0x08001165   Thumb Code    86  mpuiic.o(i.MPU_IIC_Wait_Ack)
    MPU_Init                                 0x080011c9   Thumb Code   122  mpu6050.o(i.MPU_Init)
    MPU_Read_Byte                            0x08001243   Thumb Code    58  mpu6050.o(i.MPU_Read_Byte)
    MPU_Read_Len                             0x0800127d   Thumb Code   116  mpu6050.o(i.MPU_Read_Len)
    MPU_Set_Accel_Fsr                        0x080012f1   Thumb Code    16  mpu6050.o(i.MPU_Set_Accel_Fsr)
    MPU_Set_Gyro_Fsr                         0x08001301   Thumb Code    16  mpu6050.o(i.MPU_Set_Gyro_Fsr)
    MPU_Set_LPF                              0x08001311   Thumb Code    58  mpu6050.o(i.MPU_Set_LPF)
    MPU_Set_Rate                             0x0800134b   Thumb Code    58  mpu6050.o(i.MPU_Set_Rate)
    MPU_Write_Byte                           0x08001385   Thumb Code    68  mpu6050.o(i.MPU_Write_Byte)
    MPU_Write_Len                            0x080013c9   Thumb Code    96  mpu6050.o(i.MPU_Write_Len)
    MemManage_Handler                        0x08001429   Thumb Code     4  stm32f10x_it.o(i.MemManage_Handler)
    NMI_Handler                              0x0800142d   Thumb Code     2  stm32f10x_it.o(i.NMI_Handler)
    NVIC_Configuration                       0x0800142f   Thumb Code   132  sys.o(i.NVIC_Configuration)
    NVIC_Init                                0x080014b5   Thumb Code   100  misc.o(i.NVIC_Init)
    NVIC_PriorityGroupConfig                 0x08001525   Thumb Code    10  misc.o(i.NVIC_PriorityGroupConfig)
    OLED_Clear                               0x08001539   Thumb Code    42  oled.o(i.OLED_Clear)
    OLED_I2C_Init                            0x08001565   Thumb Code    76  oled.o(i.OLED_I2C_Init)
    OLED_I2C_SendByte                        0x080015b5   Thumb Code    80  oled.o(i.OLED_I2C_SendByte)
    OLED_I2C_Start                           0x08001609   Thumb Code    48  oled.o(i.OLED_I2C_Start)
    OLED_I2C_Stop                            0x0800163d   Thumb Code    36  oled.o(i.OLED_I2C_Stop)
    OLED_Init                                0x08001665   Thumb Code   174  oled.o(i.OLED_Init)
    OLED_SetCursor                           0x08001713   Thumb Code    34  oled.o(i.OLED_SetCursor)
    OLED_ShowChar                            0x08001735   Thumb Code   110  oled.o(i.OLED_ShowChar)
    OLED_ShowString                          0x080017a9   Thumb Code    40  oled.o(i.OLED_ShowString)
    OLED_WriteCommand                        0x080017d1   Thumb Code    32  oled.o(i.OLED_WriteCommand)
    OLED_WriteData                           0x080017f1   Thumb Code    32  oled.o(i.OLED_WriteData)
    RCC_APB2PeriphClockCmd                   0x08001811   Thumb Code    26  stm32f10x_rcc.o(i.RCC_APB2PeriphClockCmd)
    SysTick_CLKSourceConfig                  0x08001919   Thumb Code    40  misc.o(i.SysTick_CLKSourceConfig)
    SysTick_Handler                          0x08001941   Thumb Code    16  stm32f10x_it.o(i.SysTick_Handler)
    SysTick_Init                             0x08001951   Thumb Code    76  systick.o(i.SysTick_Init)
    SystemHardwareInit                       0x080019ad   Thumb Code    62  sys.o(i.SystemHardwareInit)
    SystemInit                               0x08001a09   Thumb Code    78  system_stm32f10x.o(i.SystemInit)
    TIM2_IRQHandler                          0x08001a69   Thumb Code    24  encoder.o(i.TIM2_IRQHandler)
    TIM4_IRQHandler                          0x08001a81   Thumb Code    24  encoder.o(i.TIM4_IRQHandler)
    TIM_ClearITPendingBit                    0x08001a9d   Thumb Code     6  stm32f10x_tim.o(i.TIM_ClearITPendingBit)
    TIM_GetITStatus                          0x08001aa3   Thumb Code    34  stm32f10x_tim.o(i.TIM_GetITStatus)
    USART3_IRQHandler                        0x08001ac5   Thumb Code   122  usart.o(i.USART3_IRQHandler)
    USART_GetITStatus                        0x08001b4d   Thumb Code    84  stm32f10x_usart.o(i.USART_GetITStatus)
    USART_ReceiveData                        0x08001ba1   Thumb Code    10  stm32f10x_usart.o(i.USART_ReceiveData)
    UsageFault_Handler                       0x08001bab   Thumb Code     4  stm32f10x_it.o(i.UsageFault_Handler)
    __0printf                                0x08001bb1   Thumb Code    22  printfa.o(i.__0printf)
    __1printf                                0x08001bb1   Thumb Code     0  printfa.o(i.__0printf)
    __2printf                                0x08001bb1   Thumb Code     0  printfa.o(i.__0printf)
    __c89printf                              0x08001bb1   Thumb Code     0  printfa.o(i.__0printf)
    printf                                   0x08001bb1   Thumb Code     0  printfa.o(i.__0printf)
    __ARM_fpclassify                         0x08001bd1   Thumb Code    40  fpclassify.o(i.__ARM_fpclassify)
    __kernel_poly                            0x08001bf9   Thumb Code   170  poly.o(i.__kernel_poly)
    __mathlib_dbl_infnan                     0x08001ca3   Thumb Code     6  dunder.o(i.__mathlib_dbl_infnan)
    __mathlib_dbl_infnan2                    0x08001ca9   Thumb Code     4  dunder.o(i.__mathlib_dbl_infnan2)
    __mathlib_dbl_invalid                    0x08001cad   Thumb Code    12  dunder.o(i.__mathlib_dbl_invalid)
    __mathlib_dbl_underflow                  0x08001cb9   Thumb Code    10  dunder.o(i.__mathlib_dbl_underflow)
    __scatterload_copy                       0x08001cc9   Thumb Code    14  handlers.o(i.__scatterload_copy)
    __scatterload_null                       0x08001cd7   Thumb Code     2  handlers.o(i.__scatterload_null)
    __scatterload_zeroinit                   0x08001cd9   Thumb Code    14  handlers.o(i.__scatterload_zeroinit)
    __set_errno                              0x08001ce9   Thumb Code     6  errno.o(i.__set_errno)
    asin                                     0x08002651   Thumb Code   572  asin.o(i.asin)
    atan                                     0x080028c1   Thumb Code   474  atan.o(i.atan)
    atan2                                    0x08002ae1   Thumb Code   346  atan2.o(i.atan2)
    delay_init                               0x08002cc5   Thumb Code    50  delay.o(i.delay_init)
    delay_ms                                 0x08002d09   Thumb Code    72  delay.o(i.delay_ms)
    delay_us                                 0x08002d55   Thumb Code    72  delay.o(i.delay_us)
    dmp_enable_6x_lp_quat                    0x08002da1   Thumb Code    60  inv_mpu_dmp_motion_driver.o(i.dmp_enable_6x_lp_quat)
    dmp_enable_feature                       0x08002ddd   Thumb Code   530  inv_mpu_dmp_motion_driver.o(i.dmp_enable_feature)
    dmp_enable_gyro_cal                      0x08002ff9   Thumb Code    62  inv_mpu_dmp_motion_driver.o(i.dmp_enable_gyro_cal)
    dmp_enable_lp_quat                       0x08003051   Thumb Code    60  inv_mpu_dmp_motion_driver.o(i.dmp_enable_lp_quat)
    dmp_load_motion_driver_firmware          0x0800308d   Thumb Code    20  inv_mpu_dmp_motion_driver.o(i.dmp_load_motion_driver_firmware)
    dmp_read_fifo                            0x080030a5   Thumb Code   456  inv_mpu_dmp_motion_driver.o(i.dmp_read_fifo)
    dmp_set_accel_bias                       0x08003271   Thumb Code   300  inv_mpu_dmp_motion_driver.o(i.dmp_set_accel_bias)
    dmp_set_fifo_rate                        0x080033a1   Thumb Code    96  inv_mpu_dmp_motion_driver.o(i.dmp_set_fifo_rate)
    dmp_set_gyro_bias                        0x08003411   Thumb Code   294  inv_mpu_dmp_motion_driver.o(i.dmp_set_gyro_bias)
    dmp_set_orientation                      0x08003541   Thumb Code   290  inv_mpu_dmp_motion_driver.o(i.dmp_set_orientation)
    dmp_set_shake_reject_thresh              0x08003679   Thumb Code    56  inv_mpu_dmp_motion_driver.o(i.dmp_set_shake_reject_thresh)
    dmp_set_shake_reject_time                0x080036b1   Thumb Code    38  inv_mpu_dmp_motion_driver.o(i.dmp_set_shake_reject_time)
    dmp_set_shake_reject_timeout             0x080036d7   Thumb Code    38  inv_mpu_dmp_motion_driver.o(i.dmp_set_shake_reject_timeout)
    dmp_set_tap_axes                         0x080036fd   Thumb Code    70  inv_mpu_dmp_motion_driver.o(i.dmp_set_tap_axes)
    dmp_set_tap_count                        0x08003743   Thumb Code    38  inv_mpu_dmp_motion_driver.o(i.dmp_set_tap_count)
    dmp_set_tap_thresh                       0x08003769   Thumb Code   396  inv_mpu_dmp_motion_driver.o(i.dmp_set_tap_thresh)
    dmp_set_tap_time                         0x08003909   Thumb Code    38  inv_mpu_dmp_motion_driver.o(i.dmp_set_tap_time)
    dmp_set_tap_time_multi                   0x0800392f   Thumb Code    38  inv_mpu_dmp_motion_driver.o(i.dmp_set_tap_time_multi)
    fputc                                    0x08003955   Thumb Code    24  usart.o(i.fputc)
    inv_orientation_matrix_to_scalar         0x08003fa5   Thumb Code    40  inv_mpu.o(i.inv_orientation_matrix_to_scalar)
    inv_row_2_scale                          0x08003fcd   Thumb Code    78  inv_mpu.o(i.inv_row_2_scale)
    main                                     0x0800401b   Thumb Code    24  main.o(i.main)
    mget_ms                                  0x08004033   Thumb Code     2  inv_mpu.o(i.mget_ms)
    mpu_configure_fifo                       0x08004035   Thumb Code   106  inv_mpu.o(i.mpu_configure_fifo)
    mpu_dmp_get_data                         0x080040a5   Thumb Code   544  inv_mpu.o(i.mpu_dmp_get_data)
    mpu_dmp_init                             0x080042c9   Thumb Code   148  inv_mpu.o(i.mpu_dmp_init)
    mpu_get_accel_fsr                        0x08004361   Thumb Code    72  inv_mpu.o(i.mpu_get_accel_fsr)
    mpu_get_accel_sens                       0x080043ad   Thumb Code    78  inv_mpu.o(i.mpu_get_accel_sens)
    mpu_get_fifo_config                      0x08004401   Thumb Code    12  inv_mpu.o(i.mpu_get_fifo_config)
    mpu_get_gyro_fsr                         0x08004411   Thumb Code    64  inv_mpu.o(i.mpu_get_gyro_fsr)
    mpu_get_gyro_sens                        0x08004455   Thumb Code    58  inv_mpu.o(i.mpu_get_gyro_sens)
    mpu_get_lpf                              0x080044a5   Thumb Code    74  inv_mpu.o(i.mpu_get_lpf)
    mpu_get_sample_rate                      0x080044f5   Thumb Code    26  inv_mpu.o(i.mpu_get_sample_rate)
    mpu_init                                 0x08004515   Thumb Code   416  inv_mpu.o(i.mpu_init)
    mpu_load_firmware                        0x08004705   Thumb Code   180  inv_mpu.o(i.mpu_load_firmware)
    mpu_lp_accel_mode                        0x080047bd   Thumb Code   218  inv_mpu.o(i.mpu_lp_accel_mode)
    mpu_read_fifo_stream                     0x0800489d   Thumb Code   186  inv_mpu.o(i.mpu_read_fifo_stream)
    mpu_read_mem                             0x0800495d   Thumb Code   122  inv_mpu.o(i.mpu_read_mem)
    mpu_reset_fifo                           0x080049dd   Thumb Code   450  inv_mpu.o(i.mpu_reset_fifo)
    mpu_run_self_test                        0x08004ba5   Thumb Code   278  inv_mpu.o(i.mpu_run_self_test)
    mpu_set_accel_fsr                        0x08004cc1   Thumb Code   126  inv_mpu.o(i.mpu_set_accel_fsr)
    mpu_set_bypass                           0x08004d45   Thumb Code   328  inv_mpu.o(i.mpu_set_bypass)
    mpu_set_dmp_state                        0x08004e91   Thumb Code   138  inv_mpu.o(i.mpu_set_dmp_state)
    mpu_set_gyro_fsr                         0x08004f21   Thumb Code   132  inv_mpu.o(i.mpu_set_gyro_fsr)
    mpu_set_int_latched                      0x08004fa9   Thumb Code   102  inv_mpu.o(i.mpu_set_int_latched)
    mpu_set_lpf                              0x08005015   Thumb Code   126  inv_mpu.o(i.mpu_set_lpf)
    mpu_set_sample_rate                      0x08005099   Thumb Code   152  inv_mpu.o(i.mpu_set_sample_rate)
    mpu_set_sensors                          0x08005135   Thumb Code   202  inv_mpu.o(i.mpu_set_sensors)
    mpu_write_mem                            0x08005205   Thumb Code   122  inv_mpu.o(i.mpu_write_mem)
    pvPortMalloc                             0x080056cd   Thumb Code   228  heap_4.o(i.pvPortMalloc)
    pxPortInitialiseStack                    0x080057c9   Thumb Code    30  port.o(i.pxPortInitialiseStack)
    run_self_test                            0x080057ed   Thumb Code   152  inv_mpu.o(i.run_self_test)
    sqrt                                     0x08005915   Thumb Code    76  sqrt.o(i.sqrt)
    uxListRemove                             0x08005961   Thumb Code    40  list.o(i.uxListRemove)
    vBluetooth                               0x08005989   Thumb Code     2  taskmanage.o(i.vBluetooth)
    vListInitialise                          0x0800598b   Thumb Code    26  list.o(i.vListInitialise)
    vListInitialiseItem                      0x080059a5   Thumb Code     6  list.o(i.vListInitialiseItem)
    vListInsert                              0x080059ab   Thumb Code    52  list.o(i.vListInsert)
    vListInsertEnd                           0x080059df   Thumb Code    24  list.o(i.vListInsertEnd)
    vOLED                                    0x080059f7   Thumb Code    10  taskmanage.o(i.vOLED)
    vPID                                     0x08005a01   Thumb Code    76  taskmanage.o(i.vPID)
    vPortEnterCritical                       0x08005a95   Thumb Code    30  port.o(i.vPortEnterCritical)
    vPortExitCritical                        0x08005ab9   Thumb Code    28  port.o(i.vPortExitCritical)
    vPortFree                                0x08005ad9   Thumb Code    74  heap_4.o(i.vPortFree)
    vPortSetupTimerInterrupt                 0x08005b31   Thumb Code    20  port.o(i.vPortSetupTimerInterrupt)
    vStart                                   0x08005b49   Thumb Code   128  taskmanage.o(i.vStart)
    vTaskDelay                               0x08005c19   Thumb Code    46  tasks.o(i.vTaskDelay)
    vTaskDelete                              0x08005c4d   Thumb Code   166  tasks.o(i.vTaskDelete)
    vTaskFunction                            0x08005d19   Thumb Code    24  taskmanage.o(i.vTaskFunction)
    vTaskStartScheduler                      0x08005d3d   Thumb Code    76  tasks.o(i.vTaskStartScheduler)
    vTaskSuspendAll                          0x08005da9   Thumb Code    12  tasks.o(i.vTaskSuspendAll)
    vTaskSwitchContext                       0x08005db9   Thumb Code    76  tasks.o(i.vTaskSwitchContext)
    xPortStartScheduler                      0x08005e19   Thumb Code    42  port.o(i.xPortStartScheduler)
    xPortSysTickHandler                      0x08005e4d   Thumb Code    46  port.o(i.xPortSysTickHandler)
    xTaskCreate                              0x08005e81   Thumb Code    96  tasks.o(i.xTaskCreate)
    xTaskGetSchedulerState                   0x08005ee1   Thumb Code    24  tasks.o(i.xTaskGetSchedulerState)
    xTaskIncrementTick                       0x08005f01   Thumb Code   356  tasks.o(i.xTaskIncrementTick)
    xTaskResumeAll                           0x08006091   Thumb Code   310  tasks.o(i.xTaskResumeAll)
    reg                                      0x080061ec   Data          27  inv_mpu.o(.constdata)
    hw                                       0x08006208   Data          12  inv_mpu.o(.constdata)
    test                                     0x08006214   Data          40  inv_mpu.o(.constdata)
    OLED_F8x16                               0x08006e32   Data        1520  oled.o(.constdata)
    __mathlib_zero                           0x08007510   Data           8  qnan.o(.constdata)
    Region$$Table$$Base                      0x08007568   Number         0  anon$$obj.o(Region$$Table)
    Region$$Table$$Limit                     0x08007588   Number         0  anon$$obj.o(Region$$Table)
    pxCurrentTCB                             0x20000000   Data           4  tasks.o(.data)
    uxTopUsedPriority                        0x20000038   Data           4  tasks.o(.data)
    __stdout                                 0x20000068   Data           4  usart.o(.data)
    USART_RX_STA                             0x2000006c   Data           2  usart.o(.data)
    SystemCoreClock                          0x20000074   Data           4  system_stm32f10x.o(.data)
    AHBPrescTable                            0x20000078   Data          16  system_stm32f10x.o(.data)
    pitch                                    0x200000c0   Data           4  taskmanage.o(.data)
    roll                                     0x200000c4   Data           4  taskmanage.o(.data)
    yaw                                      0x200000c8   Data           4  taskmanage.o(.data)
    AX                                       0x200000cc   Data           2  taskmanage.o(.data)
    AY                                       0x200000ce   Data           2  taskmanage.o(.data)
    AZ                                       0x200000d0   Data           2  taskmanage.o(.data)
    GX                                       0x200000d2   Data           2  taskmanage.o(.data)
    GY                                       0x200000d4   Data           2  taskmanage.o(.data)
    GZ                                       0x200000d6   Data           2  taskmanage.o(.data)
    Vertical_Out                             0x200000d8   Data           4  taskmanage.o(.data)
    Velocity_Out                             0x200000dc   Data           4  taskmanage.o(.data)
    Turn_Out                                 0x200000e0   Data           4  taskmanage.o(.data)
    Fore_Enable                              0x200000e4   Data           1  taskmanage.o(.data)
    Back_Enable                              0x200000e5   Data           1  taskmanage.o(.data)
    Left_Enable                              0x200000e6   Data           1  taskmanage.o(.data)
    Right_Enable                             0x200000e7   Data           1  taskmanage.o(.data)
    motor1                                   0x200000e8   Data           4  taskmanage.o(.data)
    motor2                                   0x200000ec   Data           4  taskmanage.o(.data)
    Encoder_Left                             0x200000f0   Data           4  taskmanage.o(.data)
    Encoder_Right                            0x200000f4   Data           4  taskmanage.o(.data)
    Target_Speed                             0x200000f8   Data           4  taskmanage.o(.data)
    Turn_Speed                               0x200000fc   Data           4  taskmanage.o(.data)
    Med_Angle                                0x20000100   Data           4  taskmanage.o(.data)
    RData                                    0x20000104   Data           2  taskmanage.o(.data)
    USART_RX_BUF                             0x200045d4   Data         200  usart.o(.bss)
    __initial_sp                             0x20004ab0   Data           0  startup_stm32f10x_md.o(STACK)



==============================================================================

Memory Map of the image

  Image Entry point : 0x08000199

  Load Region LR_1 (Base: 0x08000000, Size: 0x00007694, Max: 0xffffffff, ABSOLUTE)

    Execution Region ER_RO (Exec base: 0x08000000, Load base: 0x08000000, Size: 0x00007588, Max: 0xffffffff, ABSOLUTE)

    Exec Addr    Load Addr    Size         Type   Attr      Idx    E Section Name        Object

    0x08000000   0x08000000   0x000000ec   Data   RO         1351    RESET               startup_stm32f10x_md.o
    0x080000ec   0x080000ec   0x00000000   Code   RO         3909  * .ARM.Collect$$$$00000000  mc_w.l(entry.o)
    0x080000ec   0x080000ec   0x00000004   Code   RO         4252    .ARM.Collect$$$$00000001  mc_w.l(entry2.o)
    0x080000f0   0x080000f0   0x00000004   Code   RO         4255    .ARM.Collect$$$$00000004  mc_w.l(entry5.o)
    0x080000f4   0x080000f4   0x00000000   Code   RO         4257    .ARM.Collect$$$$00000008  mc_w.l(entry7b.o)
    0x080000f4   0x080000f4   0x00000000   Code   RO         4259    .ARM.Collect$$$$0000000A  mc_w.l(entry8b.o)
    0x080000f4   0x080000f4   0x00000008   Code   RO         4260    .ARM.Collect$$$$0000000B  mc_w.l(entry9a.o)
    0x080000fc   0x080000fc   0x00000000   Code   RO         4262    .ARM.Collect$$$$0000000D  mc_w.l(entry10a.o)
    0x080000fc   0x080000fc   0x00000000   Code   RO         4264    .ARM.Collect$$$$0000000F  mc_w.l(entry11a.o)
    0x080000fc   0x080000fc   0x00000004   Code   RO         4253    .ARM.Collect$$$$00002712  mc_w.l(entry2.o)
    0x08000100   0x08000100   0x00000096   Code   RO         2173    .emb_text           port.o
    0x08000196   0x08000196   0x00000002   PAD
    0x08000198   0x08000198   0x00000024   Code   RO         1352  * .text               startup_stm32f10x_md.o
    0x080001bc   0x080001bc   0x00000062   Code   RO         3912    .text               mc_w.l(ldiv.o)
    0x0800021e   0x0800021e   0x00000024   Code   RO         3916    .text               mc_w.l(memseta.o)
    0x08000242   0x08000242   0x0000001a   Code   RO         3918    .text               mc_w.l(memcmp.o)
    0x0800025c   0x0800025c   0x000000b0   Code   RO         4183    .text               mf_w.l(fadd.o)
    0x0800030c   0x0800030c   0x00000064   Code   RO         4185    .text               mf_w.l(fmul.o)
    0x08000370   0x08000370   0x0000007c   Code   RO         4187    .text               mf_w.l(fdiv.o)
    0x080003ec   0x080003ec   0x0000014e   Code   RO         4189    .text               mf_w.l(dadd.o)
    0x0800053a   0x0800053a   0x000000e4   Code   RO         4191    .text               mf_w.l(dmul.o)
    0x0800061e   0x0800061e   0x000000de   Code   RO         4193    .text               mf_w.l(ddiv.o)
    0x080006fc   0x080006fc   0x00000012   Code   RO         4195    .text               mf_w.l(fflti.o)
    0x0800070e   0x0800070e   0x0000000a   Code   RO         4197    .text               mf_w.l(ffltui.o)
    0x08000718   0x08000718   0x00000032   Code   RO         4201    .text               mf_w.l(ffixi.o)
    0x0800074a   0x0800074a   0x00000028   Code   RO         4203    .text               mf_w.l(ffixui.o)
    0x08000772   0x08000772   0x00000026   Code   RO         4207    .text               mf_w.l(f2d.o)
    0x08000798   0x08000798   0x00000038   Code   RO         4209    .text               mf_w.l(d2f.o)
    0x080007d0   0x080007d0   0x00000014   Code   RO         4211    .text               mf_w.l(cfcmple.o)
    0x080007e4   0x080007e4   0x00000014   Code   RO         4213    .text               mf_w.l(cfrcmple.o)
    0x080007f8   0x080007f8   0x0000002c   Code   RO         4266    .text               mc_w.l(uidiv.o)
    0x08000824   0x08000824   0x00000062   Code   RO         4268    .text               mc_w.l(uldiv.o)
    0x08000886   0x08000886   0x0000001e   Code   RO         4270    .text               mc_w.l(llshl.o)
    0x080008a4   0x080008a4   0x00000020   Code   RO         4272    .text               mc_w.l(llushr.o)
    0x080008c4   0x080008c4   0x00000024   Code   RO         4274    .text               mc_w.l(llsshr.o)
    0x080008e8   0x080008e8   0x00000000   Code   RO         4285    .text               mc_w.l(iusefp.o)
    0x080008e8   0x080008e8   0x0000006e   Code   RO         4286    .text               mf_w.l(fepilogue.o)
    0x08000956   0x08000956   0x000000ba   Code   RO         4288    .text               mf_w.l(depilogue.o)
    0x08000a10   0x08000a10   0x0000002e   Code   RO         4290    .text               mf_w.l(dscalb.o)
    0x08000a3e   0x08000a3e   0x00000030   Code   RO         4292    .text               mf_w.l(dfixul.o)
    0x08000a6e   0x08000a6e   0x00000002   PAD
    0x08000a70   0x08000a70   0x00000030   Code   RO         4294    .text               mf_w.l(cdrcmple.o)
    0x08000aa0   0x08000aa0   0x00000024   Code   RO         4296    .text               mc_w.l(init.o)
    0x08000ac4   0x08000ac4   0x000000a2   Code   RO         4306    .text               mf_w.l(dsqrt.o)
    0x08000b66   0x08000b66   0x00000004   Code   RO         2641    i.BusFault_Handler  stm32f10x_it.o
    0x08000b6a   0x08000b6a   0x00000002   Code   RO         2642    i.DebugMon_Handler  stm32f10x_it.o
    0x08000b6c   0x08000b6c   0x0000004c   Code   RO         3824    i.EXTI9_5_IRQHandler  taskmanage.o
    0x08000bb8   0x08000bb8   0x00000094   Code   RO          722    i.EXTI_Init         stm32f10x_exti.o
    0x08000c4c   0x08000c4c   0x00000040   Code   RO          153    i.GPIO_EXTILineConfig  stm32f10x_gpio.o
    0x08000c8c   0x08000c8c   0x00000116   Code   RO          156    i.GPIO_Init         stm32f10x_gpio.o
    0x08000da2   0x08000da2   0x00000002   PAD
    0x08000da4   0x08000da4   0x00000090   Code   RO          158    i.GPIO_PinRemapConfig  stm32f10x_gpio.o
    0x08000e34   0x08000e34   0x00000012   Code   RO          160    i.GPIO_ReadInputDataBit  stm32f10x_gpio.o
    0x08000e46   0x08000e46   0x00000004   Code   RO          164    i.GPIO_SetBits      stm32f10x_gpio.o
    0x08000e4a   0x08000e4a   0x0000000a   Code   RO          167    i.GPIO_WriteBit     stm32f10x_gpio.o
    0x08000e54   0x08000e54   0x00000004   Code   RO         2643    i.HardFault_Handler  stm32f10x_it.o
    0x08000e58   0x08000e58   0x00000078   Code   RO         3485    i.MPU6050_EXTI_Init  mpu_exti.o
    0x08000ed0   0x08000ed0   0x00000050   Code   RO         2777    i.MPU_Get_Gyroscope  mpu6050.o
    0x08000f20   0x08000f20   0x0000004c   Code   RO         2872    i.MPU_IIC_Ack       mpuiic.o
    0x08000f6c   0x08000f6c   0x0000000a   Code   RO         2873    i.MPU_IIC_Delay     mpuiic.o
    0x08000f76   0x08000f76   0x00000002   PAD
    0x08000f78   0x08000f78   0x00000048   Code   RO         2874    i.MPU_IIC_Init      mpuiic.o
    0x08000fc0   0x08000fc0   0x0000004c   Code   RO         2875    i.MPU_IIC_NAck      mpuiic.o
    0x0800100c   0x0800100c   0x0000006c   Code   RO         2876    i.MPU_IIC_Read_Byte  mpuiic.o
    0x08001078   0x08001078   0x0000005c   Code   RO         2877    i.MPU_IIC_Send_Byte  mpuiic.o
    0x080010d4   0x080010d4   0x00000048   Code   RO         2878    i.MPU_IIC_Start     mpuiic.o
    0x0800111c   0x0800111c   0x00000048   Code   RO         2879    i.MPU_IIC_Stop      mpuiic.o
    0x08001164   0x08001164   0x00000064   Code   RO         2880    i.MPU_IIC_Wait_Ack  mpuiic.o
    0x080011c8   0x080011c8   0x0000007a   Code   RO         2779    i.MPU_Init          mpu6050.o
    0x08001242   0x08001242   0x0000003a   Code   RO         2780    i.MPU_Read_Byte     mpu6050.o
    0x0800127c   0x0800127c   0x00000074   Code   RO         2781    i.MPU_Read_Len      mpu6050.o
    0x080012f0   0x080012f0   0x00000010   Code   RO         2782    i.MPU_Set_Accel_Fsr  mpu6050.o
    0x08001300   0x08001300   0x00000010   Code   RO         2783    i.MPU_Set_Gyro_Fsr  mpu6050.o
    0x08001310   0x08001310   0x0000003a   Code   RO         2784    i.MPU_Set_LPF       mpu6050.o
    0x0800134a   0x0800134a   0x0000003a   Code   RO         2785    i.MPU_Set_Rate      mpu6050.o
    0x08001384   0x08001384   0x00000044   Code   RO         2786    i.MPU_Write_Byte    mpu6050.o
    0x080013c8   0x080013c8   0x00000060   Code   RO         2787    i.MPU_Write_Len     mpu6050.o
    0x08001428   0x08001428   0x00000004   Code   RO         2644    i.MemManage_Handler  stm32f10x_it.o
    0x0800142c   0x0800142c   0x00000002   Code   RO         2645    i.NMI_Handler       stm32f10x_it.o
    0x0800142e   0x0800142e   0x00000084   Code   RO         2436    i.NVIC_Configuration  sys.o
    0x080014b2   0x080014b2   0x00000002   PAD
    0x080014b4   0x080014b4   0x00000070   Code   RO            4    i.NVIC_Init         misc.o
    0x08001524   0x08001524   0x00000014   Code   RO            5    i.NVIC_PriorityGroupConfig  misc.o
    0x08001538   0x08001538   0x0000002a   Code   RO         3509    i.OLED_Clear        oled.o
    0x08001562   0x08001562   0x00000002   PAD
    0x08001564   0x08001564   0x00000050   Code   RO         3511    i.OLED_I2C_Init     oled.o
    0x080015b4   0x080015b4   0x00000054   Code   RO         3512    i.OLED_I2C_SendByte  oled.o
    0x08001608   0x08001608   0x00000034   Code   RO         3513    i.OLED_I2C_Start    oled.o
    0x0800163c   0x0800163c   0x00000028   Code   RO         3514    i.OLED_I2C_Stop     oled.o
    0x08001664   0x08001664   0x000000ae   Code   RO         3515    i.OLED_Init         oled.o
    0x08001712   0x08001712   0x00000022   Code   RO         3517    i.OLED_SetCursor    oled.o
    0x08001734   0x08001734   0x00000074   Code   RO         3519    i.OLED_ShowChar     oled.o
    0x080017a8   0x080017a8   0x00000028   Code   RO         3523    i.OLED_ShowString   oled.o
    0x080017d0   0x080017d0   0x00000020   Code   RO         3524    i.OLED_WriteCommand  oled.o
    0x080017f0   0x080017f0   0x00000020   Code   RO         3525    i.OLED_WriteData    oled.o
    0x08001810   0x08001810   0x00000020   Code   RO          316    i.RCC_APB2PeriphClockCmd  stm32f10x_rcc.o
    0x08001830   0x08001830   0x00000008   Code   RO         2730    i.SetSysClock       system_stm32f10x.o
    0x08001838   0x08001838   0x000000e0   Code   RO         2731    i.SetSysClockTo72   system_stm32f10x.o
    0x08001918   0x08001918   0x00000028   Code   RO            8    i.SysTick_CLKSourceConfig  misc.o
    0x08001940   0x08001940   0x00000010   Code   RO         2646    i.SysTick_Handler   stm32f10x_it.o
    0x08001950   0x08001950   0x0000005c   Code   RO         2537    i.SysTick_Init      systick.o
    0x080019ac   0x080019ac   0x0000005c   Code   RO         2438    i.SystemHardwareInit  sys.o
    0x08001a08   0x08001a08   0x00000060   Code   RO         2733    i.SystemInit        system_stm32f10x.o
    0x08001a68   0x08001a68   0x00000018   Code   RO         3644    i.TIM2_IRQHandler   encoder.o
    0x08001a80   0x08001a80   0x0000001c   Code   RO         3645    i.TIM4_IRQHandler   encoder.o
    0x08001a9c   0x08001a9c   0x00000006   Code   RO          793    i.TIM_ClearITPendingBit  stm32f10x_tim.o
    0x08001aa2   0x08001aa2   0x00000022   Code   RO          819    i.TIM_GetITStatus   stm32f10x_tim.o
    0x08001ac4   0x08001ac4   0x00000088   Code   RO         2478    i.USART3_IRQHandler  usart.o
    0x08001b4c   0x08001b4c   0x00000054   Code   RO          532    i.USART_GetITStatus  stm32f10x_usart.o
    0x08001ba0   0x08001ba0   0x0000000a   Code   RO          542    i.USART_ReceiveData  stm32f10x_usart.o
    0x08001baa   0x08001baa   0x00000004   Code   RO         2647    i.UsageFault_Handler  stm32f10x_it.o
    0x08001bae   0x08001bae   0x00000002   PAD
    0x08001bb0   0x08001bb0   0x00000020   Code   RO         4155    i.__0printf         mc_w.l(printfa.o)
    0x08001bd0   0x08001bd0   0x00000028   Code   RO         4239    i.__ARM_fpclassify  m_ws.l(fpclassify.o)
    0x08001bf8   0x08001bf8   0x000000aa   Code   RO         4241    i.__kernel_poly     m_ws.l(poly.o)
    0x08001ca2   0x08001ca2   0x00000006   Code   RO         4226    i.__mathlib_dbl_infnan  m_ws.l(dunder.o)
    0x08001ca8   0x08001ca8   0x00000004   Code   RO         4227    i.__mathlib_dbl_infnan2  m_ws.l(dunder.o)
    0x08001cac   0x08001cac   0x0000000c   Code   RO         4228    i.__mathlib_dbl_invalid  m_ws.l(dunder.o)
    0x08001cb8   0x08001cb8   0x00000010   Code   RO         4231    i.__mathlib_dbl_underflow  m_ws.l(dunder.o)
    0x08001cc8   0x08001cc8   0x0000000e   Code   RO         4317    i.__scatterload_copy  mc_w.l(handlers.o)
    0x08001cd6   0x08001cd6   0x00000002   Code   RO         4318    i.__scatterload_null  mc_w.l(handlers.o)
    0x08001cd8   0x08001cd8   0x0000000e   Code   RO         4319    i.__scatterload_zeroinit  mc_w.l(handlers.o)
    0x08001ce6   0x08001ce6   0x00000002   PAD
    0x08001ce8   0x08001ce8   0x0000000c   Code   RO         4278    i.__set_errno       mc_w.l(errno.o)
    0x08001cf4   0x08001cf4   0x00000184   Code   RO         4162    i._fp_digits        mc_w.l(printfa.o)
    0x08001e78   0x08001e78   0x000006dc   Code   RO         4163    i._printf_core      mc_w.l(printfa.o)
    0x08002554   0x08002554   0x00000024   Code   RO         4164    i._printf_post_padding  mc_w.l(printfa.o)
    0x08002578   0x08002578   0x0000002e   Code   RO         4165    i._printf_pre_padding  mc_w.l(printfa.o)
    0x080025a6   0x080025a6   0x00000002   PAD
    0x080025a8   0x080025a8   0x000000a8   Code   RO         2944    i.accel_self_test   inv_mpu.o
    0x08002650   0x08002650   0x00000270   Code   RO         3888    i.asin              m_ws.l(asin.o)
    0x080028c0   0x080028c0   0x00000220   Code   RO         4216    i.atan              m_ws.l(atan.o)
    0x08002ae0   0x08002ae0   0x00000180   Code   RO         3898    i.atan2             m_ws.l(atan2.o)
    0x08002c60   0x08002c60   0x00000064   Code   RO         3281    i.decode_gesture    inv_mpu_dmp_motion_driver.o
    0x08002cc4   0x08002cc4   0x00000044   Code   RO         2247    i.delay_init        delay.o
    0x08002d08   0x08002d08   0x0000004c   Code   RO         2248    i.delay_ms          delay.o
    0x08002d54   0x08002d54   0x0000004c   Code   RO         2249    i.delay_us          delay.o
    0x08002da0   0x08002da0   0x0000003c   Code   RO         3282    i.dmp_enable_6x_lp_quat  inv_mpu_dmp_motion_driver.o
    0x08002ddc   0x08002ddc   0x0000021c   Code   RO         3283    i.dmp_enable_feature  inv_mpu_dmp_motion_driver.o
    0x08002ff8   0x08002ff8   0x00000058   Code   RO         3284    i.dmp_enable_gyro_cal  inv_mpu_dmp_motion_driver.o
    0x08003050   0x08003050   0x0000003c   Code   RO         3285    i.dmp_enable_lp_quat  inv_mpu_dmp_motion_driver.o
    0x0800308c   0x0800308c   0x00000018   Code   RO         3290    i.dmp_load_motion_driver_firmware  inv_mpu_dmp_motion_driver.o
    0x080030a4   0x080030a4   0x000001cc   Code   RO         3291    i.dmp_read_fifo     inv_mpu_dmp_motion_driver.o
    0x08003270   0x08003270   0x00000130   Code   RO         3294    i.dmp_set_accel_bias  inv_mpu_dmp_motion_driver.o
    0x080033a0   0x080033a0   0x00000070   Code   RO         3295    i.dmp_set_fifo_rate  inv_mpu_dmp_motion_driver.o
    0x08003410   0x08003410   0x00000130   Code   RO         3296    i.dmp_set_gyro_bias  inv_mpu_dmp_motion_driver.o
    0x08003540   0x08003540   0x00000138   Code   RO         3298    i.dmp_set_orientation  inv_mpu_dmp_motion_driver.o
    0x08003678   0x08003678   0x00000038   Code   RO         3301    i.dmp_set_shake_reject_thresh  inv_mpu_dmp_motion_driver.o
    0x080036b0   0x080036b0   0x00000026   Code   RO         3302    i.dmp_set_shake_reject_time  inv_mpu_dmp_motion_driver.o
    0x080036d6   0x080036d6   0x00000026   Code   RO         3303    i.dmp_set_shake_reject_timeout  inv_mpu_dmp_motion_driver.o
    0x080036fc   0x080036fc   0x00000046   Code   RO         3304    i.dmp_set_tap_axes  inv_mpu_dmp_motion_driver.o
    0x08003742   0x08003742   0x00000026   Code   RO         3305    i.dmp_set_tap_count  inv_mpu_dmp_motion_driver.o
    0x08003768   0x08003768   0x000001a0   Code   RO         3306    i.dmp_set_tap_thresh  inv_mpu_dmp_motion_driver.o
    0x08003908   0x08003908   0x00000026   Code   RO         3307    i.dmp_set_tap_time  inv_mpu_dmp_motion_driver.o
    0x0800392e   0x0800392e   0x00000026   Code   RO         3308    i.dmp_set_tap_time_multi  inv_mpu_dmp_motion_driver.o
    0x08003954   0x08003954   0x0000001c   Code   RO         2481    i.fputc             usart.o
    0x08003970   0x08003970   0x000000b4   Code   RO         2945    i.get_accel_prod_shift  inv_mpu.o
    0x08003a24   0x08003a24   0x00000470   Code   RO         2946    i.get_st_biases     inv_mpu.o
    0x08003e94   0x08003e94   0x00000110   Code   RO         2947    i.gyro_self_test    inv_mpu.o
    0x08003fa4   0x08003fa4   0x00000028   Code   RO         2948    i.inv_orientation_matrix_to_scalar  inv_mpu.o
    0x08003fcc   0x08003fcc   0x0000004e   Code   RO         2949    i.inv_row_2_scale   inv_mpu.o
    0x0800401a   0x0800401a   0x00000018   Code   RO         2614    i.main              main.o
    0x08004032   0x08004032   0x00000002   Code   RO         2950    i.mget_ms           inv_mpu.o
    0x08004034   0x08004034   0x00000070   Code   RO         2951    i.mpu_configure_fifo  inv_mpu.o
    0x080040a4   0x080040a4   0x00000224   Code   RO         2952    i.mpu_dmp_get_data  inv_mpu.o
    0x080042c8   0x080042c8   0x00000098   Code   RO         2953    i.mpu_dmp_init      inv_mpu.o
    0x08004360   0x08004360   0x0000004c   Code   RO         2954    i.mpu_get_accel_fsr  inv_mpu.o
    0x080043ac   0x080043ac   0x00000054   Code   RO         2956    i.mpu_get_accel_sens  inv_mpu.o
    0x08004400   0x08004400   0x00000010   Code   RO         2961    i.mpu_get_fifo_config  inv_mpu.o
    0x08004410   0x08004410   0x00000044   Code   RO         2962    i.mpu_get_gyro_fsr  inv_mpu.o
    0x08004454   0x08004454   0x00000050   Code   RO         2964    i.mpu_get_gyro_sens  inv_mpu.o
    0x080044a4   0x080044a4   0x00000050   Code   RO         2966    i.mpu_get_lpf       inv_mpu.o
    0x080044f4   0x080044f4   0x00000020   Code   RO         2968    i.mpu_get_sample_rate  inv_mpu.o
    0x08004514   0x08004514   0x000001f0   Code   RO         2970    i.mpu_init          inv_mpu.o
    0x08004704   0x08004704   0x000000b8   Code   RO         2971    i.mpu_load_firmware  inv_mpu.o
    0x080047bc   0x080047bc   0x000000e0   Code   RO         2972    i.mpu_lp_accel_mode  inv_mpu.o
    0x0800489c   0x0800489c   0x000000c0   Code   RO         2975    i.mpu_read_fifo_stream  inv_mpu.o
    0x0800495c   0x0800495c   0x00000080   Code   RO         2976    i.mpu_read_mem      inv_mpu.o
    0x080049dc   0x080049dc   0x000001c8   Code   RO         2979    i.mpu_reset_fifo    inv_mpu.o
    0x08004ba4   0x08004ba4   0x0000011c   Code   RO         2980    i.mpu_run_self_test  inv_mpu.o
    0x08004cc0   0x08004cc0   0x00000084   Code   RO         2982    i.mpu_set_accel_fsr  inv_mpu.o
    0x08004d44   0x08004d44   0x0000014c   Code   RO         2983    i.mpu_set_bypass    inv_mpu.o
    0x08004e90   0x08004e90   0x00000090   Code   RO         2985    i.mpu_set_dmp_state  inv_mpu.o
    0x08004f20   0x08004f20   0x00000088   Code   RO         2986    i.mpu_set_gyro_fsr  inv_mpu.o
    0x08004fa8   0x08004fa8   0x0000006c   Code   RO         2987    i.mpu_set_int_latched  inv_mpu.o
    0x08005014   0x08005014   0x00000084   Code   RO         2989    i.mpu_set_lpf       inv_mpu.o
    0x08005098   0x08005098   0x0000009c   Code   RO         2990    i.mpu_set_sample_rate  inv_mpu.o
    0x08005134   0x08005134   0x000000d0   Code   RO         2991    i.mpu_set_sensors   inv_mpu.o
    0x08005204   0x08005204   0x00000080   Code   RO         2992    i.mpu_write_mem     inv_mpu.o
    0x08005284   0x08005284   0x000000c0   Code   RO         1806    i.prvAddCurrentTaskToDelayedList  tasks.o
    0x08005344   0x08005344   0x000000e4   Code   RO         1807    i.prvAddNewTaskToReadyList  tasks.o
    0x08005428   0x08005428   0x00000048   Code   RO         1808    i.prvCheckTasksWaitingTermination  tasks.o
    0x08005470   0x08005470   0x00000012   Code   RO         1809    i.prvDeleteTCB      tasks.o
    0x08005482   0x08005482   0x00000002   PAD
    0x08005484   0x08005484   0x0000007c   Code   RO         2118    i.prvHeapInit       heap_4.o
    0x08005500   0x08005500   0x00000028   Code   RO         1810    i.prvIdleTask       tasks.o
    0x08005528   0x08005528   0x0000008a   Code   RO         1811    i.prvInitialiseNewTask  tasks.o
    0x080055b2   0x080055b2   0x00000002   PAD
    0x080055b4   0x080055b4   0x00000068   Code   RO         1812    i.prvInitialiseTaskLists  tasks.o
    0x0800561c   0x0800561c   0x00000068   Code   RO         2119    i.prvInsertBlockIntoFreeList  heap_4.o
    0x08005684   0x08005684   0x00000030   Code   RO         1813    i.prvResetNextTaskUnblockTime  tasks.o
    0x080056b4   0x080056b4   0x00000016   Code   RO         2174    i.prvTaskExitError  port.o
    0x080056ca   0x080056ca   0x00000002   PAD
    0x080056cc   0x080056cc   0x000000fc   Code   RO         2120    i.pvPortMalloc      heap_4.o
    0x080057c8   0x080057c8   0x00000024   Code   RO         2175    i.pxPortInitialiseStack  port.o
    0x080057ec   0x080057ec   0x00000098   Code   RO         2993    i.run_self_test     inv_mpu.o
    0x08005884   0x08005884   0x00000090   Code   RO         2994    i.set_int_enable    inv_mpu.o
    0x08005914   0x08005914   0x0000004c   Code   RO         4245    i.sqrt              m_ws.l(sqrt.o)
    0x08005960   0x08005960   0x00000028   Code   RO         1487    i.uxListRemove      list.o
    0x08005988   0x08005988   0x00000002   Code   RO         3826    i.vBluetooth        taskmanage.o
    0x0800598a   0x0800598a   0x0000001a   Code   RO         1488    i.vListInitialise   list.o
    0x080059a4   0x080059a4   0x00000006   Code   RO         1489    i.vListInitialiseItem  list.o
    0x080059aa   0x080059aa   0x00000034   Code   RO         1490    i.vListInsert       list.o
    0x080059de   0x080059de   0x00000018   Code   RO         1491    i.vListInsertEnd    list.o
    0x080059f6   0x080059f6   0x0000000a   Code   RO         3827    i.vOLED             taskmanage.o
    0x08005a00   0x08005a00   0x00000094   Code   RO         3828    i.vPID              taskmanage.o
    0x08005a94   0x08005a94   0x00000024   Code   RO         2177    i.vPortEnterCritical  port.o
    0x08005ab8   0x08005ab8   0x00000020   Code   RO         2178    i.vPortExitCritical  port.o
    0x08005ad8   0x08005ad8   0x00000058   Code   RO         2121    i.vPortFree         heap_4.o
    0x08005b30   0x08005b30   0x00000018   Code   RO         2179    i.vPortSetupTimerInterrupt  port.o
    0x08005b48   0x08005b48   0x000000d0   Code   RO         3829    i.vStart            taskmanage.o
    0x08005c18   0x08005c18   0x00000034   Code   RO         1821    i.vTaskDelay        tasks.o
    0x08005c4c   0x08005c4c   0x000000cc   Code   RO         1822    i.vTaskDelete       tasks.o
    0x08005d18   0x08005d18   0x00000024   Code   RO         3830    i.vTaskFunction     taskmanage.o
    0x08005d3c   0x08005d3c   0x0000006c   Code   RO         1833    i.vTaskStartScheduler  tasks.o
    0x08005da8   0x08005da8   0x00000010   Code   RO         1835    i.vTaskSuspendAll   tasks.o
    0x08005db8   0x08005db8   0x00000060   Code   RO         1836    i.vTaskSwitchContext  tasks.o
    0x08005e18   0x08005e18   0x00000034   Code   RO         2180    i.xPortStartScheduler  port.o
    0x08005e4c   0x08005e4c   0x00000034   Code   RO         2181    i.xPortSysTickHandler  port.o
    0x08005e80   0x08005e80   0x00000060   Code   RO         1839    i.xTaskCreate       tasks.o
    0x08005ee0   0x08005ee0   0x00000020   Code   RO         1846    i.xTaskGetSchedulerState  tasks.o
    0x08005f00   0x08005f00   0x00000190   Code   RO         1849    i.xTaskIncrementTick  tasks.o
    0x08006090   0x08006090   0x0000015c   Code   RO         1851    i.xTaskResumeAll    tasks.o
    0x080061ec   0x080061ec   0x00000050   Data   RO         2996    .constdata          inv_mpu.o
    0x0800623c   0x0800623c   0x00000bf6   Data   RO         3310    .constdata          inv_mpu_dmp_motion_driver.o
    0x08006e32   0x08006e32   0x000005f0   Data   RO         3526    .constdata          oled.o
    0x08007422   0x08007422   0x00000006   PAD
    0x08007428   0x08007428   0x00000050   Data   RO         3889    .constdata          m_ws.l(asin.o)
    0x08007478   0x08007478   0x00000098   Data   RO         4217    .constdata          m_ws.l(atan.o)
    0x08007510   0x08007510   0x00000008   Data   RO         4243    .constdata          m_ws.l(qnan.o)
    0x08007518   0x08007518   0x0000004d   Data   RO         2997    .conststring        inv_mpu.o
    0x08007565   0x08007565   0x00000003   PAD
    0x08007568   0x08007568   0x00000020   Data   RO         4315    Region$$Table       anon$$obj.o


    Execution Region ER_RW (Exec base: 0x20000000, Load base: 0x08007588, Size: 0x0000010c, Max: 0xffffffff, ABSOLUTE)

    Exec Addr    Load Addr    Size         Type   Attr      Idx    E Section Name        Object

    0x20000000   0x08007588   0x00000040   Data   RW         1854    .data               tasks.o
    0x20000040   0x080075c8   0x00000020   Data   RW         2127    .data               heap_4.o
    0x20000060   0x080075e8   0x00000004   Data   RW         2182    .data               port.o
    0x20000064   0x080075ec   0x00000004   Data   RW         2250    .data               delay.o
    0x20000068   0x080075f0   0x00000006   Data   RW         2484    .data               usart.o
    0x2000006e   0x080075f6   0x00000004   Data   RW         2541    .data               systick.o
    0x20000072   0x080075fa   0x00000002   PAD
    0x20000074   0x080075fc   0x00000014   Data   RW         2734    .data               system_stm32f10x.o
    0x20000088   0x08007610   0x00000035   Data   RW         2998    .data               inv_mpu.o
    0x200000bd   0x08007645   0x00000003   PAD
    0x200000c0   0x08007648   0x00000046   Data   RW         3831    .data               taskmanage.o
    0x20000106   0x0800768e   0x00000002   PAD
    0x20000108   0x08007690   0x00000004   Data   RW         4279    .data               mc_w.l(errno.o)


    Execution Region ER_ZI (Exec base: 0x2000010c, Load base: 0x08007694, Size: 0x000049a4, Max: 0xffffffff, ABSOLUTE)

    Exec Addr    Load Addr    Size         Type   Attr      Idx    E Section Name        Object

    0x2000010c        -       0x000000c8   Zero   RW         1853    .bss                tasks.o
    0x200001d4        -       0x00004400   Zero   RW         2126    .bss                heap_4.o
    0x200045d4        -       0x000000c8   Zero   RW         2483    .bss                usart.o
    0x2000469c        -       0x00000010   Zero   RW         3309    .bss                inv_mpu_dmp_motion_driver.o
    0x200046ac   0x08007694   0x00000004   PAD
    0x200046b0        -       0x00000400   Zero   RW         1349    STACK               startup_stm32f10x_md.o


==============================================================================

Image component sizes


      Code (inc. data)   RO Data    RW Data    ZI Data      Debug   Object Name

         0          0          0          0          0       8028   croutine.o
       220         26          0          4          0     215419   delay.o
        52          4          0          0          0        860   encoder.o
         0          0          0          0          0       2484   event_groups.o
       568         72          0         32      17408       3755   heap_4.o
      6860        288        157         53          0      29964   inv_mpu.o
      3096        122       3062          0         16      20190   inv_mpu_dmp_motion_driver.o
       148          0          0          0          0       2954   list.o
        24          0          0          0          0        415   main.o
       172         22          0          0          0     246657   misc.o
       688          0          0          0          0       6523   mpu6050.o
       120          6          0          0          0        596   mpu_exti.o
       678        104          0          0          0       4590   mpuiic.o
       726         22       1520          0          0       6251   oled.o
       404         48          0          4          0       8732   port.o
        36          8        236          0       1024        768   startup_stm32f10x_md.o
       148          6          0          0          0        920   stm32f10x_exti.o
       518         10          0          0          0       4963   stm32f10x_gpio.o
        36          0          0          0          0       2747   stm32f10x_it.o
        32          6          0          0          0        541   stm32f10x_rcc.o
        40          0          0          0          0       1666   stm32f10x_tim.o
        94          0          0          0          0       2652   stm32f10x_usart.o
       224         30          0          0          0       1014   sys.o
       328         28          0         20          0       1945   system_stm32f10x.o
        92         16          0          4          0       3187   systick.o
       480        198          0         70          0       3802   taskmanage.o
      2192        308          0         64        200      26358   tasks.o
       164         18          0          6        200       2832   usart.o

    ----------------------------------------------------------------------
     18158       1342       5016        264      18852     610813   Object Totals
         0          0         32          0          0          0   (incl. Generated)
        18          0          9          7          4          0   (incl. Padding)

    ----------------------------------------------------------------------

      Code (inc. data)   RO Data    RW Data    ZI Data      Debug   Library Member Name

       624         52         80          0          0        168   asin.o
       544         70        152          0          0        124   atan.o
       384         38          0          0          0        144   atan2.o
        38          6          0          0          0        272   dunder.o
        40          0          0          0          0         68   fpclassify.o
       170          0          0          0          0         96   poly.o
         0          0          8          0          0          0   qnan.o
        76          0          0          0          0         84   sqrt.o
         0          0          0          0          0          0   entry.o
         0          0          0          0          0          0   entry10a.o
         0          0          0          0          0          0   entry11a.o
         8          4          0          0          0          0   entry2.o
         4          0          0          0          0          0   entry5.o
         0          0          0          0          0          0   entry7b.o
         0          0          0          0          0          0   entry8b.o
         8          4          0          0          0          0   entry9a.o
        12          6          0          4          0         68   errno.o
        30          0          0          0          0          0   handlers.o
        36          8          0          0          0         68   init.o
         0          0          0          0          0          0   iusefp.o
        98          0          0          0          0         84   ldiv.o
        30          0          0          0          0         68   llshl.o
        36          0          0          0          0         68   llsshr.o
        32          0          0          0          0         68   llushr.o
        26          0          0          0          0         80   memcmp.o
        36          0          0          0          0        108   memseta.o
      2258         90          0          0          0        452   printfa.o
        44          0          0          0          0         80   uidiv.o
        98          0          0          0          0         92   uldiv.o
        48          0          0          0          0         68   cdrcmple.o
        20          0          0          0          0         68   cfcmple.o
        20          0          0          0          0         68   cfrcmple.o
        56          0          0          0          0         88   d2f.o
       334          0          0          0          0        148   dadd.o
       222          0          0          0          0        100   ddiv.o
       186          0          0          0          0        176   depilogue.o
        48          0          0          0          0         68   dfixul.o
       228          0          0          0          0         96   dmul.o
        46          0          0          0          0         80   dscalb.o
       162          0          0          0          0        100   dsqrt.o
        38          0          0          0          0         68   f2d.o
       176          0          0          0          0        140   fadd.o
       124          0          0          0          0         88   fdiv.o
       110          0          0          0          0        168   fepilogue.o
        50          0          0          0          0         68   ffixi.o
        40          0          0          0          0         68   ffixui.o
        18          0          0          0          0         68   fflti.o
        10          0          0          0          0         68   ffltui.o
       100          0          0          0          0         76   fmul.o

    ----------------------------------------------------------------------
      6674        278        240          4          0       4064   Library Totals
         6          0          0          0          0          0   (incl. Padding)

    ----------------------------------------------------------------------

      Code (inc. data)   RO Data    RW Data    ZI Data      Debug   Library Name

      1876        166        240          0          0        956   m_ws.l
      2756        112          0          4          0       1236   mc_w.l
      2036          0          0          0          0       1872   mf_w.l

    ----------------------------------------------------------------------
      6674        278        240          4          0       4064   Library Totals

    ----------------------------------------------------------------------

==============================================================================


      Code (inc. data)   RO Data    RW Data    ZI Data      Debug   

     24832       1620       5256        268      18852     604681   Grand Totals
     24832       1620       5256        268      18852     604681   ELF Image Totals
     24832       1620       5256        268          0          0   ROM Totals

==============================================================================

    Total RO  Size (Code + RO Data)                30088 (  29.38kB)
    Total RW  Size (RW Data + ZI Data)             19120 (  18.67kB)
    Total ROM Size (Code + RO Data + RW Data)      30356 (  29.64kB)

==============================================================================

