<html>
<body>
<pre>
<h1>µVision Build Log</h1>
<h2>Tool Versions:</h2>
IDE-Version: ¦ÌVision V5.24.2.0
Copyright (C) 2017 ARM Ltd and ARM Germany GmbH. All rights reserved.
License Information: rain 320951152@qq.com, faze, LIC=WHYH9-4LQBZ-2ZWW4-FS22T-LY2SC-IZVJQ
 
Tool Versions:
Toolchain:       MDK-ARM Plus  Version: 5.24.1
Toolchain Path:  D:\Tool\Keil5\ARM\ARMCC\Bin
C Compiler:      Armcc.exe V5.06 update 5 (build 528)
Assembler:       Armasm.exe V5.06 update 5 (build 528)
Linker/Locator:  ArmLink.exe V5.06 update 5 (build 528)
Library Manager: ArmAr.exe V5.06 update 5 (build 528)
Hex Converter:   FromElf.exe V5.06 update 5 (build 528)
CPU DLL:         SARMCM3.DLL V5.24.1
Dialog DLL:      DARMSTM.DLL V1.68.0.0
Target DLL:      STLink\ST-LINKIII-KEIL_SWO.dll V3.0.1.0
Dialog DLL:      TARMSTM.DLL V1.66.0.0
 
<h2>Project:</h2>
D:\Code\balanceCar\balanceCar2.1\steup.uvprojx
Project File Date:  07/26/2023

<h2>Output:</h2>
*** Using Compiler 'V5.06 update 5 (build 528)', folder: 'D:\Tool\Keil5\ARM\ARMCC\Bin'
Rebuild target 'Target 1'
compiling list.c...
assembling startup_stm32f10x_md.s...
compiling croutine.c...
compiling queue.c...
compiling stream_buffer.c...
compiling event_groups.c...
compiling core_cm3.c...
compiling timers.c...
compiling tasks.c...
compiling heap_4.c...
compiling port.c...
compiling system_stm32f10x.c...
compiling stm32f10x_adc.c...
compiling misc.c...
compiling stm32f10x_cec.c...
compiling stm32f10x_crc.c...
compiling stm32f10x_bkp.c...
compiling stm32f10x_can.c...
compiling stm32f10x_dbgmcu.c...
compiling stm32f10x_dac.c...
compiling stm32f10x_dma.c...
compiling stm32f10x_exti.c...
compiling stm32f10x_flash.c...
compiling stm32f10x_fsmc.c...
compiling stm32f10x_i2c.c...
compiling stm32f10x_gpio.c...
compiling stm32f10x_iwdg.c...
compiling stm32f10x_pwr.c...
compiling stm32f10x_rcc.c...
compiling stm32f10x_rtc.c...
compiling stm32f10x_sdio.c...
compiling stm32f10x_spi.c...
compiling stm32f10x_usart.c...
compiling stm32f10x_tim.c...
compiling stm32f10x_wwdg.c...
compiling sys.c...
compiling delay.c...
compiling main.c...
User\main.c(20): warning:  #223-D: function "MPU_Init" declared implicitly
  	MPU_Init();
User\main.c: 1 warning, 0 errors
compiling stm32f10x_it.c...
compiling Application_PID.c...
compiling TaskManage.c...
Application\TaskManage.c(44): warning:  #550-D: variable "Encoder_Left"  was set but never used
  	int Encoder_Left,Encoder_Right;
Application\TaskManage.c(44): warning:  #550-D: variable "Encoder_Right"  was set but never used
  	int Encoder_Left,Encoder_Right;
Application\TaskManage.c: 2 warnings, 0 errors
compiling PWM.c...
compiling OLED.c...
compiling Encoder.c...
compiling Motor.c...
compiling Bluetooth.c...
compiling mpu6050.c...
compiling mpuiic.c...
compiling inv_mpu_dmp_motion_driver.c...
compiling inv_mpu.c...
Hardware\mpu6050\eMPL\inv_mpu.c(689): warning:  #223-D: function "MPU_Write_Len" declared implicitly
          if (
Hardware\mpu6050\eMPL\inv_mpu.c(701): warning:  #223-D: function "MPU_Write_Len" declared implicitly
          if (
Hardware\mpu6050\eMPL\inv_mpu.c(720): warning:  #223-D: function "MPU_Read_Len" declared implicitly
          if (
Hardware\mpu6050\eMPL\inv_mpu.c(740): warning:  #223-D: function "MPU_Read_Len" declared implicitly
      return 
Hardware\mpu6050\eMPL\inv_mpu.c(762): warning:  #223-D: function "MPU_Write_Len" declared implicitly
      if (
Hardware\mpu6050\eMPL\inv_mpu.c(768): warning:  #223-D: function "MPU_Write_Len" declared implicitly
      if (
Hardware\mpu6050\eMPL\inv_mpu.c(773): warning:  #223-D: function "MPU_Read_Len" declared implicitly
      if (
Hardware\mpu6050\eMPL\inv_mpu.c(789): warning:  #223-D: function "MPU_Read_Len" declared implicitly
          if (
Hardware\mpu6050\eMPL\inv_mpu.c(898): warning:  #223-D: function "MPU_Write_Len" declared implicitly
          if (
Hardware\mpu6050\eMPL\inv_mpu.c(927): warning:  #223-D: function "MPU_Write_Len" declared implicitly
      if (
Hardware\mpu6050\eMPL\inv_mpu.c(978): warning:  #223-D: function "MPU_Read_Len" declared implicitly
      if (
Hardware\mpu6050\eMPL\inv_mpu.c(1001): warning:  #223-D: function "MPU_Read_Len" declared implicitly
      if (
Hardware\mpu6050\eMPL\inv_mpu.c(1025): warning:  #223-D: function "MPU_Read_Len" declared implicitly
      if (
Hardware\mpu6050\eMPL\inv_mpu.c(1054): warning:  #223-D: function "MPU_Read_Len" declared implicitly
      if (
Hardware\mpu6050\eMPL\inv_mpu.c(1064): warning:  #223-D: function "MPU_Read_Len" declared implicitly
      if (
Hardware\mpu6050\eMPL\inv_mpu.c(1082): warning:  #223-D: function "MPU_Write_Len" declared implicitly
      if (
Hardware\mpu6050\eMPL\inv_mpu.c(1099): warning:  #223-D: function "MPU_Write_Len" declared implicitly
      if (
Hardware\mpu6050\eMPL\inv_mpu.c(1101): warning:  #223-D: function "MPU_Write_Len" declared implicitly
      if (
Hardware\mpu6050\eMPL\inv_mpu.c(1103): warning:  #223-D: function "MPU_Write_Len" declared implicitly
      if (
Hardware\mpu6050\eMPL\inv_mpu.c(1108): warning:  #223-D: function "MPU_Write_Len" declared implicitly
          if (
Hardware\mpu6050\eMPL\inv_mpu.c(1114): warning:  #223-D: function "MPU_Write_Len" declared implicitly
          if (
Hardware\mpu6050\eMPL\inv_mpu.c(1120): warning:  #223-D: function "MPU_Write_Len" declared implicitly
          if (
Hardware\mpu6050\eMPL\inv_mpu.c(1123): warning:  #223-D: function "MPU_Write_Len" declared implicitly
          if (
Hardware\mpu6050\eMPL\inv_mpu.c(1127): warning:  #223-D: function "MPU_Write_Len" declared implicitly
          if (
Hardware\mpu6050\eMPL\inv_mpu.c(1133): warning:  #223-D: function "MPU_Write_Len" declared implicitly
          if (
Hardware\mpu6050\eMPL\inv_mpu.c(1140): warning:  #223-D: function "MPU_Write_Len" declared implicitly
          if (
Hardware\mpu6050\eMPL\inv_mpu.c(1142): warning:  #223-D: function "MPU_Write_Len" declared implicitly
          if (
Hardware\mpu6050\eMPL\inv_mpu.c(1206): warning:  #223-D: function "MPU_Write_Len" declared implicitly
      if (
Hardware\mpu6050\eMPL\inv_mpu.c(1271): warning:  #223-D: function "MPU_Write_Len" declared implicitly
      if (
Hardware\mpu6050\eMPL\inv_mpu.c(1340): warning:  #223-D: function "MPU_Write_Len" declared implicitly
      if (
Hardware\mpu6050\eMPL\inv_mpu.c(1393): warning:  #223-D: function "MPU_Write_Len" declared implicitly
          if (
Hardware\mpu6050\eMPL\inv_mpu.c(1604): warning:  #223-D: function "MPU_Write_Len" declared implicitly
      if (
Hardware\mpu6050\eMPL\inv_mpu.c(1619): warning:  #223-D: function "MPU_Write_Len" declared implicitly
      if (
Hardware\mpu6050\eMPL\inv_mpu.c(1673): warning:  #223-D: function "MPU_Read_Len" declared implicitly
      if (
Hardware\mpu6050\eMPL\inv_mpu.c(1723): warning:  #223-D: function "MPU_Read_Len" declared implicitly
      if (
Hardware\mpu6050\eMPL\inv_mpu.c(1731): warning:  #223-D: function "MPU_Read_Len" declared implicitly
          if (
Hardware\mpu6050\eMPL\inv_mpu.c(1740): warning:  #223-D: function "MPU_Read_Len" declared implicitly
      if (
Hardware\mpu6050\eMPL\inv_mpu.c(1788): warning:  #223-D: function "MPU_Read_Len" declared implicitly
      if (
Hardware\mpu6050\eMPL\inv_mpu.c(1797): warning:  #223-D: function "MPU_Read_Len" declared implicitly
          if (
Hardware\mpu6050\eMPL\inv_mpu.c(1805): warning:  #223-D: function "MPU_Read_Len" declared implicitly
      if (
Hardware\mpu6050\eMPL\inv_mpu.c(1824): warning:  #223-D: function "MPU_Read_Len" declared implicitly
          if (
Hardware\mpu6050\eMPL\inv_mpu.c(1827): warning:  #223-D: function "MPU_Write_Len" declared implicitly
          if (
Hardware\mpu6050\eMPL\inv_mpu.c(1835): warning:  #223-D: function "MPU_Write_Len" declared implicitly
          if (
Hardware\mpu6050\eMPL\inv_mpu.c(1839): warning:  #223-D: function "MPU_Read_Len" declared implicitly
          if (
Hardware\mpu6050\eMPL\inv_mpu.c(1845): warning:  #223-D: function "MPU_Write_Len" declared implicitly
          if (
Hardware\mpu6050\eMPL\inv_mpu.c(1854): warning:  #223-D: function "MPU_Write_Len" declared implicitly
          if (
Hardware\mpu6050\eMPL\inv_mpu.c(1892): warning:  #223-D: function "MPU_Write_Len" declared implicitly
      if (
Hardware\mpu6050\eMPL\inv_mpu.c(1903): warning:  #223-D: function "MPU_Read_Len" declared implicitly
      if (
Hardware\mpu6050\eMPL\inv_mpu.c(1950): warning:  #223-D: function "MPU_Read_Len" declared implicitly
      if (
Hardware\mpu6050\eMPL\inv_mpu.c(2036): warning:  #223-D: function "MPU_Write_Len" declared implicitly
      if (
Hardware\mpu6050\eMPL\inv_mpu.c(2040): warning:  #223-D: function "MPU_Write_Len" declared implicitly
      if (
Hardware\mpu6050\eMPL\inv_mpu.c(2042): warning:  #223-D: function "MPU_Write_Len" declared implicitly
      if (
Hardware\mpu6050\eMPL\inv_mpu.c(2044): warning:  #223-D: function "MPU_Write_Len" declared implicitly
      if (
Hardware\mpu6050\eMPL\inv_mpu.c(2046): warning:  #223-D: function "MPU_Write_Len" declared implicitly
      if (
Hardware\mpu6050\eMPL\inv_mpu.c(2048): warning:  #223-D: function "MPU_Write_Len" declared implicitly
      if (
Hardware\mpu6050\eMPL\inv_mpu.c(2051): warning:  #223-D: function "MPU_Write_Len" declared implicitly
      if (
Hardware\mpu6050\eMPL\inv_mpu.c(2055): warning:  #223-D: function "MPU_Write_Len" declared implicitly
      if (
Hardware\mpu6050\eMPL\inv_mpu.c(2058): warning:  #223-D: function "MPU_Write_Len" declared implicitly
      if (
Hardware\mpu6050\eMPL\inv_mpu.c(2064): warning:  #223-D: function "MPU_Write_Len" declared implicitly
      if (
Hardware\mpu6050\eMPL\inv_mpu.c(2071): warning:  #223-D: function "MPU_Write_Len" declared implicitly
      if (
Hardware\mpu6050\eMPL\inv_mpu.c(2078): warning:  #223-D: function "MPU_Write_Len" declared implicitly
      if (
Hardware\mpu6050\eMPL\inv_mpu.c(2082): warning:  #223-D: function "MPU_Write_Len" declared implicitly
      if (
Hardware\mpu6050\eMPL\inv_mpu.c(2086): warning:  #223-D: function "MPU_Write_Len" declared implicitly
      if (
Hardware\mpu6050\eMPL\inv_mpu.c(2089): warning:  #223-D: function "MPU_Read_Len" declared implicitly
      if (
Hardware\mpu6050\eMPL\inv_mpu.c(2099): warning:  #223-D: function "MPU_Read_Len" declared implicitly
          if (
Hardware\mpu6050\eMPL\inv_mpu.c(2287): warning:  #223-D: function "MPU_Write_Len" declared implicitly
      if (
Hardware\mpu6050\eMPL\inv_mpu.c(2289): warning:  #223-D: function "MPU_Write_Len" declared implicitly
      if (
Hardware\mpu6050\eMPL\inv_mpu.c(2320): warning:  #223-D: function "MPU_Write_Len" declared implicitly
      if (
Hardware\mpu6050\eMPL\inv_mpu.c(2322): warning:  #223-D: function "MPU_Read_Len" declared implicitly
      if (
Hardware\mpu6050\eMPL\inv_mpu.c(2363): warning:  #223-D: function "MPU_Write_Len" declared implicitly
      if (
Hardware\mpu6050\eMPL\inv_mpu.c(2393): warning:  #223-D: function "MPU_Write_Len" declared implicitly
          
Hardware\mpu6050\eMPL\inv_mpu.c(2403): warning:  #223-D: function "MPU_Write_Len" declared implicitly
          
Hardware\mpu6050\eMPL\inv_mpu.c(2708): warning:  #223-D: function "MPU_Write_Len" declared implicitly
          if (
Hardware\mpu6050\eMPL\inv_mpu.c(2719): warning:  #223-D: function "MPU_Write_Len" declared implicitly
          if (
Hardware\mpu6050\eMPL\inv_mpu.c(2725): warning:  #223-D: function "MPU_Write_Len" declared implicitly
          if (
Hardware\mpu6050\eMPL\inv_mpu.c(2731): warning:  #223-D: function "MPU_Write_Len" declared implicitly
          if (
Hardware\mpu6050\eMPL\inv_mpu.c(2745): warning:  #223-D: function "MPU_Write_Len" declared implicitly
          if (
Hardware\mpu6050\eMPL\inv_mpu.c: 77 warnings, 0 errors
linking...
Program Size: Code=23782 RO-data=5042 RW-data=236 ZI-data=19508  
FromELF: creating hex file...
".\Objects\steup.axf" - 0 Error(s), 80 Warning(s).

<h2>Software Packages used:</h2>

Package Vendor: Keil
                http://www.keil.com/pack/Keil.STM32F1xx_DFP.2.2.0.pack
                Keil.STM32F1xx_DFP.2.2.0
                STMicroelectronics STM32F1 Series Device Support, Drivers and Examples

<h2>Collection of Component include folders:</h2>
  .\RTE\_Target_1
  D:\Tool\Keil5\ARM\PACK\Keil\STM32F1xx_DFP\2.2.0\Device\Include

<h2>Collection of Component Files used:</h2>
Build Time Elapsed:  00:00:12
</pre>
</body>
</html>
